Archive member included to satisfy reference by file (symbol)

C:\dev\STM32_Projects\CSP-CAN-FreeRTOS\csp_build\libcsp.a(csp_buffer.c.2.o)
                              ./CAN Interface/src/csp_if_can_stm32.o (csp_buffer_get_isr)
C:\dev\STM32_Projects\CSP-CAN-FreeRTOS\csp_build\libcsp.a(csp_conn.c.2.o)
                              ./Core/Src/main.o (csp_close)
C:\dev\STM32_Projects\CSP-CAN-FreeRTOS\csp_build\libcsp.a(csp_debug.c.2.o)
                              ./CAN Driver/src/can_stm32.o (do_csp_debug)
C:\dev\STM32_Projects\CSP-CAN-FreeRTOS\csp_build\libcsp.a(csp_endian.c.2.o)
                              ./CAN Interface/src/csp_if_can_stm32.o (csp_hton16)
C:\dev\STM32_Projects\CSP-CAN-FreeRTOS\csp_build\libcsp.a(csp_iflist.c.2.o)
                              ./CAN Interface/src/csp_if_can_stm32.o (csp_iflist_add)
C:\dev\STM32_Projects\CSP-CAN-FreeRTOS\csp_build\libcsp.a(csp_init.c.2.o)
                              ./Core/Src/main.o (csp_init)
C:\dev\STM32_Projects\CSP-CAN-FreeRTOS\csp_build\libcsp.a(csp_io.c.2.o)
                              ./Core/Src/main.o (csp_send)
C:\dev\STM32_Projects\CSP-CAN-FreeRTOS\csp_build\libcsp.a(csp_port.c.2.o)
                              C:\dev\STM32_Projects\CSP-CAN-FreeRTOS\csp_build\libcsp.a(csp_init.c.2.o) (csp_port_init)
C:\dev\STM32_Projects\CSP-CAN-FreeRTOS\csp_build\libcsp.a(csp_promisc.c.2.o)
                              ./Core/Src/main.o (csp_promisc_enable)
C:\dev\STM32_Projects\CSP-CAN-FreeRTOS\csp_build\libcsp.a(csp_qfifo.c.2.o)
                              C:\dev\STM32_Projects\CSP-CAN-FreeRTOS\csp_build\libcsp.a(csp_init.c.2.o) (csp_qfifo_init)
C:\dev\STM32_Projects\CSP-CAN-FreeRTOS\csp_build\libcsp.a(csp_route.c.2.o)
                              ./Core/Src/main.o (csp_route_start_task)
C:\dev\STM32_Projects\CSP-CAN-FreeRTOS\csp_build\libcsp.a(csp_if_can_pbuf.c.2.o)
                              ./CAN Interface/src/csp_if_can_stm32.o (csp_can_pbuf_free)
C:\dev\STM32_Projects\CSP-CAN-FreeRTOS\csp_build\libcsp.a(csp_if_lo.c.2.o)
                              C:\dev\STM32_Projects\CSP-CAN-FreeRTOS\csp_build\libcsp.a(csp_init.c.2.o) (csp_if_lo)
C:\dev\STM32_Projects\CSP-CAN-FreeRTOS\csp_build\libcsp.a(csp_rtable.c.2.o)
                              ./Core/Src/main.o (csp_rtable_set)
C:\dev\STM32_Projects\CSP-CAN-FreeRTOS\csp_build\libcsp.a(csp_rtable_static.c.2.o)
                              C:\dev\STM32_Projects\CSP-CAN-FreeRTOS\csp_build\libcsp.a(csp_io.c.2.o) (csp_rtable_find_route)
C:\dev\STM32_Projects\CSP-CAN-FreeRTOS\csp_build\libcsp.a(csp_udp.c.2.o)
                              C:\dev\STM32_Projects\CSP-CAN-FreeRTOS\csp_build\libcsp.a(csp_route.c.2.o) (csp_udp_new_packet)
C:\dev\STM32_Projects\CSP-CAN-FreeRTOS\csp_build\libcsp.a(csp_time.c.2.o)
                              C:\dev\STM32_Projects\CSP-CAN-FreeRTOS\csp_build\libcsp.a(csp_init.c.2.o) (csp_get_uptime_s)
C:\dev\STM32_Projects\CSP-CAN-FreeRTOS\csp_build\libcsp.a(csp_malloc.c.2.o)
                              C:\dev\STM32_Projects\CSP-CAN-FreeRTOS\csp_build\libcsp.a(csp_buffer.c.2.o) (csp_malloc)
C:\dev\STM32_Projects\CSP-CAN-FreeRTOS\csp_build\libcsp.a(csp_queue.c.2.o)
                              C:\dev\STM32_Projects\CSP-CAN-FreeRTOS\csp_build\libcsp.a(csp_buffer.c.2.o) (csp_queue_create)
C:\dev\STM32_Projects\CSP-CAN-FreeRTOS\csp_build\libcsp.a(csp_semaphore.c.2.o)
                              C:\dev\STM32_Projects\CSP-CAN-FreeRTOS\csp_build\libcsp.a(csp_conn.c.2.o) (csp_bin_sem_create)
C:\dev\STM32_Projects\CSP-CAN-FreeRTOS\csp_build\libcsp.a(csp_system.c.2.o)
                              C:\dev\STM32_Projects\CSP-CAN-FreeRTOS\csp_build\libcsp.a(csp_debug.c.2.o) (csp_sys_set_color)
C:\dev\STM32_Projects\CSP-CAN-FreeRTOS\csp_build\libcsp.a(csp_thread.c.2.o)
                              C:\dev\STM32_Projects\CSP-CAN-FreeRTOS\csp_build\libcsp.a(csp_route.c.2.o) (csp_thread_create)
C:\dev\STM32_Projects\CSP-CAN-FreeRTOS\csp_build\libcsp.a(csp_time.c.2.o)
                              C:\dev\STM32_Projects\CSP-CAN-FreeRTOS\csp_build\libcsp.a(csp_conn.c.2.o) (csp_get_ms)
c:/st/stm32cubeide_1.12.0/stm32cubeide/plugins/com.st.stm32cube.ide.mcu.externaltools.gnu-tools-for-stm32.10.3-2021.10.win32_1.0.200.202301161003/tools/bin/../lib/gcc/arm-none-eabi/10.3.1/../../../../arm-none-eabi/lib/thumb/v7e-m+fp/hard\libc_nano.a(lib_a-errno.o)
                              ./Core/Src/syscalls.o (__errno)
c:/st/stm32cubeide_1.12.0/stm32cubeide/plugins/com.st.stm32cube.ide.mcu.externaltools.gnu-tools-for-stm32.10.3-2021.10.win32_1.0.200.202301161003/tools/bin/../lib/gcc/arm-none-eabi/10.3.1/../../../../arm-none-eabi/lib/thumb/v7e-m+fp/hard\libc_nano.a(lib_a-exit.o)
                              c:/st/stm32cubeide_1.12.0/stm32cubeide/plugins/com.st.stm32cube.ide.mcu.externaltools.gnu-tools-for-stm32.10.3-2021.10.win32_1.0.200.202301161003/tools/bin/../lib/gcc/arm-none-eabi/10.3.1/../../../../arm-none-eabi/lib/thumb/v7e-m+fp/hard/crt0.o (exit)
[...]
Memory Configuration

Name             Origin             Length             Attributes
RAM              0x0000000020000000 0x0000000000050000 xrw
FLASH            0x0000000008000000 0x0000000000100000 xr
*default*        0x0000000000000000 0xffffffffffffffff

Linker script and memory map

LOAD c:/st/stm32cubeide_1.12.0/stm32cubeide/plugins/com.st.stm32cube.ide.mcu.externaltools.gnu-tools-for-stm32.10.3-2021.10.win32_1.0.200.202301161003/tools/bin/../lib/gcc/arm-none-eabi/10.3.1/thumb/v7e-m+fp/hard/crti.o
LOAD c:/st/stm32cubeide_1.12.0/stm32cubeide/plugins/com.st.stm32cube.ide.mcu.externaltools.gnu-tools-for-stm32.10.3-2021.10.win32_1.0.200.202301161003/tools/bin/../lib/gcc/arm-none-eabi/10.3.1/thumb/v7e-m+fp/hard/crtbegin.o
LOAD c:/st/stm32cubeide_1.12.0/stm32cubeide/plugins/com.st.stm32cube.ide.mcu.externaltools.gnu-tools-for-stm32.10.3-2021.10.win32_1.0.200.202301161003/tools/bin/../lib/gcc/arm-none-eabi/10.3.1/../../../../arm-none-eabi/lib/thumb/v7e-m+fp/hard/crt0.o
LOAD ./CAN Driver/src/can_stm32.o
LOAD ./CAN Interface/src/csp_if_can_stm32.o
LOAD ./Core/Src/freertos.o
LOAD ./Core/Src/main.o
LOAD ./Core/Src/stm32f7xx_hal_msp.o
LOAD ./Core/Src/stm32f7xx_hal_timebase_tim.o
LOAD ./Core/Src/stm32f7xx_it.o
LOAD ./Core/Src/syscalls.o
LOAD ./Core/Src/sysmem.o
LOAD ./Core/Src/system_stm32f7xx.o
LOAD ./Core/Startup/startup_stm32f746zgtx.o
LOAD ./Drivers/STM32F7xx_HAL_Driver/Src/stm32f7xx_hal.o
LOAD ./Drivers/STM32F7xx_HAL_Driver/Src/stm32f7xx_hal_can.o
LOAD ./Drivers/STM32F7xx_HAL_Driver/Src/stm32f7xx_hal_cortex.o
LOAD ./Drivers/STM32F7xx_HAL_Driver/Src/stm32f7xx_hal_dma.o
LOAD ./Drivers/STM32F7xx_HAL_Driver/Src/stm32f7xx_hal_dma_ex.o
LOAD ./Drivers/STM32F7xx_HAL_Driver/Src/stm32f7xx_hal_eth.o
LOAD ./Drivers/STM32F7xx_HAL_Driver/Src/stm32f7xx_hal_exti.o
LOAD ./Drivers/STM32F7xx_HAL_Driver/Src/stm32f7xx_hal_flash.o
LOAD ./Drivers/STM32F7xx_HAL_Driver/Src/stm32f7xx_hal_flash_ex.o
LOAD ./Drivers/STM32F7xx_HAL_Driver/Src/stm32f7xx_hal_gpio.o
LOAD ./Drivers/STM32F7xx_HAL_Driver/Src/stm32f7xx_hal_i2c.o
LOAD ./Drivers/STM32F7xx_HAL_Driver/Src/stm32f7xx_hal_i2c_ex.o
LOAD ./Drivers/STM32F7xx_HAL_Driver/Src/stm32f7xx_hal_pcd.o
LOAD ./Drivers/STM32F7xx_HAL_Driver/Src/stm32f7xx_hal_pcd_ex.o
LOAD ./Drivers/STM32F7xx_HAL_Driver/Src/stm32f7xx_hal_pwr.o
LOAD ./Drivers/STM32F7xx_HAL_Driver/Src/stm32f7xx_hal_pwr_ex.o
LOAD ./Drivers/STM32F7xx_HAL_Driver/Src/stm32f7xx_hal_rcc.o
LOAD ./Drivers/STM32F7xx_HAL_Driver/Src/stm32f7xx_hal_rcc_ex.o
LOAD ./Drivers/STM32F7xx_HAL_Driver/Src/stm32f7xx_hal_tim.o
LOAD ./Drivers/STM32F7xx_HAL_Driver/Src/stm32f7xx_hal_tim_ex.o
LOAD ./Drivers/STM32F7xx_HAL_Driver/Src/stm32f7xx_hal_uart.o
LOAD ./Drivers/STM32F7xx_HAL_Driver/Src/stm32f7xx_hal_uart_ex.o
LOAD ./Drivers/STM32F7xx_HAL_Driver/Src/stm32f7xx_ll_usb.o
LOAD ./Middlewares/Third_Party/FreeRTOS/Source/CMSIS_RTOS_V2/cmsis_os2.o
LOAD ./Middlewares/Third_Party/FreeRTOS/Source/croutine.o
LOAD ./Middlewares/Third_Party/FreeRTOS/Source/event_groups.o
LOAD ./Middlewares/Third_Party/FreeRTOS/Source/list.o
LOAD ./Middlewares/Third_Party/FreeRTOS/Source/queue.o
LOAD ./Middlewares/Third_Party/FreeRTOS/Source/stream_buffer.o
LOAD ./Middlewares/Third_Party/FreeRTOS/Source/tasks.o
LOAD ./Middlewares/Third_Party/FreeRTOS/Source/timers.o
LOAD ./Middlewares/Third_Party/FreeRTOS/Source/portable/GCC/ARM_CM7/r0p1/port.o
LOAD ./Middlewares/Third_Party/FreeRTOS/Source/portable/MemMang/heap_4.o
LOAD C:\dev\STM32_Projects\CSP-CAN-FreeRTOS\csp_build\libcsp.a
START GROUP
LOAD c:/st/stm32cubeide_1.12.0/stm32cubeide/plugins/com.st.stm32cube.ide.mcu.externaltools.gnu-tools-for-stm32.10.3-2021.10.win32_1.0.200.202301161003/tools/bin/../lib/gcc/arm-none-eabi/10.3.1/../../../../arm-none-eabi/lib/thumb/v7e-m+fp/hard\libc_nano.a
LOAD c:/st/stm32cubeide_1.12.0/stm32cubeide/plugins/com.st.stm32cube.ide.mcu.externaltools.gnu-tools-for-stm32.10.3-2021.10.win32_1.0.200.202301161003/tools/bin/../lib/gcc/arm-none-eabi/10.3.1/../../../../arm-none-eabi/lib/thumb/v7e-m+fp/hard\libm.a
END GROUP
START GROUP
LOAD c:/st/stm32cubeide_1.12.0/stm32cubeide/plugins/com.st.stm32cube.ide.mcu.externaltools.gnu-tools-for-stm32.10.3-2021.10.win32_1.0.200.202301161003/tools/bin/../lib/gcc/arm-none-eabi/10.3.1/thumb/v7e-m+fp/hard\libgcc.a
LOAD c:/st/stm32cubeide_1.12.0/stm32cubeide/plugins/com.st.stm32cube.ide.mcu.externaltools.gnu-tools-for-stm32.10.3-2021.10.win32_1.0.200.202301161003/tools/bin/../lib/gcc/arm-none-eabi/10.3.1/../../../../arm-none-eabi/lib/thumb/v7e-m+fp/hard\libc_nano.a
END GROUP
START GROUP
LOAD c:/st/stm32cubeide_1.12.0/stm32cubeide/plugins/com.st.stm32cube.ide.mcu.externaltools.gnu-tools-for-stm32.10.3-2021.10.win32_1.0.200.202301161003/tools/bin/../lib/gcc/arm-none-eabi/10.3.1/thumb/v7e-m+fp/hard\libgcc.a
LOAD c:/st/stm32cubeide_1.12.0/stm32cubeide/plugins/com.st.stm32cube.ide.mcu.externaltools.gnu-tools-for-stm32.10.3-2021.10.win32_1.0.200.202301161003/tools/bin/../lib/gcc/arm-none-eabi/10.3.1/../../../../arm-none-eabi/lib/thumb/v7e-m+fp/hard\libc_nano.a
LOAD c:/st/stm32cubeide_1.12.0/stm32cubeide/plugins/com.st.stm32cube.ide.mcu.externaltools.gnu-tools-for-stm32.10.3-2021.10.win32_1.0.200.202301161003/tools/bin/../lib/gcc/arm-none-eabi/10.3.1/../../../../arm-none-eabi/lib/thumb/v7e-m+fp/hard\libnosys.a
END GROUP
START GROUP
LOAD c:/st/stm32cubeide_1.12.0/stm32cubeide/plugins/com.st.stm32cube.ide.mcu.externaltools.gnu-tools-for-stm32.10.3-2021.10.win32_1.0.200.202301161003/tools/bin/../lib/gcc/arm-none-eabi/10.3.1/thumb/v7e-m+fp/hard\libgcc.a
LOAD c:/st/stm32cubeide_1.12.0/stm32cubeide/plugins/com.st.stm32cube.ide.mcu.externaltools.gnu-tools-for-stm32.10.3-2021.10.win32_1.0.200.202301161003/tools/bin/../lib/gcc/arm-none-eabi/10.3.1/../../../../arm-none-eabi/lib/thumb/v7e-m+fp/hard\libc_nano.a
LOAD c:/st/stm32cubeide_1.12.0/stm32cubeide/plugins/com.st.stm32cube.ide.mcu.externaltools.gnu-tools-for-stm32.10.3-2021.10.win32_1.0.200.202301161003/tools/bin/../lib/gcc/arm-none-eabi/10.3.1/../../../../arm-none-eabi/lib/thumb/v7e-m+fp/hard\libnosys.a
END GROUP
LOAD c:/st/stm32cubeide_1.12.0/stm32cubeide/plugins/com.st.stm32cube.ide.mcu.externaltools.gnu-tools-for-stm32.10.3-2021.10.win32_1.0.200.202301161003/tools/bin/../lib/gcc/arm-none-eabi/10.3.1/thumb/v7e-m+fp/hard/crtend.o
LOAD c:/st/stm32cubeide_1.12.0/stm32cubeide/plugins/com.st.stm32cube.ide.mcu.externaltools.gnu-tools-for-stm32.10.3-2021.10.win32_1.0.200.202301161003/tools/bin/../lib/gcc/arm-none-eabi/10.3.1/thumb/v7e-m+fp/hard/crtn.o
                0x0000000020050000                _estack = (ORIGIN (RAM) + LENGTH (RAM))
                0x0000000000000200                _Min_Heap_Size = 0x200
                0x0000000000000400                _Min_Stack_Size = 0x400

.isr_vector     0x0000000008000000      0x1c8
                0x0000000008000000                . = ALIGN (0x4)
 *(.isr_vector)
 .isr_vector    0x0000000008000000      0x1c8 ./Core/Startup/startup_stm32f746zgtx.o
                0x0000000008000000                g_pfnVectors
                0x00000000080001c8                . = ALIGN (0x4)

.text           0x00000000080001d0     0xdd5c
                0x00000000080001d0                . = ALIGN (0x4)
 *(.text)
 .text          0x00000000080001d0       0x40 c:/st/stm32cubeide_1.12.0/stm32cubeide/plugins/com.st.stm32cube.ide.mcu.externaltools.gnu-tools-for-stm32.10.3-2021.10.win32_1.0.200.202301161003/tools/bin/../lib/gcc/arm-none-eabi/10.3.1/thumb/v7e-m+fp/hard/crtbegin.o
 .text          0x0000000008000210      0x278 C:\dev\STM32_Projects\CSP-CAN-FreeRTOS\csp_build\libcsp.a(csp_buffer.c.2.o)
                0x0000000008000210                csp_buffer_free_resources
                0x0000000008000230                csp_buffer_init
                0x0000000008000298                csp_buffer_get_isr
                0x00000000080002d8                csp_buffer_get
                0x0000000008000368                csp_buffer_free_isr
                0x00000000080003a4                csp_buffer_free
                0x000000000800043c                csp_buffer_clone
                0x0000000008000464                csp_buffer_remaining
                0x0000000008000470                csp_buffer_size
                0x000000000800047c                csp_buffer_data_size
 .text          0x0000000008000488      0x570 C:\dev\STM32_Projects\CSP-CAN-FreeRTOS\csp_build\libcsp.a(csp_conn.c.2.o)
                0x00000000080004aa                csp_conn_check_timeouts
                0x00000000080004ac                csp_conn_get_rxq
                0x00000000080004b0                csp_conn_enqueue_packet
                0x00000000080004fc                csp_conn_init
                0x00000000080005cc                csp_conn_free_resources
                0x000000000800060c                csp_conn_find
                0x0000000008000644                csp_conn_allocate
                0x00000000080006f0                csp_conn_new
                0x0000000008000714                csp_conn_close
                0x000000000800078c                csp_close
                0x0000000008000792                csp_connect
                0x00000000080008d0                csp_conn_dport
                0x00000000080008d8                csp_conn_sport
                0x00000000080008e0                csp_conn_dst
                0x00000000080008e8                csp_conn_src
                0x00000000080008f0                csp_conn_flags
                0x00000000080008f4                csp_conn_print_table
                0x0000000008000950                csp_conn_print_table_str
                0x00000000080009e4                csp_conn_get_array
 .text          0x00000000080009f8       0xa4 C:\dev\STM32_Projects\CSP-CAN-FreeRTOS\csp_build\libcsp.a(csp_debug.c.2.o)
                0x00000000080009f8                csp_debug_hook_set
                0x0000000008000a04                do_csp_debug
                0x0000000008000a68                csp_debug_set_level
                0x0000000008000a78                csp_debug_get_level
                0x0000000008000a88                csp_debug_toggle_level
 .text          0x0000000008000a9c       0x88 C:\dev\STM32_Projects\CSP-CAN-FreeRTOS\csp_build\libcsp.a(csp_endian.c.2.o)
                0x0000000008000a9c                csp_hton16
                0x0000000008000aa2                csp_ntoh16
                0x0000000008000aa8                csp_hton32
                0x0000000008000aac                csp_ntoh32
                0x0000000008000ab0                csp_hton64
                0x0000000008000ab8                csp_ntoh64
                0x0000000008000abc                csp_htobe16
                0x0000000008000ac2                csp_htole16
                0x0000000008000ac4                csp_betoh16
                0x0000000008000aca                csp_letoh16
                0x0000000008000acc                csp_htobe32
                0x0000000008000ad0                csp_htole32
                0x0000000008000ad2                csp_betoh32
                0x0000000008000ad6                csp_letoh32
                0x0000000008000ad8                csp_htobe64
                0x0000000008000adc                csp_htole64
                0x0000000008000ade                csp_betoh64
                0x0000000008000ae2                csp_letoh64
                0x0000000008000ae4                csp_htonflt
                0x0000000008000af4                csp_ntohflt
                0x0000000008000b04                csp_htondbl
                0x0000000008000b14                csp_ntohdbl
 .text          0x0000000008000b24      0x134 C:\dev\STM32_Projects\CSP-CAN-FreeRTOS\csp_build\libcsp.a(csp_iflist.c.2.o)
                0x0000000008000b24                csp_iflist_get_by_name
                0x0000000008000b48                csp_iflist_add
                0x0000000008000b84                csp_iflist_get
                0x0000000008000b90                csp_bytesize
                0x0000000008000bf4                csp_iflist_print
 .text          0x0000000008000c58       0xac C:\dev\STM32_Projects\CSP-CAN-FreeRTOS\csp_build\libcsp.a(csp_init.c.2.o)
                0x0000000008000c58                csp_get_address
                0x0000000008000c64                csp_init
                0x0000000008000cd4                csp_free_resources
                0x0000000008000cfc                csp_get_conf
 .text          0x0000000008000d04      0x4a8 C:\dev\STM32_Projects\CSP-CAN-FreeRTOS\csp_build\libcsp.a(csp_io.c.2.o)
                0x0000000008000d04                csp_socket
                0x0000000008000dcc                csp_accept
                0x0000000008000dee                csp_read
                0x0000000008000e16                csp_send_direct
                0x0000000008000f58                csp_send
                0x0000000008000fa8                csp_send_prio
                0x0000000008000fc0                csp_transaction_persistent
                0x0000000008001060                csp_transaction_w_opts
                0x0000000008001096                csp_recvfrom
                0x00000000080010bc                csp_sendto
                0x000000000800117c                csp_sendto_reply
 .text          0x00000000080011ac      0x120 C:\dev\STM32_Projects\CSP-CAN-FreeRTOS\csp_build\libcsp.a(csp_port.c.2.o)
                0x00000000080011ac                csp_port_get_socket
                0x00000000080011e4                csp_port_init
                0x0000000008001208                csp_port_free_resources
                0x000000000800121c                csp_listen
                0x0000000008001246                csp_bind
 .text          0x00000000080012cc       0x9c C:\dev\STM32_Projects\CSP-CAN-FreeRTOS\csp_build\libcsp.a(csp_promisc.c.2.o)
                0x00000000080012cc                csp_promisc_enable
                0x00000000080012f4                csp_promisc_disable
                0x0000000008001300                csp_promisc_read
                0x0000000008001320                csp_promisc_add
 .text          0x0000000008001368      0x114 C:\dev\STM32_Projects\CSP-CAN-FreeRTOS\csp_build\libcsp.a(csp_qfifo.c.2.o)
                0x0000000008001368                csp_qfifo_init
                0x0000000008001394                csp_qfifo_free_resources
                0x00000000080013ac                csp_qfifo_read
                0x00000000080013cc                csp_qfifo_write
                0x0000000008001460                csp_qfifo_wake_up
 .text          0x000000000800147c      0x2b0 C:\dev\STM32_Projects\CSP-CAN-FreeRTOS\csp_build\libcsp.a(csp_route.c.2.o)
                0x00000000080014d8                csp_route_work
                0x00000000080016ec                csp_route_start_task
 .text          0x000000000800172c       0xc4 C:\dev\STM32_Projects\CSP-CAN-FreeRTOS\csp_build\libcsp.a(csp_if_can_pbuf.c.2.o)
                0x000000000800172c                csp_can_pbuf_free
                0x0000000008001750                csp_can_pbuf_new
                0x00000000080017b0                csp_can_pbuf_find
 .text          0x00000000080017f0       0x2c C:\dev\STM32_Projects\CSP-CAN-FreeRTOS\csp_build\libcsp.a(csp_if_lo.c.2.o)
 .text          0x000000000800181c      0x310 C:\dev\STM32_Projects\CSP-CAN-FreeRTOS\csp_build\libcsp.a(csp_rtable.c.2.o)
                0x0000000008001904                csp_rtable_set
                0x0000000008001ad4                csp_rtable_load
                0x0000000008001ad8                csp_rtable_check
                0x0000000008001adc                csp_rtable_save
                0x0000000008001b00                csp_rtable_clear
                0x0000000008001b20                csp_rtable_print
 .text          0x0000000008001b2c       0xcc C:\dev\STM32_Projects\CSP-CAN-FreeRTOS\csp_build\libcsp.a(csp_rtable_static.c.2.o)
                0x0000000008001b2c                csp_rtable_find_route
                0x0000000008001b50                csp_rtable_set_internal
                0x0000000008001b9c                csp_rtable_free
                0x0000000008001bac                csp_rtable_iterate
 .text          0x0000000008001bf8       0x64 C:\dev\STM32_Projects\CSP-CAN-FreeRTOS\csp_build\libcsp.a(csp_udp.c.2.o)
                0x0000000008001bf8                csp_udp_new_packet
 .text          0x0000000008001c5c       0x18 C:\dev\STM32_Projects\CSP-CAN-FreeRTOS\csp_build\libcsp.a(csp_time.c.2.o)
                0x0000000008001c5c                csp_get_uptime_s
 .text          0x0000000008001c74       0x28 C:\dev\STM32_Projects\CSP-CAN-FreeRTOS\csp_build\libcsp.a(csp_malloc.c.2.o)
                0x0000000008001c74                csp_malloc
                0x0000000008001c78                csp_calloc
                0x0000000008001c98                csp_free
 .text          0x0000000008001c9c       0x26 C:\dev\STM32_Projects\CSP-CAN-FreeRTOS\csp_build\libcsp.a(csp_queue.c.2.o)
                0x0000000008001c9c                csp_queue_create
                0x0000000008001ca2                csp_queue_remove
                0x0000000008001ca6                csp_queue_enqueue
                0x0000000008001cac                csp_queue_enqueue_isr
                0x0000000008001cb2                csp_queue_dequeue
                0x0000000008001cb6                csp_queue_dequeue_isr
                0x0000000008001cba                csp_queue_size
                0x0000000008001cbe                csp_queue_size_isr
 *fill*         0x0000000008001cc2        0x2 
 .text          0x0000000008001cc4       0xe0 C:\dev\STM32_Projects\CSP-CAN-FreeRTOS\csp_build\libcsp.a(csp_semaphore.c.2.o)
                0x0000000008001cc4                csp_mutex_create
                0x0000000008001cd8                csp_bin_sem_create
                0x0000000008001cf8                csp_bin_sem_remove
                0x0000000008001d08                csp_mutex_remove
                0x0000000008001d0c                csp_bin_sem_wait
                0x0000000008001d3c                csp_mutex_lock
                0x0000000008001d40                csp_bin_sem_post
                0x0000000008001d70                csp_mutex_unlock
                0x0000000008001d74                csp_bin_sem_post_isr
 .text          0x0000000008001da4       0x5c C:\dev\STM32_Projects\CSP-CAN-FreeRTOS\csp_build\libcsp.a(csp_system.c.2.o)
                0x0000000008001da4                csp_sys_tasklist
                0x0000000008001dae                csp_sys_tasklist_size
                0x0000000008001dba                csp_sys_memfree
                0x0000000008001dbe                csp_sys_set_color
 .text          0x0000000008001e00       0x38 C:\dev\STM32_Projects\CSP-CAN-FreeRTOS\csp_build\libcsp.a(csp_thread.c.2.o)
                0x0000000008001e00                csp_thread_create
                0x0000000008001e2e                csp_thread_exit
                0x0000000008001e34                csp_sleep_ms
 .text          0x0000000008001e38       0x28 C:\dev\STM32_Projects\CSP-CAN-FreeRTOS\csp_build\libcsp.a(csp_time.c.2.o)
                0x0000000008001e38                csp_get_ms
                0x0000000008001e3c                csp_get_ms_isr
                0x0000000008001e40                csp_get_s
                0x0000000008001e50                csp_get_s_isr
 .text          0x0000000008001e60       0x10 c:/st/stm32cubeide_1.12.0/stm32cubeide/plugins/com.st.stm32cube.ide.mcu.externaltools.gnu-tools-for-stm32.10.3-2021.10.win32_1.0.200.202301161003/tools/bin/../lib/gcc/arm-none-eabi/10.3.1/../../../../arm-none-eabi/lib/thumb/v7e-m+fp/hard\libc_nano.a(lib_a-strlen.o)
                0x0000000008001e60                strlen
 .text          0x0000000008001e70       0xa0 c:/st/stm32cubeide_1.12.0/stm32cubeide/plugins/com.st.stm32cube.ide.mcu.externaltools.gnu-tools-for-stm32.10.3-2021.10.win32_1.0.200.202301161003/tools/bin/../lib/gcc/arm-none-eabi/10.3.1/../../../../arm-none-eabi/lib/thumb/v7e-m+fp/hard\libc_nano.a(lib_a-memchr.o)
                0x0000000008001e70                memchr
 .text          0x0000000008001f10      0x254 c:/st/stm32cubeide_1.12.0/stm32cubeide/plugins/com.st.stm32cube.ide.mcu.externaltools.gnu-tools-for-stm32.10.3-2021.10.win32_1.0.200.202301161003/tools/bin/../lib/gcc/arm-none-eabi/10.3.1/thumb/v7e-m+fp/hard\libgcc.a(_arm_muldf3.o)
                0x0000000008001f10                __muldf3
                0x0000000008001f10                __aeabi_dmul
 .text          0x0000000008002164      0x378 c:/st/stm32cubeide_1.12.0/stm32cubeide/plugins/com.st.stm32cube.ide.mcu.externaltools.gnu-tools-for-stm32.10.3-2021.10.win32_1.0.200.202301161003/tools/bin/../lib/gcc/arm-none-eabi/10.3.1/thumb/v7e-m+fp/hard\libgcc.a(_arm_addsubdf3.o)
                0x0000000008002164                __aeabi_drsub
                0x000000000800216c                __aeabi_dsub
                0x000000000800216c                __subdf3
                0x0000000008002170                __aeabi_dadd
                0x0000000008002170                __adddf3
                0x00000000080023e8                __floatunsidf
                0x00000000080023e8                __aeabi_ui2d
                0x0000000008002408                __floatsidf
                0x0000000008002408                __aeabi_i2d
                0x000000000800242c                __aeabi_f2d
                0x000000000800242c                __extendsfdf2
                0x0000000008002470                __floatundidf
                0x0000000008002470                __aeabi_ul2d
                0x0000000008002480                __floatdidf
                0x0000000008002480                __aeabi_l2d
 .text          0x00000000080024dc       0x30 c:/st/stm32cubeide_1.12.0/stm32cubeide/plugins/com.st.stm32cube.ide.mcu.externaltools.gnu-tools-for-stm32.10.3-2021.10.win32_1.0.200.202301161003/tools/bin/../lib/gcc/arm-none-eabi/10.3.1/thumb/v7e-m+fp/hard\libgcc.a(_aeabi_uldivmod.o)
                0x00000000080024dc                __aeabi_uldivmod
 .text          0x000000000800250c      0x2d0 c:/st/stm32cubeide_1.12.0/stm32cubeide/plugins/com.st.stm32cube.ide.mcu.externaltools.gnu-tools-for-stm32.10.3-2021.10.win32_1.0.200.202301161003/tools/bin/../lib/gcc/arm-none-eabi/10.3.1/thumb/v7e-m+fp/hard\libgcc.a(_udivmoddi4.o)
                0x000000000800250c                __udivmoddi4
 .text          0x00000000080027dc        0x4 c:/st/stm32cubeide_1.12.0/stm32cubeide/plugins/com.st.stm32cube.ide.mcu.externaltools.gnu-tools-for-stm32.10.3-2021.10.win32_1.0.200.202301161003/tools/bin/../lib/gcc/arm-none-eabi/10.3.1/thumb/v7e-m+fp/hard\libgcc.a(_dvmd_tls.o)
                0x00000000080027dc                __aeabi_idiv0
                0x00000000080027dc                __aeabi_ldiv0
 *(.text*)
 .text.csp_can_tx_frame
                0x00000000080027e0       0x4a ./CAN Driver/src/can_stm32.o
 *fill*         0x000000000800282a        0x2 
 .text.HAL_CAN_RxFifo0MsgPendingCallback
                0x000000000800282c       0xd8 ./CAN Driver/src/can_stm32.o
                0x000000000800282c                HAL_CAN_RxFifo0MsgPendingCallback
 .text.csp_can_stm32_open_and_add_interface
                0x0000000008002904       0xc0 ./CAN Driver/src/can_stm32.o
                0x0000000008002904                csp_can_stm32_open_and_add_interface
 .text.csp_can_rx_stm32
                0x00000000080029c4      0x378 ./CAN Interface/src/csp_if_can_stm32.o
                0x00000000080029c4                csp_can_rx_stm32
 .text.csp_can_tx_stm32
                0x0000000008002d3c      0x1f4 ./CAN Interface/src/csp_if_can_stm32.o
                0x0000000008002d3c                csp_can_tx_stm32
 .text.csp_can_add_interface_stm32
                0x0000000008002f30       0x74 ./CAN Interface/src/csp_if_can_stm32.o
                0x0000000008002f30                csp_can_add_interface_stm32
 .text.ITM_SendChar
                0x0000000008002fa4       0x4e ./Core/Src/main.o
 .text.csp_route_set
                0x0000000008002ff2       0x26 ./Core/Src/main.o
 .text.csp_conf_get_defaults
                0x0000000008003018       0x6c ./Core/Src/main.o
 .text._write   0x0000000008003084       0x38 ./Core/Src/main.o
                0x0000000008003084                _write
 .text.main     0x00000000080030bc      0x1b4 ./Core/Src/main.o
                0x00000000080030bc                main
 .text.SystemClock_Config
                0x0000000008003270       0xd0 ./Core/Src/main.o
                0x0000000008003270                SystemClock_Config
 .text.MX_CAN1_Init
                0x0000000008003340       0xd8 ./Core/Src/main.o
 .text.MX_ETH_Init
                0x0000000008003418       0x9c ./Core/Src/main.o
 .text.MX_USART3_UART_Init
                0x00000000080034b4       0x60 ./Core/Src/main.o
 .text.MX_USB_OTG_FS_PCD_Init
                0x0000000008003514       0x5c ./Core/Src/main.o
 .text.MX_GPIO_Init
                0x0000000008003570      0x144 ./Core/Src/main.o
 .text.SendSimpleCSPPacket
                0x00000000080036b4       0x88 ./Core/Src/main.o
                0x00000000080036b4                SendSimpleCSPPacket
 .text.StartDefaultTask
                0x000000000800373c       0x1c ./Core/Src/main.o
                0x000000000800373c                StartDefaultTask
 .text.CSPSend  0x0000000008003758       0x20 ./Core/Src/main.o
                0x0000000008003758                CSPSend
 .text.CSPReceive
                0x0000000008003778      0x128 ./Core/Src/main.o
                0x0000000008003778                CSPReceive
 .text.HAL_TIM_PeriodElapsedCallback
                0x00000000080038a0       0x24 ./Core/Src/main.o
                0x00000000080038a0                HAL_TIM_PeriodElapsedCallback
 .text.Error_Handler
                0x00000000080038c4        0xa ./Core/Src/main.o
                0x00000000080038c4                Error_Handler
 *fill*         0x00000000080038ce        0x2 
 .text.HAL_MspInit
                0x00000000080038d0       0x50 ./Core/Src/stm32f7xx_hal_msp.o
                0x00000000080038d0                HAL_MspInit
 .text.HAL_CAN_MspInit
                0x0000000008003920       0xbc ./Core/Src/stm32f7xx_hal_msp.o
                0x0000000008003920                HAL_CAN_MspInit
 .text.HAL_ETH_MspInit
                0x00000000080039dc      0x170 ./Core/Src/stm32f7xx_hal_msp.o
                0x00000000080039dc                HAL_ETH_MspInit
 .text.HAL_UART_MspInit
                0x0000000008003b4c       0xc0 ./Core/Src/stm32f7xx_hal_msp.o
                0x0000000008003b4c                HAL_UART_MspInit
 .text.HAL_PCD_MspInit
                0x0000000008003c0c       0xf4 ./Core/Src/stm32f7xx_hal_msp.o
                0x0000000008003c0c                HAL_PCD_MspInit
 .text.HAL_InitTick
                0x0000000008003d00       0xf4 ./Core/Src/stm32f7xx_hal_timebase_tim.o
                0x0000000008003d00                HAL_InitTick
 .text.NMI_Handler
                0x0000000008003df4        0x6 ./Core/Src/stm32f7xx_it.o
                0x0000000008003df4                NMI_Handler
 .text.HardFault_Handler
                0x0000000008003dfa        0x6 ./Core/Src/stm32f7xx_it.o
                0x0000000008003dfa                HardFault_Handler
 .text.MemManage_Handler
                0x0000000008003e00        0x6 ./Core/Src/stm32f7xx_it.o
                0x0000000008003e00                MemManage_Handler
 .text.BusFault_Handler
                0x0000000008003e06        0x6 ./Core/Src/stm32f7xx_it.o
                0x0000000008003e06                BusFault_Handler
 .text.UsageFault_Handler
                0x0000000008003e0c        0x6 ./Core/Src/stm32f7xx_it.o
                0x0000000008003e0c                UsageFault_Handler
 .text.DebugMon_Handler
                0x0000000008003e12        0xe ./Core/Src/stm32f7xx_it.o
                0x0000000008003e12                DebugMon_Handler
 .text.CAN1_RX0_IRQHandler
                0x0000000008003e20       0x14 ./Core/Src/stm32f7xx_it.o
                0x0000000008003e20                CAN1_RX0_IRQHandler
 .text.TIM6_DAC_IRQHandler
                0x0000000008003e34       0x14 ./Core/Src/stm32f7xx_it.o
                0x0000000008003e34                TIM6_DAC_IRQHandler
 .text._getpid  0x0000000008003e48       0x10 ./Core/Src/syscalls.o
                0x0000000008003e48                _getpid
 .text._kill    0x0000000008003e58       0x20 ./Core/Src/syscalls.o
                0x0000000008003e58                _kill
 .text._exit    0x0000000008003e78       0x14 ./Core/Src/syscalls.o
                0x0000000008003e78                _exit
 .text._read    0x0000000008003e8c       0x3a ./Core/Src/syscalls.o
                0x0000000008003e8c                _read
 .text._close   0x0000000008003ec6       0x18 ./Core/Src/syscalls.o
                0x0000000008003ec6                _close
 .text._fstat   0x0000000008003ede       0x20 ./Core/Src/syscalls.o
                0x0000000008003ede                _fstat
 .text._isatty  0x0000000008003efe       0x16 ./Core/Src/syscalls.o
                0x0000000008003efe                _isatty
 .text._lseek   0x0000000008003f14       0x1a ./Core/Src/syscalls.o
                0x0000000008003f14                _lseek
 *fill*         0x0000000008003f2e        0x2 
 .text._sbrk    0x0000000008003f30       0x6c ./Core/Src/sysmem.o
                0x0000000008003f30                _sbrk
 .text.SystemInit
                0x0000000008003f9c       0x24 ./Core/Src/system_stm32f7xx.o
                0x0000000008003f9c                SystemInit
 .text.Reset_Handler
                0x0000000008003fc0       0x50 ./Core/Startup/startup_stm32f746zgtx.o
                0x0000000008003fc0                Reset_Handler
 .text.Default_Handler
                0x0000000008004010        0x2 ./Core/Startup/startup_stm32f746zgtx.o
                0x0000000008004010                RTC_Alarm_IRQHandler
                0x0000000008004010                EXTI2_IRQHandler
                0x0000000008004010                TIM8_CC_IRQHandler
                0x0000000008004010                UART8_IRQHandler
                0x0000000008004010                SPI4_IRQHandler
                0x0000000008004010                TIM1_CC_IRQHandler
                0x0000000008004010                DMA2_Stream5_IRQHandler
                0x0000000008004010                DMA1_Stream5_IRQHandler
                0x0000000008004010                PVD_IRQHandler
                0x0000000008004010                TAMP_STAMP_IRQHandler
                0x0000000008004010                CAN2_RX1_IRQHandler
                0x0000000008004010                EXTI3_IRQHandler
                0x0000000008004010                TIM8_TRG_COM_TIM14_IRQHandler
                0x0000000008004010                TIM1_UP_TIM10_IRQHandler
                0x0000000008004010                TIM8_UP_TIM13_IRQHandler
                0x0000000008004010                I2C3_ER_IRQHandler
                0x0000000008004010                EXTI0_IRQHandler
                0x0000000008004010                I2C2_EV_IRQHandler
                0x0000000008004010                DMA1_Stream2_IRQHandler
                0x0000000008004010                FPU_IRQHandler
                0x0000000008004010                OTG_HS_WKUP_IRQHandler
                0x0000000008004010                LTDC_ER_IRQHandler
                0x0000000008004010                CAN2_SCE_IRQHandler
                0x0000000008004010                DMA2_Stream2_IRQHandler
                0x0000000008004010                SPI1_IRQHandler
                0x0000000008004010                TIM1_BRK_TIM9_IRQHandler
                0x0000000008004010                DCMI_IRQHandler
                0x0000000008004010                CAN2_RX0_IRQHandler
                0x0000000008004010                DMA2_Stream3_IRQHandler
                0x0000000008004010                SAI2_IRQHandler
                0x0000000008004010                USART6_IRQHandler
                0x0000000008004010                USART3_IRQHandler
                0x0000000008004010                CAN1_RX1_IRQHandler
                0x0000000008004010                UART5_IRQHandler
                0x0000000008004010                DMA2_Stream0_IRQHandler
                0x0000000008004010                TIM4_IRQHandler
                0x0000000008004010                QUADSPI_IRQHandler
                0x0000000008004010                I2C1_EV_IRQHandler
                0x0000000008004010                DMA1_Stream6_IRQHandler
                0x0000000008004010                DMA1_Stream1_IRQHandler
                0x0000000008004010                UART4_IRQHandler
                0x0000000008004010                TIM3_IRQHandler
                0x0000000008004010                RCC_IRQHandler
                0x0000000008004010                TIM8_BRK_TIM12_IRQHandler
                0x0000000008004010                Default_Handler
                0x0000000008004010                CEC_IRQHandler
                0x0000000008004010                EXTI15_10_IRQHandler
                0x0000000008004010                ADC_IRQHandler
                0x0000000008004010                DMA1_Stream7_IRQHandler
                0x0000000008004010                SPI5_IRQHandler
                0x0000000008004010                TIM7_IRQHandler
                0x0000000008004010                SDMMC1_IRQHandler
                0x0000000008004010                CAN2_TX_IRQHandler
                0x0000000008004010                TIM5_IRQHandler
                0x0000000008004010                DMA2_Stream7_IRQHandler
                0x0000000008004010                I2C3_EV_IRQHandler
                0x0000000008004010                EXTI9_5_IRQHandler
                0x0000000008004010                RTC_WKUP_IRQHandler
                0x0000000008004010                LTDC_IRQHandler
                0x0000000008004010                ETH_WKUP_IRQHandler
                0x0000000008004010                SPDIF_RX_IRQHandler
                0x0000000008004010                SPI2_IRQHandler
                0x0000000008004010                OTG_HS_EP1_IN_IRQHandler
                0x0000000008004010                DMA1_Stream0_IRQHandler
                0x0000000008004010                CAN1_TX_IRQHandler
                0x0000000008004010                EXTI4_IRQHandler
                0x0000000008004010                RNG_IRQHandler
                0x0000000008004010                ETH_IRQHandler
                0x0000000008004010                OTG_HS_EP1_OUT_IRQHandler
                0x0000000008004010                WWDG_IRQHandler
                0x0000000008004010                SPI6_IRQHandler
                0x0000000008004010                I2C4_EV_IRQHandler
                0x0000000008004010                TIM2_IRQHandler
                0x0000000008004010                OTG_FS_WKUP_IRQHandler
                0x0000000008004010                TIM1_TRG_COM_TIM11_IRQHandler
                0x0000000008004010                OTG_HS_IRQHandler
                0x0000000008004010                DMA2D_IRQHandler
                0x0000000008004010                EXTI1_IRQHandler
                0x0000000008004010                UART7_IRQHandler
                0x0000000008004010                USART2_IRQHandler
                0x0000000008004010                I2C2_ER_IRQHandler
                0x0000000008004010                DMA2_Stream1_IRQHandler
                0x0000000008004010                CAN1_SCE_IRQHandler
                0x0000000008004010                FLASH_IRQHandler
                0x0000000008004010                DMA2_Stream4_IRQHandler
                0x0000000008004010                USART1_IRQHandler
                0x0000000008004010                OTG_FS_IRQHandler
                0x0000000008004010                SPI3_IRQHandler
                0x0000000008004010                DMA1_Stream4_IRQHandler
                0x0000000008004010                I2C1_ER_IRQHandler
                0x0000000008004010                FMC_IRQHandler
                0x0000000008004010                LPTIM1_IRQHandler
                0x0000000008004010                I2C4_ER_IRQHandler
                0x0000000008004010                DMA2_Stream6_IRQHandler
                0x0000000008004010                SAI1_IRQHandler
                0x0000000008004010                DMA1_Stream3_IRQHandler
 .text.HAL_Init
                0x0000000008004012       0x1a ./Drivers/STM32F7xx_HAL_Driver/Src/stm32f7xx_hal.o
                0x0000000008004012                HAL_Init
 .text.HAL_IncTick
                0x000000000800402c       0x28 ./Drivers/STM32F7xx_HAL_Driver/Src/stm32f7xx_hal.o
                0x000000000800402c                HAL_IncTick
 .text.HAL_GetTick
                0x0000000008004054       0x18 ./Drivers/STM32F7xx_HAL_Driver/Src/stm32f7xx_hal.o
                0x0000000008004054                HAL_GetTick
 .text.HAL_Delay
                0x000000000800406c       0x48 ./Drivers/STM32F7xx_HAL_Driver/Src/stm32f7xx_hal.o
                0x000000000800406c                HAL_Delay
 .text.HAL_CAN_Init
                0x00000000080040b4      0x1f6 ./Drivers/STM32F7xx_HAL_Driver/Src/stm32f7xx_hal_can.o
                0x00000000080040b4                HAL_CAN_Init
 *fill*         0x00000000080042aa        0x2 
 .text.HAL_CAN_ConfigFilter
                0x00000000080042ac      0x1c0 ./Drivers/STM32F7xx_HAL_Driver/Src/stm32f7xx_hal_can.o
                0x00000000080042ac                HAL_CAN_ConfigFilter
 .text.HAL_CAN_Start
                0x000000000800446c       0x88 ./Drivers/STM32F7xx_HAL_Driver/Src/stm32f7xx_hal_can.o
                0x000000000800446c                HAL_CAN_Start
 .text.HAL_CAN_AddTxMessage
                0x00000000080044f4      0x1a0 ./Drivers/STM32F7xx_HAL_Driver/Src/stm32f7xx_hal_can.o
                0x00000000080044f4                HAL_CAN_AddTxMessage
 .text.HAL_CAN_GetRxMessage
                0x0000000008004694      0x224 ./Drivers/STM32F7xx_HAL_Driver/Src/stm32f7xx_hal_can.o
                0x0000000008004694                HAL_CAN_GetRxMessage
 .text.HAL_CAN_ActivateNotification
                0x00000000080048b8       0x4c ./Drivers/STM32F7xx_HAL_Driver/Src/stm32f7xx_hal_can.o
                0x00000000080048b8                HAL_CAN_ActivateNotification
 .text.HAL_CAN_IRQHandler
                0x0000000008004904      0x36e ./Drivers/STM32F7xx_HAL_Driver/Src/stm32f7xx_hal_can.o
                0x0000000008004904                HAL_CAN_IRQHandler
 .text.HAL_CAN_TxMailbox0CompleteCallback
                0x0000000008004c72       0x14 ./Drivers/STM32F7xx_HAL_Driver/Src/stm32f7xx_hal_can.o
                0x0000000008004c72                HAL_CAN_TxMailbox0CompleteCallback
 .text.HAL_CAN_TxMailbox1CompleteCallback
                0x0000000008004c86       0x14 ./Drivers/STM32F7xx_HAL_Driver/Src/stm32f7xx_hal_can.o
                0x0000000008004c86                HAL_CAN_TxMailbox1CompleteCallback
 .text.HAL_CAN_TxMailbox2CompleteCallback
                0x0000000008004c9a       0x14 ./Drivers/STM32F7xx_HAL_Driver/Src/stm32f7xx_hal_can.o
                0x0000000008004c9a                HAL_CAN_TxMailbox2CompleteCallback
 .text.HAL_CAN_TxMailbox0AbortCallback
                0x0000000008004cae       0x14 ./Drivers/STM32F7xx_HAL_Driver/Src/stm32f7xx_hal_can.o
                0x0000000008004cae                HAL_CAN_TxMailbox0AbortCallback
 .text.HAL_CAN_TxMailbox1AbortCallback
                0x0000000008004cc2       0x14 ./Drivers/STM32F7xx_HAL_Driver/Src/stm32f7xx_hal_can.o
                0x0000000008004cc2                HAL_CAN_TxMailbox1AbortCallback
 .text.HAL_CAN_TxMailbox2AbortCallback
                0x0000000008004cd6       0x14 ./Drivers/STM32F7xx_HAL_Driver/Src/stm32f7xx_hal_can.o
                0x0000000008004cd6                HAL_CAN_TxMailbox2AbortCallback
 .text.HAL_CAN_RxFifo0FullCallback
                0x0000000008004cea       0x14 ./Drivers/STM32F7xx_HAL_Driver/Src/stm32f7xx_hal_can.o
                0x0000000008004cea                HAL_CAN_RxFifo0FullCallback
 .text.HAL_CAN_RxFifo1MsgPendingCallback
                0x0000000008004cfe       0x14 ./Drivers/STM32F7xx_HAL_Driver/Src/stm32f7xx_hal_can.o
                0x0000000008004cfe                HAL_CAN_RxFifo1MsgPendingCallback
 .text.HAL_CAN_RxFifo1FullCallback
                0x0000000008004d12       0x14 ./Drivers/STM32F7xx_HAL_Driver/Src/stm32f7xx_hal_can.o
                0x0000000008004d12                HAL_CAN_RxFifo1FullCallback
 .text.HAL_CAN_SleepCallback
                0x0000000008004d26       0x14 ./Drivers/STM32F7xx_HAL_Driver/Src/stm32f7xx_hal_can.o
                0x0000000008004d26                HAL_CAN_SleepCallback
 .text.HAL_CAN_WakeUpFromRxMsgCallback
                0x0000000008004d3a       0x14 ./Drivers/STM32F7xx_HAL_Driver/Src/stm32f7xx_hal_can.o
                0x0000000008004d3a                HAL_CAN_WakeUpFromRxMsgCallback
 .text.HAL_CAN_ErrorCallback
                0x0000000008004d4e       0x14 ./Drivers/STM32F7xx_HAL_Driver/Src/stm32f7xx_hal_can.o
                0x0000000008004d4e                HAL_CAN_ErrorCallback
 *fill*         0x0000000008004d62        0x2 
 .text.__NVIC_SetPriorityGrouping
                0x0000000008004d64       0x48 ./Drivers/STM32F7xx_HAL_Driver/Src/stm32f7xx_hal_cortex.o
 .text.__NVIC_GetPriorityGrouping
                0x0000000008004dac       0x1c ./Drivers/STM32F7xx_HAL_Driver/Src/stm32f7xx_hal_cortex.o
 .text.__NVIC_EnableIRQ
                0x0000000008004dc8       0x3c ./Drivers/STM32F7xx_HAL_Driver/Src/stm32f7xx_hal_cortex.o
 .text.__NVIC_SetPriority
                0x0000000008004e04       0x54 ./Drivers/STM32F7xx_HAL_Driver/Src/stm32f7xx_hal_cortex.o
 .text.NVIC_EncodePriority
                0x0000000008004e58       0x66 ./Drivers/STM32F7xx_HAL_Driver/Src/stm32f7xx_hal_cortex.o
 .text.HAL_NVIC_SetPriorityGrouping
                0x0000000008004ebe       0x16 ./Drivers/STM32F7xx_HAL_Driver/Src/stm32f7xx_hal_cortex.o
                0x0000000008004ebe                HAL_NVIC_SetPriorityGrouping
 .text.HAL_NVIC_SetPriority
                0x0000000008004ed4       0x38 ./Drivers/STM32F7xx_HAL_Driver/Src/stm32f7xx_hal_cortex.o
                0x0000000008004ed4                HAL_NVIC_SetPriority
 .text.HAL_NVIC_EnableIRQ
                0x0000000008004f0c       0x1c ./Drivers/STM32F7xx_HAL_Driver/Src/stm32f7xx_hal_cortex.o
                0x0000000008004f0c                HAL_NVIC_EnableIRQ
 .text.HAL_ETH_Init
                0x0000000008004f28       0xf8 ./Drivers/STM32F7xx_HAL_Driver/Src/stm32f7xx_hal_eth.o
                0x0000000008004f28                HAL_ETH_Init
 .text.ETH_SetMACConfig
                0x0000000008005020      0x160 ./Drivers/STM32F7xx_HAL_Driver/Src/stm32f7xx_hal_eth.o
 .text.ETH_SetDMAConfig
                0x0000000008005180      0x114 ./Drivers/STM32F7xx_HAL_Driver/Src/stm32f7xx_hal_eth.o
 .text.ETH_MACDMAConfig
                0x0000000008005294       0xe4 ./Drivers/STM32F7xx_HAL_Driver/Src/stm32f7xx_hal_eth.o
 .text.ETH_MACAddressConfig
                0x0000000008005378       0x70 ./Drivers/STM32F7xx_HAL_Driver/Src/stm32f7xx_hal_eth.o
 .text.ETH_DMATxDescListInit
                0x00000000080053e8       0xb2 ./Drivers/STM32F7xx_HAL_Driver/Src/stm32f7xx_hal_eth.o
 .text.ETH_DMARxDescListInit
                0x000000000800549a       0xda ./Drivers/STM32F7xx_HAL_Driver/Src/stm32f7xx_hal_eth.o
 .text.HAL_GPIO_Init
                0x0000000008005574      0x358 ./Drivers/STM32F7xx_HAL_Driver/Src/stm32f7xx_hal_gpio.o
                0x0000000008005574                HAL_GPIO_Init
 .text.HAL_GPIO_WritePin
                0x00000000080058cc       0x32 ./Drivers/STM32F7xx_HAL_Driver/Src/stm32f7xx_hal_gpio.o
                0x00000000080058cc                HAL_GPIO_WritePin
 .text.HAL_GPIO_TogglePin
                0x00000000080058fe       0x34 ./Drivers/STM32F7xx_HAL_Driver/Src/stm32f7xx_hal_gpio.o
                0x00000000080058fe                HAL_GPIO_TogglePin
 .text.HAL_PCD_Init
                0x0000000008005932      0x248 ./Drivers/STM32F7xx_HAL_Driver/Src/stm32f7xx_hal_pcd.o
                0x0000000008005932                HAL_PCD_Init
 *fill*         0x0000000008005b7a        0x2 
 .text.HAL_PCDEx_ActivateLPM
                0x0000000008005b7c       0x48 ./Drivers/STM32F7xx_HAL_Driver/Src/stm32f7xx_hal_pcd_ex.o
                0x0000000008005b7c                HAL_PCDEx_ActivateLPM
 .text.HAL_PWR_EnableBkUpAccess
                0x0000000008005bc4       0x20 ./Drivers/STM32F7xx_HAL_Driver/Src/stm32f7xx_hal_pwr.o
                0x0000000008005bc4                HAL_PWR_EnableBkUpAccess
 .text.HAL_RCC_OscConfig
                0x0000000008005be4      0x548 ./Drivers/STM32F7xx_HAL_Driver/Src/stm32f7xx_hal_rcc.o
                0x0000000008005be4                HAL_RCC_OscConfig
 .text.HAL_RCC_ClockConfig
                0x000000000800612c      0x1d8 ./Drivers/STM32F7xx_HAL_Driver/Src/stm32f7xx_hal_rcc.o
                0x000000000800612c                HAL_RCC_ClockConfig
 .text.HAL_RCC_GetSysClockFreq
                0x0000000008006304      0x20c ./Drivers/STM32F7xx_HAL_Driver/Src/stm32f7xx_hal_rcc.o
                0x0000000008006304                HAL_RCC_GetSysClockFreq
 .text.HAL_RCC_GetHCLKFreq
                0x0000000008006510       0x18 ./Drivers/STM32F7xx_HAL_Driver/Src/stm32f7xx_hal_rcc.o
                0x0000000008006510                HAL_RCC_GetHCLKFreq
 .text.HAL_RCC_GetPCLK1Freq
                0x0000000008006528       0x28 ./Drivers/STM32F7xx_HAL_Driver/Src/stm32f7xx_hal_rcc.o
                0x0000000008006528                HAL_RCC_GetPCLK1Freq
 .text.HAL_RCC_GetPCLK2Freq
                0x0000000008006550       0x28 ./Drivers/STM32F7xx_HAL_Driver/Src/stm32f7xx_hal_rcc.o
                0x0000000008006550                HAL_RCC_GetPCLK2Freq
 .text.HAL_RCC_GetClockConfig
                0x0000000008006578       0x64 ./Drivers/STM32F7xx_HAL_Driver/Src/stm32f7xx_hal_rcc.o
                0x0000000008006578                HAL_RCC_GetClockConfig
 .text.HAL_RCCEx_PeriphCLKConfig
                0x00000000080065dc      0x7e0 ./Drivers/STM32F7xx_HAL_Driver/Src/stm32f7xx_hal_rcc_ex.o
                0x00000000080065dc                HAL_RCCEx_PeriphCLKConfig
 .text.HAL_TIM_Base_Init
                0x0000000008006dbc       0xae ./Drivers/STM32F7xx_HAL_Driver/Src/stm32f7xx_hal_tim.o
                0x0000000008006dbc                HAL_TIM_Base_Init
 .text.HAL_TIM_Base_MspInit
                0x0000000008006e6a       0x14 ./Drivers/STM32F7xx_HAL_Driver/Src/stm32f7xx_hal_tim.o
                0x0000000008006e6a                HAL_TIM_Base_MspInit
 *fill*         0x0000000008006e7e        0x2 
 .text.HAL_TIM_Base_Start_IT
                0x0000000008006e80       0xf0 ./Drivers/STM32F7xx_HAL_Driver/Src/stm32f7xx_hal_tim.o
                0x0000000008006e80                HAL_TIM_Base_Start_IT
 .text.HAL_TIM_IRQHandler
                0x0000000008006f70      0x23e ./Drivers/STM32F7xx_HAL_Driver/Src/stm32f7xx_hal_tim.o
                0x0000000008006f70                HAL_TIM_IRQHandler
 .text.HAL_TIM_OC_DelayElapsedCallback
                0x00000000080071ae       0x14 ./Drivers/STM32F7xx_HAL_Driver/Src/stm32f7xx_hal_tim.o
                0x00000000080071ae                HAL_TIM_OC_DelayElapsedCallback
 .text.HAL_TIM_IC_CaptureCallback
                0x00000000080071c2       0x14 ./Drivers/STM32F7xx_HAL_Driver/Src/stm32f7xx_hal_tim.o
                0x00000000080071c2                HAL_TIM_IC_CaptureCallback
 .text.HAL_TIM_PWM_PulseFinishedCallback
                0x00000000080071d6       0x14 ./Drivers/STM32F7xx_HAL_Driver/Src/stm32f7xx_hal_tim.o
                0x00000000080071d6                HAL_TIM_PWM_PulseFinishedCallback
 .text.HAL_TIM_TriggerCallback
                0x00000000080071ea       0x14 ./Drivers/STM32F7xx_HAL_Driver/Src/stm32f7xx_hal_tim.o
                0x00000000080071ea                HAL_TIM_TriggerCallback
 *fill*         0x00000000080071fe        0x2 
 .text.TIM_Base_SetConfig
                0x0000000008007200      0x140 ./Drivers/STM32F7xx_HAL_Driver/Src/stm32f7xx_hal_tim.o
                0x0000000008007200                TIM_Base_SetConfig
 .text.HAL_TIMEx_CommutCallback
                0x0000000008007340       0x14 ./Drivers/STM32F7xx_HAL_Driver/Src/stm32f7xx_hal_tim_ex.o
                0x0000000008007340                HAL_TIMEx_CommutCallback
 .text.HAL_TIMEx_BreakCallback
                0x0000000008007354       0x14 ./Drivers/STM32F7xx_HAL_Driver/Src/stm32f7xx_hal_tim_ex.o
                0x0000000008007354                HAL_TIMEx_BreakCallback
 .text.HAL_TIMEx_Break2Callback
                0x0000000008007368       0x14 ./Drivers/STM32F7xx_HAL_Driver/Src/stm32f7xx_hal_tim_ex.o
                0x0000000008007368                HAL_TIMEx_Break2Callback
 .text.HAL_UART_Init
                0x000000000800737c       0x9c ./Drivers/STM32F7xx_HAL_Driver/Src/stm32f7xx_hal_uart.o
                0x000000000800737c                HAL_UART_Init
 .text.UART_SetConfig
                0x0000000008007418      0x4c8 ./Drivers/STM32F7xx_HAL_Driver/Src/stm32f7xx_hal_uart.o
                0x0000000008007418                UART_SetConfig
 .text.UART_AdvFeatureConfig
                0x00000000080078e0      0x144 ./Drivers/STM32F7xx_HAL_Driver/Src/stm32f7xx_hal_uart.o
                0x00000000080078e0                UART_AdvFeatureConfig
 .text.UART_CheckIdleState
                0x0000000008007a24       0x6e ./Drivers/STM32F7xx_HAL_Driver/Src/stm32f7xx_hal_uart.o
                0x0000000008007a24                UART_CheckIdleState
 .text.UART_WaitOnFlagUntilTimeout
                0x0000000008007a92      0x18c ./Drivers/STM32F7xx_HAL_Driver/Src/stm32f7xx_hal_uart.o
                0x0000000008007a92                UART_WaitOnFlagUntilTimeout
 *fill*         0x0000000008007c1e        0x2 
 .text.USB_CoreInit
                0x0000000008007c20       0xb0 ./Drivers/STM32F7xx_HAL_Driver/Src/stm32f7xx_ll_usb.o
                0x0000000008007c20                USB_CoreInit
 .text.USB_DisableGlobalInt
                0x0000000008007cd0       0x22 ./Drivers/STM32F7xx_HAL_Driver/Src/stm32f7xx_ll_usb.o
                0x0000000008007cd0                USB_DisableGlobalInt
 .text.USB_SetCurrentMode
                0x0000000008007cf2       0x98 ./Drivers/STM32F7xx_HAL_Driver/Src/stm32f7xx_ll_usb.o
                0x0000000008007cf2                USB_SetCurrentMode
 *fill*         0x0000000008007d8a        0x2 
 .text.USB_DevInit
                0x0000000008007d8c      0x2bc ./Drivers/STM32F7xx_HAL_Driver/Src/stm32f7xx_ll_usb.o
                0x0000000008007d8c                USB_DevInit
 .text.USB_FlushTxFifo
                0x0000000008008048       0x68 ./Drivers/STM32F7xx_HAL_Driver/Src/stm32f7xx_ll_usb.o
                0x0000000008008048                USB_FlushTxFifo
 .text.USB_FlushRxFifo
                0x00000000080080b0       0x60 ./Drivers/STM32F7xx_HAL_Driver/Src/stm32f7xx_ll_usb.o
                0x00000000080080b0                USB_FlushRxFifo
 .text.USB_SetDevSpeed
                0x0000000008008110       0x32 ./Drivers/STM32F7xx_HAL_Driver/Src/stm32f7xx_ll_usb.o
                0x0000000008008110                USB_SetDevSpeed
 .text.USB_DevDisconnect
                0x0000000008008142       0x42 ./Drivers/STM32F7xx_HAL_Driver/Src/stm32f7xx_ll_usb.o
                0x0000000008008142                USB_DevDisconnect
 .text.USB_GetMode
                0x0000000008008184       0x1c ./Drivers/STM32F7xx_HAL_Driver/Src/stm32f7xx_ll_usb.o
                0x0000000008008184                USB_GetMode
 .text.USB_CoreReset
                0x00000000080081a0       0x68 ./Drivers/STM32F7xx_HAL_Driver/Src/stm32f7xx_ll_usb.o
 .text.SVC_Setup
                0x0000000008008208        0xe ./Middlewares/Third_Party/FreeRTOS/Source/CMSIS_RTOS_V2/cmsis_os2.o
 *fill*         0x0000000008008216        0x2 
 .text.osKernelInitialize
                0x0000000008008218       0x68 ./Middlewares/Third_Party/FreeRTOS/Source/CMSIS_RTOS_V2/cmsis_os2.o
                0x0000000008008218                osKernelInitialize
 .text.osKernelStart
                0x0000000008008280       0x6c ./Middlewares/Third_Party/FreeRTOS/Source/CMSIS_RTOS_V2/cmsis_os2.o
                0x0000000008008280                osKernelStart
 .text.osThreadNew
                0x00000000080082ec      0x14c ./Middlewares/Third_Party/FreeRTOS/Source/CMSIS_RTOS_V2/cmsis_os2.o
                0x00000000080082ec                osThreadNew
 .text.osDelay  0x0000000008008438       0x5c ./Middlewares/Third_Party/FreeRTOS/Source/CMSIS_RTOS_V2/cmsis_os2.o
                0x0000000008008438                osDelay
 .text.vApplicationGetIdleTaskMemory
                0x0000000008008494       0x34 ./Middlewares/Third_Party/FreeRTOS/Source/CMSIS_RTOS_V2/cmsis_os2.o
                0x0000000008008494                vApplicationGetIdleTaskMemory
 .text.vApplicationGetTimerTaskMemory
                0x00000000080084c8       0x34 ./Middlewares/Third_Party/FreeRTOS/Source/CMSIS_RTOS_V2/cmsis_os2.o
                0x00000000080084c8                vApplicationGetTimerTaskMemory
 .text.vListInitialise
                0x00000000080084fc       0x40 ./Middlewares/Third_Party/FreeRTOS/Source/list.o
                0x00000000080084fc                vListInitialise
 .text.vListInitialiseItem
                0x000000000800853c       0x1a ./Middlewares/Third_Party/FreeRTOS/Source/list.o
                0x000000000800853c                vListInitialiseItem
 .text.vListInsertEnd
                0x0000000008008556       0x48 ./Middlewares/Third_Party/FreeRTOS/Source/list.o
                0x0000000008008556                vListInsertEnd
 .text.vListInsert
                0x000000000800859e       0x72 ./Middlewares/Third_Party/FreeRTOS/Source/list.o
                0x000000000800859e                vListInsert
 .text.uxListRemove
                0x0000000008008610       0x54 ./Middlewares/Third_Party/FreeRTOS/Source/list.o
                0x0000000008008610                uxListRemove
 .text.xQueueGenericReset
                0x0000000008008664       0xd4 ./Middlewares/Third_Party/FreeRTOS/Source/queue.o
                0x0000000008008664                xQueueGenericReset
 .text.xQueueGenericCreateStatic
                0x0000000008008738      0x104 ./Middlewares/Third_Party/FreeRTOS/Source/queue.o
                0x0000000008008738                xQueueGenericCreateStatic
 .text.xQueueGenericCreate
                0x000000000800883c       0x84 ./Middlewares/Third_Party/FreeRTOS/Source/queue.o
                0x000000000800883c                xQueueGenericCreate
 .text.prvInitialiseNewQueue
                0x00000000080088c0       0x46 ./Middlewares/Third_Party/FreeRTOS/Source/queue.o
 .text.prvInitialiseMutex
                0x0000000008008906       0x34 ./Middlewares/Third_Party/FreeRTOS/Source/queue.o
 .text.xQueueCreateMutex
                0x000000000800893a       0x30 ./Middlewares/Third_Party/FreeRTOS/Source/queue.o
                0x000000000800893a                xQueueCreateMutex
 *fill*         0x000000000800896a        0x2 
 .text.xQueueGenericSend
                0x000000000800896c      0x20c ./Middlewares/Third_Party/FreeRTOS/Source/queue.o
                0x000000000800896c                xQueueGenericSend
 .text.xQueueGenericSendFromISR
                0x0000000008008b78      0x140 ./Middlewares/Third_Party/FreeRTOS/Source/queue.o
                0x0000000008008b78                xQueueGenericSendFromISR
 .text.xQueueGiveFromISR
                0x0000000008008cb8      0x12a ./Middlewares/Third_Party/FreeRTOS/Source/queue.o
                0x0000000008008cb8                xQueueGiveFromISR
 *fill*         0x0000000008008de2        0x2 
 .text.xQueueReceive
                0x0000000008008de4      0x1cc ./Middlewares/Third_Party/FreeRTOS/Source/queue.o
                0x0000000008008de4                xQueueReceive
 .text.xQueueSemaphoreTake
                0x0000000008008fb0      0x228 ./Middlewares/Third_Party/FreeRTOS/Source/queue.o
                0x0000000008008fb0                xQueueSemaphoreTake
 .text.xQueueReceiveFromISR
                0x00000000080091d8      0x10c ./Middlewares/Third_Party/FreeRTOS/Source/queue.o
                0x00000000080091d8                xQueueReceiveFromISR
 .text.uxQueueMessagesWaiting
                0x00000000080092e4       0x40 ./Middlewares/Third_Party/FreeRTOS/Source/queue.o
                0x00000000080092e4                uxQueueMessagesWaiting
 .text.uxQueueMessagesWaitingFromISR
                0x0000000008009324       0x40 ./Middlewares/Third_Party/FreeRTOS/Source/queue.o
                0x0000000008009324                uxQueueMessagesWaitingFromISR
 .text.vQueueDelete
                0x0000000008009364       0x4a ./Middlewares/Third_Party/FreeRTOS/Source/queue.o
                0x0000000008009364                vQueueDelete
 .text.prvGetDisinheritPriorityAfterTimeout
                0x00000000080093ae       0x30 ./Middlewares/Third_Party/FreeRTOS/Source/queue.o
 .text.prvCopyDataToQueue
                0x00000000080093de       0xd4 ./Middlewares/Third_Party/FreeRTOS/Source/queue.o
 .text.prvCopyDataFromQueue
                0x00000000080094b2       0x4c ./Middlewares/Third_Party/FreeRTOS/Source/queue.o
 .text.prvUnlockQueue
                0x00000000080094fe       0xa4 ./Middlewares/Third_Party/FreeRTOS/Source/queue.o
 .text.prvIsQueueEmpty
                0x00000000080095a2       0x2c ./Middlewares/Third_Party/FreeRTOS/Source/queue.o
 .text.prvIsQueueFull
                0x00000000080095ce       0x30 ./Middlewares/Third_Party/FreeRTOS/Source/queue.o
 *fill*         0x00000000080095fe        0x2 
 .text.vQueueAddToRegistry
                0x0000000008009600       0x54 ./Middlewares/Third_Party/FreeRTOS/Source/queue.o
                0x0000000008009600                vQueueAddToRegistry
 .text.vQueueUnregisterQueue
                0x0000000008009654       0x54 ./Middlewares/Third_Party/FreeRTOS/Source/queue.o
                0x0000000008009654                vQueueUnregisterQueue
 .text.vQueueWaitForMessageRestricted
                0x00000000080096a8       0x68 ./Middlewares/Third_Party/FreeRTOS/Source/queue.o
                0x00000000080096a8                vQueueWaitForMessageRestricted
 .text.xTaskCreateStatic
                0x0000000008009710       0xc6 ./Middlewares/Third_Party/FreeRTOS/Source/tasks.o
                0x0000000008009710                xTaskCreateStatic
 .text.xTaskCreate
                0x00000000080097d6       0x8a ./Middlewares/Third_Party/FreeRTOS/Source/tasks.o
                0x00000000080097d6                xTaskCreate
 .text.prvInitialiseNewTask
                0x0000000008009860      0x150 ./Middlewares/Third_Party/FreeRTOS/Source/tasks.o
 .text.prvAddNewTaskToReadyList
                0x00000000080099b0       0xe0 ./Middlewares/Third_Party/FreeRTOS/Source/tasks.o
 .text.vTaskDelete
                0x0000000008009a90       0xe8 ./Middlewares/Third_Party/FreeRTOS/Source/tasks.o
                0x0000000008009a90                vTaskDelete
 .text.vTaskDelay
                0x0000000008009b78       0x6c ./Middlewares/Third_Party/FreeRTOS/Source/tasks.o
                0x0000000008009b78                vTaskDelay
 .text.eTaskGetState
                0x0000000008009be4       0xd0 ./Middlewares/Third_Party/FreeRTOS/Source/tasks.o
                0x0000000008009be4                eTaskGetState
 .text.vTaskStartScheduler
                0x0000000008009cb4       0xe8 ./Middlewares/Third_Party/FreeRTOS/Source/tasks.o
                0x0000000008009cb4                vTaskStartScheduler
 .text.vTaskSuspendAll
                0x0000000008009d9c       0x1c ./Middlewares/Third_Party/FreeRTOS/Source/tasks.o
                0x0000000008009d9c                vTaskSuspendAll
 .text.xTaskResumeAll
                0x0000000008009db8      0x140 ./Middlewares/Third_Party/FreeRTOS/Source/tasks.o
                0x0000000008009db8                xTaskResumeAll
 .text.xTaskGetTickCount
                0x0000000008009ef8       0x20 ./Middlewares/Third_Party/FreeRTOS/Source/tasks.o
                0x0000000008009ef8                xTaskGetTickCount
 .text.xTaskGetTickCountFromISR
                0x0000000008009f18       0x24 ./Middlewares/Third_Party/FreeRTOS/Source/tasks.o
                0x0000000008009f18                xTaskGetTickCountFromISR
 .text.uxTaskGetNumberOfTasks
                0x0000000008009f3c       0x18 ./Middlewares/Third_Party/FreeRTOS/Source/tasks.o
                0x0000000008009f3c                uxTaskGetNumberOfTasks
 .text.uxTaskGetSystemState
                0x0000000008009f54      0x11c ./Middlewares/Third_Party/FreeRTOS/Source/tasks.o
                0x0000000008009f54                uxTaskGetSystemState
 .text.xTaskIncrementTick
                0x000000000800a070      0x178 ./Middlewares/Third_Party/FreeRTOS/Source/tasks.o
                0x000000000800a070                xTaskIncrementTick
 .text.vTaskSwitchContext
                0x000000000800a1e8       0xcc ./Middlewares/Third_Party/FreeRTOS/Source/tasks.o
                0x000000000800a1e8                vTaskSwitchContext
 .text.vTaskPlaceOnEventList
                0x000000000800a2b4       0x4c ./Middlewares/Third_Party/FreeRTOS/Source/tasks.o
                0x000000000800a2b4                vTaskPlaceOnEventList
 .text.vTaskPlaceOnEventListRestricted
                0x000000000800a300       0x5c ./Middlewares/Third_Party/FreeRTOS/Source/tasks.o
                0x000000000800a300                vTaskPlaceOnEventListRestricted
 .text.xTaskRemoveFromEventList
                0x000000000800a35c       0xcc ./Middlewares/Third_Party/FreeRTOS/Source/tasks.o
                0x000000000800a35c                xTaskRemoveFromEventList
 .text.vTaskInternalSetTimeOutState
                0x000000000800a428       0x2c ./Middlewares/Third_Party/FreeRTOS/Source/tasks.o
                0x000000000800a428                vTaskInternalSetTimeOutState
 .text.xTaskCheckForTimeOut
                0x000000000800a454       0xcc ./Middlewares/Third_Party/FreeRTOS/Source/tasks.o
                0x000000000800a454                xTaskCheckForTimeOut
 .text.vTaskMissedYield
                0x000000000800a520       0x18 ./Middlewares/Third_Party/FreeRTOS/Source/tasks.o
                0x000000000800a520                vTaskMissedYield
 .text.prvIdleTask
                0x000000000800a538       0x30 ./Middlewares/Third_Party/FreeRTOS/Source/tasks.o
 .text.prvInitialiseTaskLists
                0x000000000800a568       0x80 ./Middlewares/Third_Party/FreeRTOS/Source/tasks.o
 .text.prvCheckTasksWaitingTermination
                0x000000000800a5e8       0x5c ./Middlewares/Third_Party/FreeRTOS/Source/tasks.o
 .text.vTaskGetInfo
                0x000000000800a644       0xcc ./Middlewares/Third_Party/FreeRTOS/Source/tasks.o
                0x000000000800a644                vTaskGetInfo
 .text.prvListTasksWithinSingleList
                0x000000000800a710       0xa4 ./Middlewares/Third_Party/FreeRTOS/Source/tasks.o
 .text.prvTaskCheckFreeStackSpace
                0x000000000800a7b4       0x38 ./Middlewares/Third_Party/FreeRTOS/Source/tasks.o
 .text.prvDeleteTCB
                0x000000000800a7ec       0x6c ./Middlewares/Third_Party/FreeRTOS/Source/tasks.o
 .text.prvResetNextTaskUnblockTime
                0x000000000800a858       0x40 ./Middlewares/Third_Party/FreeRTOS/Source/tasks.o
 .text.xTaskGetSchedulerState
                0x000000000800a898       0x3c ./Middlewares/Third_Party/FreeRTOS/Source/tasks.o
                0x000000000800a898                xTaskGetSchedulerState
 .text.xTaskPriorityInherit
                0x000000000800a8d4       0xd0 ./Middlewares/Third_Party/FreeRTOS/Source/tasks.o
                0x000000000800a8d4                xTaskPriorityInherit
 .text.xTaskPriorityDisinherit
                0x000000000800a9a4       0xe4 ./Middlewares/Third_Party/FreeRTOS/Source/tasks.o
                0x000000000800a9a4                xTaskPriorityDisinherit
 .text.vTaskPriorityDisinheritAfterTimeout
                0x000000000800aa88      0x10c ./Middlewares/Third_Party/FreeRTOS/Source/tasks.o
                0x000000000800aa88                vTaskPriorityDisinheritAfterTimeout
 .text.prvWriteNameToBuffer
                0x000000000800ab94       0x4a ./Middlewares/Third_Party/FreeRTOS/Source/tasks.o
 *fill*         0x000000000800abde        0x2 
 .text.vTaskList
                0x000000000800abe0      0x12c ./Middlewares/Third_Party/FreeRTOS/Source/tasks.o
                0x000000000800abe0                vTaskList
 .text.pvTaskIncrementMutexHeldCount
                0x000000000800ad0c       0x28 ./Middlewares/Third_Party/FreeRTOS/Source/tasks.o
                0x000000000800ad0c                pvTaskIncrementMutexHeldCount
 .text.prvAddCurrentTaskToDelayedList
                0x000000000800ad34       0xa8 ./Middlewares/Third_Party/FreeRTOS/Source/tasks.o
 .text.xTimerCreateTimerTask
                0x000000000800addc       0x94 ./Middlewares/Third_Party/FreeRTOS/Source/timers.o
                0x000000000800addc                xTimerCreateTimerTask
 .text.xTimerGenericCommand
                0x000000000800ae70       0xa0 ./Middlewares/Third_Party/FreeRTOS/Source/timers.o
                0x000000000800ae70                xTimerGenericCommand
 .text.prvProcessExpiredTimer
                0x000000000800af10       0x9c ./Middlewares/Third_Party/FreeRTOS/Source/timers.o
 .text.prvTimerTask
                0x000000000800afac       0x24 ./Middlewares/Third_Party/FreeRTOS/Source/timers.o
 .text.prvProcessTimerOrBlockTask
                0x000000000800afd0       0x9c ./Middlewares/Third_Party/FreeRTOS/Source/timers.o
 .text.prvGetNextExpireTime
                0x000000000800b06c       0x48 ./Middlewares/Third_Party/FreeRTOS/Source/timers.o
 .text.prvSampleTimeNow
                0x000000000800b0b4       0x40 ./Middlewares/Third_Party/FreeRTOS/Source/timers.o
 .text.prvInsertTimerInActiveList
                0x000000000800b0f4       0x84 ./Middlewares/Third_Party/FreeRTOS/Source/timers.o
 .text.prvProcessReceivedCommands
                0x000000000800b178      0x1d0 ./Middlewares/Third_Party/FreeRTOS/Source/timers.o
 .text.prvSwitchTimerLists
                0x000000000800b348       0xcc ./Middlewares/Third_Party/FreeRTOS/Source/timers.o
 .text.prvCheckForValidListAndQueue
                0x000000000800b414       0x80 ./Middlewares/Third_Party/FreeRTOS/Source/timers.o
 .text.pxPortInitialiseStack
                0x000000000800b494       0x68 ./Middlewares/Third_Party/FreeRTOS/Source/portable/GCC/ARM_CM7/r0p1/port.o
                0x000000000800b494                pxPortInitialiseStack
 .text.prvTaskExitError
                0x000000000800b4fc       0x60 ./Middlewares/Third_Party/FreeRTOS/Source/portable/GCC/ARM_CM7/r0p1/port.o
 *fill*         0x000000000800b55c        0x4 
 .text.SVC_Handler
                0x000000000800b560       0x28 ./Middlewares/Third_Party/FreeRTOS/Source/portable/GCC/ARM_CM7/r0p1/port.o
                0x000000000800b560                SVC_Handler
 .text.prvPortStartFirstTask
                0x000000000800b588       0x28 ./Middlewares/Third_Party/FreeRTOS/Source/portable/GCC/ARM_CM7/r0p1/port.o
 .text.xPortStartScheduler
                0x000000000800b5b0       0xfc ./Middlewares/Third_Party/FreeRTOS/Source/portable/GCC/ARM_CM7/r0p1/port.o
                0x000000000800b5b0                xPortStartScheduler
 .text.vPortEnterCritical
                0x000000000800b6ac       0x68 ./Middlewares/Third_Party/FreeRTOS/Source/portable/GCC/ARM_CM7/r0p1/port.o
                0x000000000800b6ac                vPortEnterCritical
 .text.vPortExitCritical
                0x000000000800b714       0x58 ./Middlewares/Third_Party/FreeRTOS/Source/portable/GCC/ARM_CM7/r0p1/port.o
                0x000000000800b714                vPortExitCritical
 *fill*         0x000000000800b76c        0x4 
 .text.PendSV_Handler
                0x000000000800b770       0x68 ./Middlewares/Third_Party/FreeRTOS/Source/portable/GCC/ARM_CM7/r0p1/port.o
                0x000000000800b770                PendSV_Handler
 .text.SysTick_Handler
                0x000000000800b7d8       0x48 ./Middlewares/Third_Party/FreeRTOS/Source/portable/GCC/ARM_CM7/r0p1/port.o
                0x000000000800b7d8                SysTick_Handler
 .text.vPortSetupTimerInterrupt
                0x000000000800b820       0x48 ./Middlewares/Third_Party/FreeRTOS/Source/portable/GCC/ARM_CM7/r0p1/port.o
                0x000000000800b820                vPortSetupTimerInterrupt
 .text.vPortEnableVFP
                0x000000000800b868       0x14 ./Middlewares/Third_Party/FreeRTOS/Source/portable/GCC/ARM_CM7/r0p1/port.o
 .text.vPortValidateInterruptPriority
                0x000000000800b87c       0x88 ./Middlewares/Third_Party/FreeRTOS/Source/portable/GCC/ARM_CM7/r0p1/port.o
                0x000000000800b87c                vPortValidateInterruptPriority
 .text.pvPortMalloc
                0x000000000800b904      0x194 ./Middlewares/Third_Party/FreeRTOS/Source/portable/MemMang/heap_4.o
                0x000000000800b904                pvPortMalloc
 .text.vPortFree
                0x000000000800ba98       0xbc ./Middlewares/Third_Party/FreeRTOS/Source/portable/MemMang/heap_4.o
                0x000000000800ba98                vPortFree
 .text.xPortGetFreeHeapSize
                0x000000000800bb54       0x18 ./Middlewares/Third_Party/FreeRTOS/Source/portable/MemMang/heap_4.o
                0x000000000800bb54                xPortGetFreeHeapSize
 .text.prvHeapInit
                0x000000000800bb6c       0xc4 ./Middlewares/Third_Party/FreeRTOS/Source/portable/MemMang/heap_4.o
 .text.prvInsertBlockIntoFreeList
                0x000000000800bc30       0xb4 ./Middlewares/Third_Party/FreeRTOS/Source/portable/MemMang/heap_4.o
 .text.__errno  0x000000000800bce4        0xc c:/st/stm32cubeide_1.12.0/stm32cubeide/plugins/com.st.stm32cube.ide.mcu.externaltools.gnu-tools-for-stm32.10.3-2021.10.win32_1.0.200.202301161003/tools/bin/../lib/gcc/arm-none-eabi/10.3.1/../../../../arm-none-eabi/lib/thumb/v7e-m+fp/hard\libc_nano.a(lib_a-errno.o)
                0x000000000800bce4                __errno
 .text.std      0x000000000800bcf0       0x48 c:/st/stm32cubeide_1.12.0/stm32cubeide/plugins/com.st.stm32cube.ide.mcu.externaltools.gnu-tools-for-stm32.10.3-2021.10.win32_1.0.200.202301161003/tools/bin/../lib/gcc/arm-none-eabi/10.3.1/../../../../arm-none-eabi/lib/thumb/v7e-m+fp/hard\libc_nano.a(lib_a-findfp.o)
 .text._cleanup_r
                0x000000000800bd38        0xc c:/st/stm32cubeide_1.12.0/stm32cubeide/plugins/com.st.stm32cube.ide.mcu.externaltools.gnu-tools-for-stm32.10.3-2021.10.win32_1.0.200.202301161003/tools/bin/../lib/gcc/arm-none-eabi/10.3.1/../../../../arm-none-eabi/lib/thumb/v7e-m+fp/hard\libc_nano.a(lib_a-findfp.o)
                0x000000000800bd38                _cleanup_r
 .text.__sfmoreglue
                0x000000000800bd44       0x2c c:/st/stm32cubeide_1.12.0/stm32cubeide/plugins/com.st.stm32cube.ide.mcu.externaltools.gnu-tools-for-stm32.10.3-2021.10.win32_1.0.200.202301161003/tools/bin/../lib/gcc/arm-none-eabi/10.3.1/../../../../arm-none-eabi/lib/thumb/v7e-m+fp/hard\libc_nano.a(lib_a-findfp.o)
                0x000000000800bd44                __sfmoreglue
 .text.__sfp_lock_acquire
                0x000000000800bd70        0xc c:/st/stm32cubeide_1.12.0/stm32cubeide/plugins/com.st.stm32cube.ide.mcu.externaltools.gnu-tools-for-stm32.10.3-2021.10.win32_1.0.200.202301161003/tools/bin/../lib/gcc/arm-none-eabi/10.3.1/../../../../arm-none-eabi/lib/thumb/v7e-m+fp/hard\libc_nano.a(lib_a-findfp.o)
                0x000000000800bd70                __sfp_lock_acquire
 .text.__sfp_lock_release
                0x000000000800bd7c        0xc c:/st/stm32cubeide_1.12.0/stm32cubeide/plugins/com.st.stm32cube.ide.mcu.externaltools.gnu-tools-for-stm32.10.3-2021.10.win32_1.0.200.202301161003/tools/bin/../lib/gcc/arm-none-eabi/10.3.1/../../../../arm-none-eabi/lib/thumb/v7e-m+fp/hard\libc_nano.a(lib_a-findfp.o)
                0x000000000800bd7c                __sfp_lock_release
 .text.__sinit_lock_acquire
                0x000000000800bd88        0xc c:/st/stm32cubeide_1.12.0/stm32cubeide/plugins/com.st.stm32cube.ide.mcu.externaltools.gnu-tools-for-stm32.10.3-2021.10.win32_1.0.200.202301161003/tools/bin/../lib/gcc/arm-none-eabi/10.3.1/../../../../arm-none-eabi/lib/thumb/v7e-m+fp/hard\libc_nano.a(lib_a-findfp.o)
                0x000000000800bd88                __sinit_lock_acquire
 .text.__sinit_lock_release
                0x000000000800bd94        0xc c:/st/stm32cubeide_1.12.0/stm32cubeide/plugins/com.st.stm32cube.ide.mcu.externaltools.gnu-tools-for-stm32.10.3-2021.10.win32_1.0.200.202301161003/tools/bin/../lib/gcc/arm-none-eabi/10.3.1/../../../../arm-none-eabi/lib/thumb/v7e-m+fp/hard\libc_nano.a(lib_a-findfp.o)
                0x000000000800bd94                __sinit_lock_release
 .text.__sinit  0x000000000800bda0       0x70 c:/st/stm32cubeide_1.12.0/stm32cubeide/plugins/com.st.stm32cube.ide.mcu.externaltools.gnu-tools-for-stm32.10.3-2021.10.win32_1.0.200.202301161003/tools/bin/../lib/gcc/arm-none-eabi/10.3.1/../../../../arm-none-eabi/lib/thumb/v7e-m+fp/hard\libc_nano.a(lib_a-findfp.o)
                0x000000000800bda0                __sinit
 .text.__sfp    0x000000000800be10       0x8c c:/st/stm32cubeide_1.12.0/stm32cubeide/plugins/com.st.stm32cube.ide.mcu.externaltools.gnu-tools-for-stm32.10.3-2021.10.win32_1.0.200.202301161003/tools/bin/../lib/gcc/arm-none-eabi/10.3.1/../../../../arm-none-eabi/lib/thumb/v7e-m+fp/hard\libc_nano.a(lib_a-findfp.o)
                0x000000000800be10                __sfp
 .text._fwalk_reent
                0x000000000800be9c       0x3e c:/st/stm32cubeide_1.12.0/stm32cubeide/plugins/com.st.stm32cube.ide.mcu.externaltools.gnu-tools-for-stm32.10.3-2021.10.win32_1.0.200.202301161003/tools/bin/../lib/gcc/arm-none-eabi/10.3.1/../../../../arm-none-eabi/lib/thumb/v7e-m+fp/hard\libc_nano.a(lib_a-fwalk.o)
                0x000000000800be9c                _fwalk_reent
 *fill*         0x000000000800beda        0x2 
 .text.__libc_init_array
                0x000000000800bedc       0x48 c:/st/stm32cubeide_1.12.0/stm32cubeide/plugins/com.st.stm32cube.ide.mcu.externaltools.gnu-tools-for-stm32.10.3-2021.10.win32_1.0.200.202301161003/tools/bin/../lib/gcc/arm-none-eabi/10.3.1/../../../../arm-none-eabi/lib/thumb/v7e-m+fp/hard\libc_nano.a(lib_a-init.o)
                0x000000000800bedc                __libc_init_array
 .text.__retarget_lock_init_recursive
                0x000000000800bf24        0x2 c:/st/stm32cubeide_1.12.0/stm32cubeide/plugins/com.st.stm32cube.ide.mcu.externaltools.gnu-tools-for-stm32.10.3-2021.10.win32_1.0.200.202301161003/tools/bin/../lib/gcc/arm-none-eabi/10.3.1/../../../../arm-none-eabi/lib/thumb/v7e-m+fp/hard\libc_nano.a(lib_a-lock.o)
                0x000000000800bf24                __retarget_lock_init_recursive
 .text.__retarget_lock_acquire_recursive
                0x000000000800bf26        0x2 c:/st/stm32cubeide_1.12.0/stm32cubeide/plugins/com.st.stm32cube.ide.mcu.externaltools.gnu-tools-for-stm32.10.3-2021.10.win32_1.0.200.202301161003/tools/bin/../lib/gcc/arm-none-eabi/10.3.1/../../../../arm-none-eabi/lib/thumb/v7e-m+fp/hard\libc_nano.a(lib_a-lock.o)
                0x000000000800bf26                __retarget_lock_acquire_recursive
 .text.__retarget_lock_release_recursive
                0x000000000800bf28        0x2 c:/st/stm32cubeide_1.12.0/stm32cubeide/plugins/com.st.stm32cube.ide.mcu.externaltools.gnu-tools-for-stm32.10.3-2021.10.win32_1.0.200.202301161003/tools/bin/../lib/gcc/arm-none-eabi/10.3.1/../../../../arm-none-eabi/lib/thumb/v7e-m+fp/hard\libc_nano.a(lib_a-lock.o)
                0x000000000800bf28                __retarget_lock_release_recursive
 .text.memcpy   0x000000000800bf2a       0x1c c:/st/stm32cubeide_1.12.0/stm32cubeide/plugins/com.st.stm32cube.ide.mcu.externaltools.gnu-tools-for-stm32.10.3-2021.10.win32_1.0.200.202301161003/tools/bin/../lib/gcc/arm-none-eabi/10.3.1/../../../../arm-none-eabi/lib/thumb/v7e-m+fp/hard\libc_nano.a(lib_a-memcpy-stub.o)
                0x000000000800bf2a                memcpy
 .text.memset   0x000000000800bf46       0x10 c:/st/stm32cubeide_1.12.0/stm32cubeide/plugins/com.st.stm32cube.ide.mcu.externaltools.gnu-tools-for-stm32.10.3-2021.10.win32_1.0.200.202301161003/tools/bin/../lib/gcc/arm-none-eabi/10.3.1/../../../../arm-none-eabi/lib/thumb/v7e-m+fp/hard\libc_nano.a(lib_a-memset.o)
                0x000000000800bf46                memset
 *fill*         0x000000000800bf56        0x2 
 .text.sbrk_aligned
                0x000000000800bf58       0x40 c:/st/stm32cubeide_1.12.0/stm32cubeide/plugins/com.st.stm32cube.ide.mcu.externaltools.gnu-tools-for-stm32.10.3-2021.10.win32_1.0.200.202301161003/tools/bin/../lib/gcc/arm-none-eabi/10.3.1/../../../../arm-none-eabi/lib/thumb/v7e-m+fp/hard\libc_nano.a(lib_a-nano-mallocr.o)
 .text._malloc_r
                0x000000000800bf98       0xe8 c:/st/stm32cubeide_1.12.0/stm32cubeide/plugins/com.st.stm32cube.ide.mcu.externaltools.gnu-tools-for-stm32.10.3-2021.10.win32_1.0.200.202301161003/tools/bin/../lib/gcc/arm-none-eabi/10.3.1/../../../../arm-none-eabi/lib/thumb/v7e-m+fp/hard\libc_nano.a(lib_a-nano-mallocr.o)
                0x000000000800bf98                _malloc_r
 .text.printf   0x000000000800c080       0x30 c:/st/stm32cubeide_1.12.0/stm32cubeide/plugins/com.st.stm32cube.ide.mcu.externaltools.gnu-tools-for-stm32.10.3-2021.10.win32_1.0.200.202301161003/tools/bin/../lib/gcc/arm-none-eabi/10.3.1/../../../../arm-none-eabi/lib/thumb/v7e-m+fp/hard\libc_nano.a(lib_a-printf.o)
                0x000000000800c080                iprintf
                0x000000000800c080                printf
 .text._puts_r  0x000000000800c0b0       0xdc c:/st/stm32cubeide_1.12.0/stm32cubeide/plugins/com.st.stm32cube.ide.mcu.externaltools.gnu-tools-for-stm32.10.3-2021.10.win32_1.0.200.202301161003/tools/bin/../lib/gcc/arm-none-eabi/10.3.1/../../../../arm-none-eabi/lib/thumb/v7e-m+fp/hard\libc_nano.a(lib_a-puts.o)
                0x000000000800c0b0                _puts_r
 .text.puts     0x000000000800c18c       0x10 c:/st/stm32cubeide_1.12.0/stm32cubeide/plugins/com.st.stm32cube.ide.mcu.externaltools.gnu-tools-for-stm32.10.3-2021.10.win32_1.0.200.202301161003/tools/bin/../lib/gcc/arm-none-eabi/10.3.1/../../../../arm-none-eabi/lib/thumb/v7e-m+fp/hard\libc_nano.a(lib_a-puts.o)
                0x000000000800c18c                puts
 .text.srand    0x000000000800c19c       0x5c c:/st/stm32cubeide_1.12.0/stm32cubeide/plugins/com.st.stm32cube.ide.mcu.externaltools.gnu-tools-for-stm32.10.3-2021.10.win32_1.0.200.202301161003/tools/bin/../lib/gcc/arm-none-eabi/10.3.1/../../../../arm-none-eabi/lib/thumb/v7e-m+fp/hard\libc_nano.a(lib_a-rand.o)
                0x000000000800c19c                srand
 .text.rand     0x000000000800c1f8       0x7c c:/st/stm32cubeide_1.12.0/stm32cubeide/plugins/com.st.stm32cube.ide.mcu.externaltools.gnu-tools-for-stm32.10.3-2021.10.win32_1.0.200.202301161003/tools/bin/../lib/gcc/arm-none-eabi/10.3.1/../../../../arm-none-eabi/lib/thumb/v7e-m+fp/hard\libc_nano.a(lib_a-rand.o)
                0x000000000800c1f8                rand
 .text.cleanup_glue
                0x000000000800c274       0x1a c:/st/stm32cubeide_1.12.0/stm32cubeide/plugins/com.st.stm32cube.ide.mcu.externaltools.gnu-tools-for-stm32.10.3-2021.10.win32_1.0.200.202301161003/tools/bin/../lib/gcc/arm-none-eabi/10.3.1/../../../../arm-none-eabi/lib/thumb/v7e-m+fp/hard\libc_nano.a(lib_a-reent.o)
                0x000000000800c274                cleanup_glue
 *fill*         0x000000000800c28e        0x2 
 .text._reclaim_reent
                0x000000000800c290       0xb8 c:/st/stm32cubeide_1.12.0/stm32cubeide/plugins/com.st.stm32cube.ide.mcu.externaltools.gnu-tools-for-stm32.10.3-2021.10.win32_1.0.200.202301161003/tools/bin/../lib/gcc/arm-none-eabi/10.3.1/../../../../arm-none-eabi/lib/thumb/v7e-m+fp/hard\libc_nano.a(lib_a-reent.o)
                0x000000000800c290                _reclaim_reent
 .text._sbrk_r  0x000000000800c348       0x20 c:/st/stm32cubeide_1.12.0/stm32cubeide/plugins/com.st.stm32cube.ide.mcu.externaltools.gnu-tools-for-stm32.10.3-2021.10.win32_1.0.200.202301161003/tools/bin/../lib/gcc/arm-none-eabi/10.3.1/../../../../arm-none-eabi/lib/thumb/v7e-m+fp/hard\libc_nano.a(lib_a-sbrkr.o)
                0x000000000800c348                _sbrk_r
 .text.snprintf
                0x000000000800c368       0x68 c:/st/stm32cubeide_1.12.0/stm32cubeide/plugins/com.st.stm32cube.ide.mcu.externaltools.gnu-tools-for-stm32.10.3-2021.10.win32_1.0.200.202301161003/tools/bin/../lib/gcc/arm-none-eabi/10.3.1/../../../../arm-none-eabi/lib/thumb/v7e-m+fp/hard\libc_nano.a(lib_a-snprintf.o)
                0x000000000800c368                sniprintf
                0x000000000800c368                snprintf
 .text.sprintf  0x000000000800c3d0       0x40 c:/st/stm32cubeide_1.12.0/stm32cubeide/plugins/com.st.stm32cube.ide.mcu.externaltools.gnu-tools-for-stm32.10.3-2021.10.win32_1.0.200.202301161003/tools/bin/../lib/gcc/arm-none-eabi/10.3.1/../../../../arm-none-eabi/lib/thumb/v7e-m+fp/hard\libc_nano.a(lib_a-sprintf.o)
                0x000000000800c3d0                siprintf
                0x000000000800c3d0                sprintf
 .text.sscanf   0x000000000800c410       0x58 c:/st/stm32cubeide_1.12.0/stm32cubeide/plugins/com.st.stm32cube.ide.mcu.externaltools.gnu-tools-for-stm32.10.3-2021.10.win32_1.0.200.202301161003/tools/bin/../lib/gcc/arm-none-eabi/10.3.1/../../../../arm-none-eabi/lib/thumb/v7e-m+fp/hard\libc_nano.a(lib_a-sscanf.o)
                0x000000000800c410                siscanf
                0x000000000800c410                sscanf
 .text.__sread  0x000000000800c468       0x22 c:/st/stm32cubeide_1.12.0/stm32cubeide/plugins/com.st.stm32cube.ide.mcu.externaltools.gnu-tools-for-stm32.10.3-2021.10.win32_1.0.200.202301161003/tools/bin/../lib/gcc/arm-none-eabi/10.3.1/../../../../arm-none-eabi/lib/thumb/v7e-m+fp/hard\libc_nano.a(lib_a-stdio.o)
                0x000000000800c468                __sread
 .text.__seofread
                0x000000000800c48a        0x4 c:/st/stm32cubeide_1.12.0/stm32cubeide/plugins/com.st.stm32cube.ide.mcu.externaltools.gnu-tools-for-stm32.10.3-2021.10.win32_1.0.200.202301161003/tools/bin/../lib/gcc/arm-none-eabi/10.3.1/../../../../arm-none-eabi/lib/thumb/v7e-m+fp/hard\libc_nano.a(lib_a-stdio.o)
                0x000000000800c48a                __seofread
 .text.__swrite
                0x000000000800c48e       0x38 c:/st/stm32cubeide_1.12.0/stm32cubeide/plugins/com.st.stm32cube.ide.mcu.externaltools.gnu-tools-for-stm32.10.3-2021.10.win32_1.0.200.202301161003/tools/bin/../lib/gcc/arm-none-eabi/10.3.1/../../../../arm-none-eabi/lib/thumb/v7e-m+fp/hard\libc_nano.a(lib_a-stdio.o)
                0x000000000800c48e                __swrite
 .text.__sseek  0x000000000800c4c6       0x24 c:/st/stm32cubeide_1.12.0/stm32cubeide/plugins/com.st.stm32cube.ide.mcu.externaltools.gnu-tools-for-stm32.10.3-2021.10.win32_1.0.200.202301161003/tools/bin/../lib/gcc/arm-none-eabi/10.3.1/../../../../arm-none-eabi/lib/thumb/v7e-m+fp/hard\libc_nano.a(lib_a-stdio.o)
                0x000000000800c4c6                __sseek
 .text.__sclose
                0x000000000800c4ea        0x8 c:/st/stm32cubeide_1.12.0/stm32cubeide/plugins/com.st.stm32cube.ide.mcu.externaltools.gnu-tools-for-stm32.10.3-2021.10.win32_1.0.200.202301161003/tools/bin/../lib/gcc/arm-none-eabi/10.3.1/../../../../arm-none-eabi/lib/thumb/v7e-m+fp/hard\libc_nano.a(lib_a-stdio.o)
                0x000000000800c4ea                __sclose
 *fill*         0x000000000800c4f2        0x2 
 .text.strcasecmp
                0x000000000800c4f4       0x34 c:/st/stm32cubeide_1.12.0/stm32cubeide/plugins/com.st.stm32cube.ide.mcu.externaltools.gnu-tools-for-stm32.10.3-2021.10.win32_1.0.200.202301161003/tools/bin/../lib/gcc/arm-none-eabi/10.3.1/../../../../arm-none-eabi/lib/thumb/v7e-m+fp/hard\libc_nano.a(lib_a-strcasecmp.o)
                0x000000000800c4f4                strcasecmp
 .text.strcpy   0x000000000800c528       0x10 c:/st/stm32cubeide_1.12.0/stm32cubeide/plugins/com.st.stm32cube.ide.mcu.externaltools.gnu-tools-for-stm32.10.3-2021.10.win32_1.0.200.202301161003/tools/bin/../lib/gcc/arm-none-eabi/10.3.1/../../../../arm-none-eabi/lib/thumb/v7e-m+fp/hard\libc_nano.a(lib_a-strcpy.o)
                0x000000000800c528                strcpy
 .text.strncasecmp
                0x000000000800c538       0x44 c:/st/stm32cubeide_1.12.0/stm32cubeide/plugins/com.st.stm32cube.ide.mcu.externaltools.gnu-tools-for-stm32.10.3-2021.10.win32_1.0.200.202301161003/tools/bin/../lib/gcc/arm-none-eabi/10.3.1/../../../../arm-none-eabi/lib/thumb/v7e-m+fp/hard\libc_nano.a(lib_a-strncasecmp.o)
                0x000000000800c538                strncasecmp
 .text.strncat  0x000000000800c57c       0x26 c:/st/stm32cubeide_1.12.0/stm32cubeide/plugins/com.st.stm32cube.ide.mcu.externaltools.gnu-tools-for-stm32.10.3-2021.10.win32_1.0.200.202301161003/tools/bin/../lib/gcc/arm-none-eabi/10.3.1/../../../../arm-none-eabi/lib/thumb/v7e-m+fp/hard\libc_nano.a(lib_a-strncat.o)
                0x000000000800c57c                strncat
 .text.strncpy  0x000000000800c5a2       0x26 c:/st/stm32cubeide_1.12.0/stm32cubeide/plugins/com.st.stm32cube.ide.mcu.externaltools.gnu-tools-for-stm32.10.3-2021.10.win32_1.0.200.202301161003/tools/bin/../lib/gcc/arm-none-eabi/10.3.1/../../../../arm-none-eabi/lib/thumb/v7e-m+fp/hard\libc_nano.a(lib_a-strncpy.o)
                0x000000000800c5a2                strncpy
 .text.strnlen  0x000000000800c5c8       0x18 c:/st/stm32cubeide_1.12.0/stm32cubeide/plugins/com.st.stm32cube.ide.mcu.externaltools.gnu-tools-for-stm32.10.3-2021.10.win32_1.0.200.202301161003/tools/bin/../lib/gcc/arm-none-eabi/10.3.1/../../../../arm-none-eabi/lib/thumb/v7e-m+fp/hard\libc_nano.a(lib_a-strnlen.o)
                0x000000000800c5c8                strnlen
 .text.__strtok_r
                0x000000000800c5e0       0x50 c:/st/stm32cubeide_1.12.0/stm32cubeide/plugins/com.st.stm32cube.ide.mcu.externaltools.gnu-tools-for-stm32.10.3-2021.10.win32_1.0.200.202301161003/tools/bin/../lib/gcc/arm-none-eabi/10.3.1/../../../../arm-none-eabi/lib/thumb/v7e-m+fp/hard\libc_nano.a(lib_a-strtok_r.o)
                0x000000000800c5e0                __strtok_r
 .text.strtok_r
                0x000000000800c630        0x6 c:/st/stm32cubeide_1.12.0/stm32cubeide/plugins/com.st.stm32cube.ide.mcu.externaltools.gnu-tools-for-stm32.10.3-2021.10.win32_1.0.200.202301161003/tools/bin/../lib/gcc/arm-none-eabi/10.3.1/../../../../arm-none-eabi/lib/thumb/v7e-m+fp/hard\libc_nano.a(lib_a-strtok_r.o)
                0x000000000800c630                strtok_r
 *fill*         0x000000000800c636        0x2 
 .text.vprintf  0x000000000800c638       0x30 c:/st/stm32cubeide_1.12.0/stm32cubeide/plugins/com.st.stm32cube.ide.mcu.externaltools.gnu-tools-for-stm32.10.3-2021.10.win32_1.0.200.202301161003/tools/bin/../lib/gcc/arm-none-eabi/10.3.1/../../../../arm-none-eabi/lib/thumb/v7e-m+fp/hard\libc_nano.a(lib_a-vprintf.o)
                0x000000000800c638                viprintf
                0x000000000800c638                vprintf
 .text.__swbuf_r
                0x000000000800c668       0xa4 c:/st/stm32cubeide_1.12.0/stm32cubeide/plugins/com.st.stm32cube.ide.mcu.externaltools.gnu-tools-for-stm32.10.3-2021.10.win32_1.0.200.202301161003/tools/bin/../lib/gcc/arm-none-eabi/10.3.1/../../../../arm-none-eabi/lib/thumb/v7e-m+fp/hard\libc_nano.a(lib_a-wbuf.o)
                0x000000000800c668                __swbuf_r
 .text._write_r
                0x000000000800c70c       0x24 c:/st/stm32cubeide_1.12.0/stm32cubeide/plugins/com.st.stm32cube.ide.mcu.externaltools.gnu-tools-for-stm32.10.3-2021.10.win32_1.0.200.202301161003/tools/bin/../lib/gcc/arm-none-eabi/10.3.1/../../../../arm-none-eabi/lib/thumb/v7e-m+fp/hard\libc_nano.a(lib_a-writer.o)
                0x000000000800c70c                _write_r
 .text.__swsetup_r
                0x000000000800c730       0xdc c:/st/stm32cubeide_1.12.0/stm32cubeide/plugins/com.st.stm32cube.ide.mcu.externaltools.gnu-tools-for-stm32.10.3-2021.10.win32_1.0.200.202301161003/tools/bin/../lib/gcc/arm-none-eabi/10.3.1/../../../../arm-none-eabi/lib/thumb/v7e-m+fp/hard\libc_nano.a(lib_a-wsetup.o)
                0x000000000800c730                __swsetup_r
 .text.__assert_func
                0x000000000800c80c       0x3c c:/st/stm32cubeide_1.12.0/stm32cubeide/plugins/com.st.stm32cube.ide.mcu.externaltools.gnu-tools-for-stm32.10.3-2021.10.win32_1.0.200.202301161003/tools/bin/../lib/gcc/arm-none-eabi/10.3.1/../../../../arm-none-eabi/lib/thumb/v7e-m+fp/hard\libc_nano.a(lib_a-assert.o)
                0x000000000800c80c                __assert_func
 .text._close_r
                0x000000000800c848       0x20 c:/st/stm32cubeide_1.12.0/stm32cubeide/plugins/com.st.stm32cube.ide.mcu.externaltools.gnu-tools-for-stm32.10.3-2021.10.win32_1.0.200.202301161003/tools/bin/../lib/gcc/arm-none-eabi/10.3.1/../../../../arm-none-eabi/lib/thumb/v7e-m+fp/hard\libc_nano.a(lib_a-closer.o)
                0x000000000800c848                _close_r
 .text.__sflush_r
                0x000000000800c868      0x10c c:/st/stm32cubeide_1.12.0/stm32cubeide/plugins/com.st.stm32cube.ide.mcu.externaltools.gnu-tools-for-stm32.10.3-2021.10.win32_1.0.200.202301161003/tools/bin/../lib/gcc/arm-none-eabi/10.3.1/../../../../arm-none-eabi/lib/thumb/v7e-m+fp/hard\libc_nano.a(lib_a-fflush.o)
                0x000000000800c868                __sflush_r
 .text._fflush_r
                0x000000000800c974       0x78 c:/st/stm32cubeide_1.12.0/stm32cubeide/plugins/com.st.stm32cube.ide.mcu.externaltools.gnu-tools-for-stm32.10.3-2021.10.win32_1.0.200.202301161003/tools/bin/../lib/gcc/arm-none-eabi/10.3.1/../../../../arm-none-eabi/lib/thumb/v7e-m+fp/hard\libc_nano.a(lib_a-fflush.o)
                0x000000000800c974                _fflush_r
 .text.fprintf  0x000000000800c9ec       0x24 c:/st/stm32cubeide_1.12.0/stm32cubeide/plugins/com.st.stm32cube.ide.mcu.externaltools.gnu-tools-for-stm32.10.3-2021.10.win32_1.0.200.202301161003/tools/bin/../lib/gcc/arm-none-eabi/10.3.1/../../../../arm-none-eabi/lib/thumb/v7e-m+fp/hard\libc_nano.a(lib_a-fprintf.o)
                0x000000000800c9ec                fiprintf
                0x000000000800c9ec                fprintf
 .text._lseek_r
                0x000000000800ca10       0x24 c:/st/stm32cubeide_1.12.0/stm32cubeide/plugins/com.st.stm32cube.ide.mcu.externaltools.gnu-tools-for-stm32.10.3-2021.10.win32_1.0.200.202301161003/tools/bin/../lib/gcc/arm-none-eabi/10.3.1/../../../../arm-none-eabi/lib/thumb/v7e-m+fp/hard\libc_nano.a(lib_a-lseekr.o)
                0x000000000800ca10                _lseek_r
 .text.__swhatbuf_r
                0x000000000800ca34       0x4a c:/st/stm32cubeide_1.12.0/stm32cubeide/plugins/com.st.stm32cube.ide.mcu.externaltools.gnu-tools-for-stm32.10.3-2021.10.win32_1.0.200.202301161003/tools/bin/../lib/gcc/arm-none-eabi/10.3.1/../../../../arm-none-eabi/lib/thumb/v7e-m+fp/hard\libc_nano.a(lib_a-makebuf.o)
                0x000000000800ca34                __swhatbuf_r
 *fill*         0x000000000800ca7e        0x2 
 .text.__smakebuf_r
                0x000000000800ca80       0x80 c:/st/stm32cubeide_1.12.0/stm32cubeide/plugins/com.st.stm32cube.ide.mcu.externaltools.gnu-tools-for-stm32.10.3-2021.10.win32_1.0.200.202301161003/tools/bin/../lib/gcc/arm-none-eabi/10.3.1/../../../../arm-none-eabi/lib/thumb/v7e-m+fp/hard\libc_nano.a(lib_a-makebuf.o)
                0x000000000800ca80                __smakebuf_r
 .text.malloc   0x000000000800cb00       0x10 c:/st/stm32cubeide_1.12.0/stm32cubeide/plugins/com.st.stm32cube.ide.mcu.externaltools.gnu-tools-for-stm32.10.3-2021.10.win32_1.0.200.202301161003/tools/bin/../lib/gcc/arm-none-eabi/10.3.1/../../../../arm-none-eabi/lib/thumb/v7e-m+fp/hard\libc_nano.a(lib_a-malloc.o)
                0x000000000800cb00                malloc
 .text.__malloc_lock
                0x000000000800cb10        0xc c:/st/stm32cubeide_1.12.0/stm32cubeide/plugins/com.st.stm32cube.ide.mcu.externaltools.gnu-tools-for-stm32.10.3-2021.10.win32_1.0.200.202301161003/tools/bin/../lib/gcc/arm-none-eabi/10.3.1/../../../../arm-none-eabi/lib/thumb/v7e-m+fp/hard\libc_nano.a(lib_a-mlock.o)
                0x000000000800cb10                __malloc_lock
 .text.__malloc_unlock
                0x000000000800cb1c        0xc c:/st/stm32cubeide_1.12.0/stm32cubeide/plugins/com.st.stm32cube.ide.mcu.externaltools.gnu-tools-for-stm32.10.3-2021.10.win32_1.0.200.202301161003/tools/bin/../lib/gcc/arm-none-eabi/10.3.1/../../../../arm-none-eabi/lib/thumb/v7e-m+fp/hard\libc_nano.a(lib_a-mlock.o)
                0x000000000800cb1c                __malloc_unlock
 .text._free_r  0x000000000800cb28       0x98 c:/st/stm32cubeide_1.12.0/stm32cubeide/plugins/com.st.stm32cube.ide.mcu.externaltools.gnu-tools-for-stm32.10.3-2021.10.win32_1.0.200.202301161003/tools/bin/../lib/gcc/arm-none-eabi/10.3.1/../../../../arm-none-eabi/lib/thumb/v7e-m+fp/hard\libc_nano.a(lib_a-nano-freer.o)
                0x000000000800cb28                _free_r
 .text.__ssputs_r
                0x000000000800cbc0       0xb6 c:/st/stm32cubeide_1.12.0/stm32cubeide/plugins/com.st.stm32cube.ide.mcu.externaltools.gnu-tools-for-stm32.10.3-2021.10.win32_1.0.200.202301161003/tools/bin/../lib/gcc/arm-none-eabi/10.3.1/../../../../arm-none-eabi/lib/thumb/v7e-m+fp/hard\libc_nano.a(lib_a-nano-svfprintf.o)
                0x000000000800cbc0                __ssputs_r
 *fill*         0x000000000800cc76        0x2 
 .text._svfprintf_r
                0x000000000800cc78      0x200 c:/st/stm32cubeide_1.12.0/stm32cubeide/plugins/com.st.stm32cube.ide.mcu.externaltools.gnu-tools-for-stm32.10.3-2021.10.win32_1.0.200.202301161003/tools/bin/../lib/gcc/arm-none-eabi/10.3.1/../../../../arm-none-eabi/lib/thumb/v7e-m+fp/hard\libc_nano.a(lib_a-nano-svfprintf.o)
                0x000000000800cc78                _svfiprintf_r
                0x000000000800cc78                _svfprintf_r
 .text._sungetc_r
                0x000000000800ce78       0x7a c:/st/stm32cubeide_1.12.0/stm32cubeide/plugins/com.st.stm32cube.ide.mcu.externaltools.gnu-tools-for-stm32.10.3-2021.10.win32_1.0.200.202301161003/tools/bin/../lib/gcc/arm-none-eabi/10.3.1/../../../../arm-none-eabi/lib/thumb/v7e-m+fp/hard\libc_nano.a(lib_a-nano-svfscanf.o)
                0x000000000800ce78                _sungetc_r
 .text.__ssrefill_r