Archive member included to satisfy reference by file (symbol)

csp_build/libcsp.a(csp_time.c.2.o)
                              build/main.o (csp_get_ms)
csp_build/libcsp.a(csp_buffer.c.2.o)
                              build/csp_if_can_stm32.o (csp_buffer_get_isr)
csp_build/libcsp.a(csp_conn.c.2.o)
                              build/main.o (csp_close)
csp_build/libcsp.a(csp_debug.c.2.o)
                              build/main.o (do_csp_debug)
csp_build/libcsp.a(csp_endian.c.2.o)
                              build/csp_if_can_stm32.o (csp_hton16)
csp_build/libcsp.a(csp_iflist.c.2.o)
                              build/csp_if_can_stm32.o (csp_iflist_add)
csp_build/libcsp.a(csp_init.c.2.o)
                              build/main.o (csp_init)
csp_build/libcsp.a(csp_io.c.2.o)
                              build/main.o (csp_read)
csp_build/libcsp.a(csp_port.c.2.o)
                              csp_build/libcsp.a(csp_init.c.2.o) (csp_port_init)
csp_build/libcsp.a(csp_qfifo.c.2.o)
                              csp_build/libcsp.a(csp_init.c.2.o) (csp_qfifo_init)
csp_build/libcsp.a(csp_if_can_pbuf.c.2.o)
                              build/csp_if_can_stm32.o (csp_can_pbuf_free)
csp_build/libcsp.a(csp_if_lo.c.2.o)
                              csp_build/libcsp.a(csp_init.c.2.o) (csp_if_lo)
csp_build/libcsp.a(csp_rtable.c.2.o)
                              build/main.o (csp_rtable_set)
csp_build/libcsp.a(csp_rtable_static.c.2.o)
                              csp_build/libcsp.a(csp_io.c.2.o) (csp_rtable_find_route)
csp_build/libcsp.a(csp_time.c.2.o)
                              csp_build/libcsp.a(csp_init.c.2.o) (csp_get_uptime_s)
csp_build/libcsp.a(csp_malloc.c.2.o)
                              csp_build/libcsp.a(csp_buffer.c.2.o) (csp_malloc)
csp_build/libcsp.a(csp_queue.c.2.o)
                              csp_build/libcsp.a(csp_buffer.c.2.o) (csp_queue_create)
csp_build/libcsp.a(csp_semaphore.c.2.o)
                              csp_build/libcsp.a(csp_conn.c.2.o) (csp_bin_sem_create)
csp_build/libcsp.a(csp_system.c.2.o)
                              csp_build/libcsp.a(csp_debug.c.2.o) (csp_sys_set_color)
c:/program files (x86)/gnu arm embedded toolchain/10 2020-q4-major/bin/../lib/gcc/arm-none-eabi/10.2.1/../../../../arm-none-eabi/lib/thumb/v7e-m+fp/hard\libc_nano.a(lib_a-calloc.o)
                              build/can_stm32.o (calloc)
c:/program files (x86)/gnu arm embedded toolchain/10 2020-q4-major/bin/../lib/gcc/arm-none-eabi/10.2.1/../../../../arm-none-eabi/lib/thumb/v7e-m+fp/hard\libc_nano.a(lib_a-exit.o)
                              c:/program files (x86)/gnu arm embedded toolchain/10 2020-q4-major/bin/../lib/gcc/arm-none-eabi/10.2.1/../../../../arm-none-eabi/lib/thumb/v7e-m+fp/hard/crt0.o (exit)
c:/program files (x86)/gnu arm embedded toolchain/10 2020-q4-major/bin/../lib/gcc/arm-none-eabi/10.2.1/../../../../arm-none-eabi/lib/thumb/v7e-m+fp/hard\libc_nano.a(lib_a-impure.o)
                              c:/program files (x86)/gnu arm embedded toolchain/10 2020-q4-major/bin/../lib/gcc/arm-none-eabi/10.2.1/../../../../arm-none-eabi/lib/thumb/v7e-m+fp/hard\libc_nano.a(lib_a-exit.o) (_global_impure_ptr)
c:/program files (x86)/gnu arm embedded toolchain/10 2020-q4-major/bin/../lib/gcc/arm-none-eabi/10.2.1/../../../../arm-none-eabi/lib/thumb/v7e-m+fp/hard\libc_nano.a(lib_a-init.o)
                              c:/program files (x86)/gnu arm embedded toolchain/10 2020-q4-major/bin/../lib/gcc/arm-none-eabi/10.2.1/../../../../arm-none-eabi/lib/thumb/v7e-m+fp/hard/crt0.o (__libc_init_array)
c:/program files (x86)/gnu arm embedded toolchain/10 2020-q4-major/bin/../lib/gcc/arm-none-eabi/10.2.1/../../../../arm-none-eabi/lib/thumb/v7e-m+fp/hard\libc_nano.a(lib_a-memcpy-stub.o)
                              build/queue.o (memcpy)
c:/program files (x86)/gnu arm embedded toolchain/10 2020-q4-major/bin/../lib/gcc/arm-none-eabi/10.2.1/../../../../arm-none-eabi/lib/thumb/v7e-m+fp/hard\libc_nano.a(lib_a-memset.o)
                              c:/program files (x86)/gnu arm embedded toolchain/10 2020-q4-major/bin/../lib/gcc/arm-none-eabi/10.2.1/../../../../arm-none-eabi/lib/thumb/v7e-m+fp/hard/crt0.o (memset)
c:/program files (x86)/gnu arm embedded toolchain/10 2020-q4-major/bin/../lib/gcc/arm-none-eabi/10.2.1/../../../../arm-none-eabi/lib/thumb/v7e-m+fp/hard\libc_nano.a(lib_a-nano-callocr.o)
                              c:/program files (x86)/gnu arm embedded toolchain/10 2020-q4-major/bin/../lib/gcc/arm-none-eabi/10.2.1/../../../../arm-none-eabi/lib/thumb/v7e-m+fp/hard\libc_nano.a(lib_a-calloc.o) (_calloc_r)
c:/program files (x86)/gnu arm embedded toolchain/10 2020-q4-major/bin/../lib/gcc/arm-none-eabi/10.2.1/../../../../arm-none-eabi/lib/thumb/v7e-m+fp/hard\libc_nano.a(lib_a-nano-mallocr.o)
                              c:/program files (x86)/gnu arm embedded toolchain/10 2020-q4-major/bin/../lib/gcc/arm-none-eabi/10.2.1/../../../../arm-none-eabi/lib/thumb/v7e-m+fp/hard\libc_nano.a(lib_a-nano-callocr.o) (_malloc_r)
[...]
Memory Configuration

Name             Origin             Length             Attributes
RAM              0x20000000         0x00050000         xrw
FLASH            0x08000000         0x00100000         xr
*default*        0x00000000         0xffffffff

Linker script and memory map

LOAD c:/program files (x86)/gnu arm embedded toolchain/10 2020-q4-major/bin/../lib/gcc/arm-none-eabi/10.2.1/thumb/v7e-m+fp/hard/crti.o
LOAD c:/program files (x86)/gnu arm embedded toolchain/10 2020-q4-major/bin/../lib/gcc/arm-none-eabi/10.2.1/thumb/v7e-m+fp/hard/crtbegin.o
LOAD c:/program files (x86)/gnu arm embedded toolchain/10 2020-q4-major/bin/../lib/gcc/arm-none-eabi/10.2.1/../../../../arm-none-eabi/lib/thumb/v7e-m+fp/hard/crt0.o
LOAD build/main.o
LOAD build/freertos.o
LOAD build/stm32f7xx_it.o
LOAD build/stm32f7xx_hal_msp.o
LOAD build/stm32f7xx_hal_timebase_tim.o
LOAD build/stm32f7xx_hal_can.o
LOAD build/stm32f7xx_hal_rcc.o
LOAD build/stm32f7xx_hal_rcc_ex.o
LOAD build/stm32f7xx_hal_flash.o
LOAD build/stm32f7xx_hal_flash_ex.o
LOAD build/stm32f7xx_hal_gpio.o
LOAD build/stm32f7xx_hal_dma.o
LOAD build/stm32f7xx_hal_dma_ex.o
LOAD build/stm32f7xx_hal_pwr.o
LOAD build/stm32f7xx_hal_pwr_ex.o
LOAD build/stm32f7xx_hal_cortex.o
LOAD build/stm32f7xx_hal.o
LOAD build/stm32f7xx_hal_i2c.o
LOAD build/stm32f7xx_hal_i2c_ex.o
LOAD build/stm32f7xx_hal_exti.o
LOAD build/stm32f7xx_hal_eth.o
LOAD build/stm32f7xx_hal_tim.o
LOAD build/stm32f7xx_hal_tim_ex.o
LOAD build/stm32f7xx_hal_uart.o
LOAD build/stm32f7xx_hal_uart_ex.o
LOAD build/stm32f7xx_hal_pcd.o
LOAD build/stm32f7xx_hal_pcd_ex.o
LOAD build/stm32f7xx_ll_usb.o
LOAD build/system_stm32f7xx.o
LOAD build/croutine.o
LOAD build/event_groups.o
LOAD build/list.o
LOAD build/queue.o
LOAD build/stream_buffer.o
LOAD build/tasks.o
LOAD build/timers.o
LOAD build/cmsis_os2.o
LOAD build/heap_4.o
LOAD build/port.o
LOAD build/can_stm32.o
LOAD build/csp_if_can_stm32.o
LOAD build/startup_stm32f746zgtx.o
LOAD csp_build/libcsp.a
LOAD c:/program files (x86)/gnu arm embedded toolchain/10 2020-q4-major/bin/../lib/gcc/arm-none-eabi/10.2.1/../../../../arm-none-eabi/lib/thumb/v7e-m+fp/hard\libc_nano.a
LOAD c:/program files (x86)/gnu arm embedded toolchain/10 2020-q4-major/bin/../lib/gcc/arm-none-eabi/10.2.1/../../../../arm-none-eabi/lib/thumb/v7e-m+fp/hard\libm.a
LOAD c:/program files (x86)/gnu arm embedded toolchain/10 2020-q4-major/bin/../lib/gcc/arm-none-eabi/10.2.1/../../../../arm-none-eabi/lib/thumb/v7e-m+fp/hard\libnosys.a
START GROUP
LOAD c:/program files (x86)/gnu arm embedded toolchain/10 2020-q4-major/bin/../lib/gcc/arm-none-eabi/10.2.1/thumb/v7e-m+fp/hard\libgcc.a
LOAD c:/program files (x86)/gnu arm embedded toolchain/10 2020-q4-major/bin/../lib/gcc/arm-none-eabi/10.2.1/../../../../arm-none-eabi/lib/thumb/v7e-m+fp/hard\libc_nano.a
END GROUP
START GROUP
LOAD c:/program files (x86)/gnu arm embedded toolchain/10 2020-q4-major/bin/../lib/gcc/arm-none-eabi/10.2.1/thumb/v7e-m+fp/hard\libgcc.a
LOAD c:/program files (x86)/gnu arm embedded toolchain/10 2020-q4-major/bin/../lib/gcc/arm-none-eabi/10.2.1/../../../../arm-none-eabi/lib/thumb/v7e-m+fp/hard\libc_nano.a
END GROUP
LOAD c:/program files (x86)/gnu arm embedded toolchain/10 2020-q4-major/bin/../lib/gcc/arm-none-eabi/10.2.1/thumb/v7e-m+fp/hard/crtend.o
LOAD c:/program files (x86)/gnu arm embedded toolchain/10 2020-q4-major/bin/../lib/gcc/arm-none-eabi/10.2.1/thumb/v7e-m+fp/hard/crtn.o
                0x20050000                _estack = (ORIGIN (RAM) + LENGTH (RAM))
                0x00000200                _Min_Heap_Size = 0x200
                0x00000400                _Min_Stack_Size = 0x400

.isr_vector     0x08000000      0x1c8
                0x08000000                . = ALIGN (0x4)
 *(.isr_vector)
 .isr_vector    0x08000000      0x1c8 build/startup_stm32f746zgtx.o
                0x08000000                g_pfnVectors
                0x080001c8                . = ALIGN (0x4)

.text           0x080001d0     0x9ee4
                0x080001d0                . = ALIGN (0x4)
 *(.text)
 .text          0x080001d0       0x40 c:/program files (x86)/gnu arm embedded toolchain/10 2020-q4-major/bin/../lib/gcc/arm-none-eabi/10.2.1/thumb/v7e-m+fp/hard/crtbegin.o
 .text          0x08000210       0x28 csp_build/libcsp.a(csp_time.c.2.o)
                0x08000210                csp_get_ms
                0x08000214                csp_get_ms_isr
                0x08000218                csp_get_s
                0x08000228                csp_get_s_isr
 .text          0x08000238      0x278 csp_build/libcsp.a(csp_buffer.c.2.o)
                0x08000238                csp_buffer_free_resources
                0x08000258                csp_buffer_init
                0x080002c0                csp_buffer_get_isr
                0x08000300                csp_buffer_get
                0x08000390                csp_buffer_free_isr
                0x080003cc                csp_buffer_free
                0x08000464                csp_buffer_clone
                0x0800048c                csp_buffer_remaining
                0x08000498                csp_buffer_size
                0x080004a4                csp_buffer_data_size
 .text          0x080004b0      0x570 csp_build/libcsp.a(csp_conn.c.2.o)
                0x080004d2                csp_conn_check_timeouts
                0x080004d4                csp_conn_get_rxq
                0x080004d8                csp_conn_enqueue_packet
                0x08000524                csp_conn_init
                0x080005f4                csp_conn_free_resources
                0x08000634                csp_conn_find
                0x0800066c                csp_conn_allocate
                0x08000718                csp_conn_new
                0x0800073c                csp_conn_close
                0x080007b4                csp_close
                0x080007ba                csp_connect
                0x080008f8                csp_conn_dport
                0x08000900                csp_conn_sport
                0x08000908                csp_conn_dst
                0x08000910                csp_conn_src
                0x08000918                csp_conn_flags
                0x0800091c                csp_conn_print_table
                0x08000978                csp_conn_print_table_str
                0x08000a0c                csp_conn_get_array
 .text          0x08000a20       0xa4 csp_build/libcsp.a(csp_debug.c.2.o)
                0x08000a20                csp_debug_hook_set
                0x08000a2c                do_csp_debug
                0x08000a90                csp_debug_set_level
                0x08000aa0                csp_debug_get_level
                0x08000ab0                csp_debug_toggle_level
 .text          0x08000ac4       0x88 csp_build/libcsp.a(csp_endian.c.2.o)
                0x08000ac4                csp_hton16
                0x08000aca                csp_ntoh16
                0x08000ad0                csp_hton32
                0x08000ad4                csp_ntoh32
                0x08000ad8                csp_hton64
                0x08000ae0                csp_ntoh64
                0x08000ae4                csp_htobe16
                0x08000aea                csp_htole16
                0x08000aec                csp_betoh16
                0x08000af2                csp_letoh16
                0x08000af4                csp_htobe32
                0x08000af8                csp_htole32
                0x08000afa                csp_betoh32
                0x08000afe                csp_letoh32
                0x08000b00                csp_htobe64
                0x08000b04                csp_htole64
                0x08000b06                csp_betoh64
                0x08000b0a                csp_letoh64
                0x08000b0c                csp_htonflt
                0x08000b1c                csp_ntohflt
                0x08000b2c                csp_htondbl
                0x08000b3c                csp_ntohdbl
 .text          0x08000b4c      0x134 csp_build/libcsp.a(csp_iflist.c.2.o)
                0x08000b4c                csp_iflist_get_by_name
                0x08000b70                csp_iflist_add
                0x08000bac                csp_iflist_get
                0x08000bb8                csp_bytesize
                0x08000c1c                csp_iflist_print
 .text          0x08000c80       0xac csp_build/libcsp.a(csp_init.c.2.o)
                0x08000c80                csp_get_address
                0x08000c8c                csp_init
                0x08000cfc                csp_free_resources
                0x08000d24                csp_get_conf
 .text          0x08000d2c      0x494 csp_build/libcsp.a(csp_io.c.2.o)
                0x08000d2c                csp_socket
                0x08000df4                csp_accept
                0x08000e16                csp_read
                0x08000e3e                csp_send_direct
                0x08000f6c                csp_send
                0x08000fbc                csp_send_prio
                0x08000fd4                csp_transaction_persistent
                0x08001074                csp_transaction_w_opts
                0x080010aa                csp_recvfrom
                0x080010d0                csp_sendto
                0x08001190                csp_sendto_reply
 .text          0x080011c0      0x120 csp_build/libcsp.a(csp_port.c.2.o)
                0x080011c0                csp_port_get_socket
                0x080011f8                csp_port_init
                0x0800121c                csp_port_free_resources
                0x08001230                csp_listen
                0x0800125a                csp_bind
 .text          0x080012e0      0x114 csp_build/libcsp.a(csp_qfifo.c.2.o)
                0x080012e0                csp_qfifo_init
                0x0800130c                csp_qfifo_free_resources
                0x08001324                csp_qfifo_read
                0x08001344                csp_qfifo_write
                0x080013d8                csp_qfifo_wake_up
 .text          0x080013f4       0x2c csp_build/libcsp.a(csp_if_lo.c.2.o)
 .text          0x08001420      0x310 csp_build/libcsp.a(csp_rtable.c.2.o)
                0x08001508                csp_rtable_set
                0x080016d8                csp_rtable_load
                0x080016dc                csp_rtable_check
                0x080016e0                csp_rtable_save
                0x08001704                csp_rtable_clear
                0x08001724                csp_rtable_print
 .text          0x08001730       0xcc csp_build/libcsp.a(csp_rtable_static.c.2.o)
                0x08001730                csp_rtable_find_route
                0x08001754                csp_rtable_set_internal
                0x080017a0                csp_rtable_free
                0x080017b0                csp_rtable_iterate
 .text          0x080017fc       0x18 csp_build/libcsp.a(csp_time.c.2.o)
                0x080017fc                csp_get_uptime_s
 .text          0x08001814       0x28 csp_build/libcsp.a(csp_malloc.c.2.o)
                0x08001814                csp_malloc
                0x08001818                csp_calloc
                0x08001838                csp_free
 .text          0x0800183c       0x26 csp_build/libcsp.a(csp_queue.c.2.o)
                0x0800183c                csp_queue_create
                0x08001842                csp_queue_remove
                0x08001846                csp_queue_enqueue
                0x0800184c                csp_queue_enqueue_isr
                0x08001852                csp_queue_dequeue
                0x08001856                csp_queue_dequeue_isr
                0x0800185a                csp_queue_size
                0x0800185e                csp_queue_size_isr
 *fill*         0x08001862        0x2 
 .text          0x08001864       0xe0 csp_build/libcsp.a(csp_semaphore.c.2.o)
                0x08001864                csp_mutex_create
                0x08001878                csp_bin_sem_create
                0x08001898                csp_bin_sem_remove
                0x080018a8                csp_mutex_remove
                0x080018ac                csp_bin_sem_wait
                0x080018dc                csp_mutex_lock
                0x080018e0                csp_bin_sem_post
                0x08001910                csp_mutex_unlock
                0x08001914                csp_bin_sem_post_isr
 .text          0x08001944       0x5c csp_build/libcsp.a(csp_system.c.2.o)
                0x08001944                csp_sys_tasklist
                0x0800194e                csp_sys_tasklist_size
                0x0800195a                csp_sys_memfree
                0x0800195e                csp_sys_set_color
 .text          0x080019a0       0x10 c:/program files (x86)/gnu arm embedded toolchain/10 2020-q4-major/bin/../lib/gcc/arm-none-eabi/10.2.1/../../../../arm-none-eabi/lib/thumb/v7e-m+fp/hard\libc_nano.a(lib_a-strlen.o)
                0x080019a0                strlen
 .text          0x080019b0       0xa0 c:/program files (x86)/gnu arm embedded toolchain/10 2020-q4-major/bin/../lib/gcc/arm-none-eabi/10.2.1/../../../../arm-none-eabi/lib/thumb/v7e-m+fp/hard\libc_nano.a(lib_a-memchr.o)
                0x080019b0                memchr
 .text          0x08001a50      0x254 c:/program files (x86)/gnu arm embedded toolchain/10 2020-q4-major/bin/../lib/gcc/arm-none-eabi/10.2.1/thumb/v7e-m+fp/hard\libgcc.a(_arm_muldf3.o)
                0x08001a50                __muldf3
                0x08001a50                __aeabi_dmul
 .text          0x08001ca4      0x378 c:/program files (x86)/gnu arm embedded toolchain/10 2020-q4-major/bin/../lib/gcc/arm-none-eabi/10.2.1/thumb/v7e-m+fp/hard\libgcc.a(_arm_addsubdf3.o)
                0x08001ca4                __aeabi_drsub
                0x08001cac                __aeabi_dsub
                0x08001cac                __subdf3
                0x08001cb0                __aeabi_dadd
                0x08001cb0                __adddf3
                0x08001f28                __floatunsidf
                0x08001f28                __aeabi_ui2d
                0x08001f48                __floatsidf
                0x08001f48                __aeabi_i2d
                0x08001f6c                __aeabi_f2d
                0x08001f6c                __extendsfdf2
                0x08001fb0                __floatundidf
                0x08001fb0                __aeabi_ul2d
                0x08001fc0                __floatdidf
                0x08001fc0                __aeabi_l2d
 .text          0x0800201c       0x30 c:/program files (x86)/gnu arm embedded toolchain/10 2020-q4-major/bin/../lib/gcc/arm-none-eabi/10.2.1/thumb/v7e-m+fp/hard\libgcc.a(_aeabi_uldivmod.o)
                0x0800201c                __aeabi_uldivmod
 .text          0x0800204c      0x2d0 c:/program files (x86)/gnu arm embedded toolchain/10 2020-q4-major/bin/../lib/gcc/arm-none-eabi/10.2.1/thumb/v7e-m+fp/hard\libgcc.a(_udivmoddi4.o)
                0x0800204c                __udivmoddi4
 .text          0x0800231c        0x4 c:/program files (x86)/gnu arm embedded toolchain/10 2020-q4-major/bin/../lib/gcc/arm-none-eabi/10.2.1/thumb/v7e-m+fp/hard\libgcc.a(_dvmd_tls.o)
                0x0800231c                __aeabi_idiv0
                0x0800231c                __aeabi_ldiv0
 *(.text*)
 .text.MX_GPIO_Init
                0x08002320       0xfc build/main.o
 .text.StartDefaultTask
                0x0800241c       0x18 build/main.o
                0x0800241c                StartDefaultTask
 .text.CSPReceive
                0x08002434       0x1c build/main.o
                0x08002434                CSPReceive
 .text.CSPSend  0x08002450       0xa0 build/main.o
                0x08002450                CSPSend
 .text.HAL_TIM_PeriodElapsedCallback
                0x080024f0       0x18 build/main.o
                0x080024f0                HAL_TIM_PeriodElapsedCallback
 .text.Error_Handler
                0x08002508        0x4 build/main.o
                0x08002508                Error_Handler
 .text.MX_ETH_Init
                0x0800250c       0x6c build/main.o
 .text.MX_USART3_UART_Init
                0x08002578       0x38 build/main.o
 .text.MX_USB_OTG_FS_PCD_Init
                0x080025b0       0x34 build/main.o
 .text.MX_CAN1_Init
                0x080025e4       0x78 build/main.o
 .text.SystemClock_Config
                0x0800265c       0xa8 build/main.o
                0x0800265c                SystemClock_Config
 .text.main     0x08002704      0x164 build/main.o
                0x08002704                main
 .text.NMI_Handler
                0x08002868        0x2 build/stm32f7xx_it.o
                0x08002868                NMI_Handler
 .text.HardFault_Handler
                0x0800286a        0x2 build/stm32f7xx_it.o
                0x0800286a                HardFault_Handler
 .text.MemManage_Handler
                0x0800286c        0x2 build/stm32f7xx_it.o
                0x0800286c                MemManage_Handler
 .text.BusFault_Handler
                0x0800286e        0x2 build/stm32f7xx_it.o
                0x0800286e                BusFault_Handler
 .text.UsageFault_Handler
                0x08002870        0x2 build/stm32f7xx_it.o
                0x08002870                UsageFault_Handler
 .text.DebugMon_Handler
                0x08002872        0x2 build/stm32f7xx_it.o
                0x08002872                DebugMon_Handler
 .text.CAN1_RX0_IRQHandler
                0x08002874       0x10 build/stm32f7xx_it.o
                0x08002874                CAN1_RX0_IRQHandler
 .text.TIM6_DAC_IRQHandler
                0x08002884       0x10 build/stm32f7xx_it.o
                0x08002884                TIM6_DAC_IRQHandler
 .text.HAL_MspInit
                0x08002894       0x40 build/stm32f7xx_hal_msp.o
                0x08002894                HAL_MspInit
 .text.HAL_CAN_MspInit
                0x080028d4       0x98 build/stm32f7xx_hal_msp.o
                0x080028d4                HAL_CAN_MspInit
 .text.HAL_ETH_MspInit
                0x0800296c      0x110 build/stm32f7xx_hal_msp.o
                0x0800296c                HAL_ETH_MspInit
 .text.HAL_UART_MspInit
                0x08002a7c       0x8c build/stm32f7xx_hal_msp.o
                0x08002a7c                HAL_UART_MspInit
 .text.HAL_PCD_MspInit
                0x08002b08       0xb0 build/stm32f7xx_hal_msp.o
                0x08002b08                HAL_PCD_MspInit
 .text.HAL_InitTick
                0x08002bb8       0xa0 build/stm32f7xx_hal_timebase_tim.o
                0x08002bb8                HAL_InitTick
 .text.HAL_CAN_Init
                0x08002c58      0x14c build/stm32f7xx_hal_can.o
                0x08002c58                HAL_CAN_Init
 .text.HAL_CAN_ConfigFilter
                0x08002da4      0x138 build/stm32f7xx_hal_can.o
                0x08002da4                HAL_CAN_ConfigFilter
 .text.HAL_CAN_Start
                0x08002edc       0x5c build/stm32f7xx_hal_can.o
                0x08002edc                HAL_CAN_Start
 .text.HAL_CAN_AddTxMessage
                0x08002f38       0xea build/stm32f7xx_hal_can.o
                0x08002f38                HAL_CAN_AddTxMessage
 .text.HAL_CAN_TxMailbox0CompleteCallback
                0x08003022        0x2 build/stm32f7xx_hal_can.o
                0x08003022                HAL_CAN_TxMailbox0CompleteCallback
 .text.HAL_CAN_TxMailbox1CompleteCallback
                0x08003024        0x2 build/stm32f7xx_hal_can.o
                0x08003024                HAL_CAN_TxMailbox1CompleteCallback
 .text.HAL_CAN_TxMailbox2CompleteCallback
                0x08003026        0x2 build/stm32f7xx_hal_can.o
                0x08003026                HAL_CAN_TxMailbox2CompleteCallback
 .text.HAL_CAN_TxMailbox0AbortCallback
                0x08003028        0x2 build/stm32f7xx_hal_can.o
                0x08003028                HAL_CAN_TxMailbox0AbortCallback
 .text.HAL_CAN_TxMailbox1AbortCallback
                0x0800302a        0x2 build/stm32f7xx_hal_can.o
                0x0800302a                HAL_CAN_TxMailbox1AbortCallback
 .text.HAL_CAN_TxMailbox2AbortCallback
                0x0800302c        0x2 build/stm32f7xx_hal_can.o
                0x0800302c                HAL_CAN_TxMailbox2AbortCallback
 .text.HAL_CAN_RxFifo0MsgPendingCallback
                0x0800302e        0x2 build/stm32f7xx_hal_can.o
                0x0800302e                HAL_CAN_RxFifo0MsgPendingCallback
 .text.HAL_CAN_RxFifo0FullCallback
                0x08003030        0x2 build/stm32f7xx_hal_can.o
                0x08003030                HAL_CAN_RxFifo0FullCallback
 .text.HAL_CAN_RxFifo1MsgPendingCallback
                0x08003032        0x2 build/stm32f7xx_hal_can.o
                0x08003032                HAL_CAN_RxFifo1MsgPendingCallback
 .text.HAL_CAN_RxFifo1FullCallback
                0x08003034        0x2 build/stm32f7xx_hal_can.o
                0x08003034                HAL_CAN_RxFifo1FullCallback
 .text.HAL_CAN_SleepCallback
                0x08003036        0x2 build/stm32f7xx_hal_can.o
                0x08003036                HAL_CAN_SleepCallback
 .text.HAL_CAN_WakeUpFromRxMsgCallback
                0x08003038        0x2 build/stm32f7xx_hal_can.o
                0x08003038                HAL_CAN_WakeUpFromRxMsgCallback
 .text.HAL_CAN_ErrorCallback
                0x0800303a        0x2 build/stm32f7xx_hal_can.o
                0x0800303a                HAL_CAN_ErrorCallback
 .text.HAL_CAN_IRQHandler
                0x0800303c      0x24a build/stm32f7xx_hal_can.o
                0x0800303c                HAL_CAN_IRQHandler
 *fill*         0x08003286        0x2 
 .text.HAL_RCC_OscConfig
                0x08003288      0x434 build/stm32f7xx_hal_rcc.o
                0x08003288                HAL_RCC_OscConfig
 .text.HAL_RCC_GetSysClockFreq
                0x080036bc       0xd4 build/stm32f7xx_hal_rcc.o
                0x080036bc                HAL_RCC_GetSysClockFreq
 .text.HAL_RCC_ClockConfig
                0x08003790      0x16c build/stm32f7xx_hal_rcc.o
                0x08003790                HAL_RCC_ClockConfig
 .text.HAL_RCC_GetHCLKFreq
                0x080038fc        0xc build/stm32f7xx_hal_rcc.o
                0x080038fc                HAL_RCC_GetHCLKFreq
 .text.HAL_RCC_GetPCLK1Freq
                0x08003908       0x20 build/stm32f7xx_hal_rcc.o
                0x08003908                HAL_RCC_GetPCLK1Freq
 .text.HAL_RCC_GetPCLK2Freq
                0x08003928       0x20 build/stm32f7xx_hal_rcc.o
                0x08003928                HAL_RCC_GetPCLK2Freq
 .text.HAL_RCC_GetClockConfig
                0x08003948       0x3c build/stm32f7xx_hal_rcc.o
                0x08003948                HAL_RCC_GetClockConfig
 .text.HAL_RCCEx_PeriphCLKConfig
                0x08003984      0x5ac build/stm32f7xx_hal_rcc_ex.o
                0x08003984                HAL_RCCEx_PeriphCLKConfig
 .text.HAL_GPIO_Init
                0x08003f30      0x1f8 build/stm32f7xx_hal_gpio.o
                0x08003f30                HAL_GPIO_Init
 .text.HAL_GPIO_WritePin
                0x08004128        0xc build/stm32f7xx_hal_gpio.o
                0x08004128                HAL_GPIO_WritePin
 .text.HAL_GPIO_TogglePin
                0x08004134       0x12 build/stm32f7xx_hal_gpio.o
                0x08004134                HAL_GPIO_TogglePin
 *fill*         0x08004146        0x2 
 .text.HAL_PWR_EnableBkUpAccess
                0x08004148       0x10 build/stm32f7xx_hal_pwr.o
                0x08004148                HAL_PWR_EnableBkUpAccess
 .text.HAL_NVIC_SetPriorityGrouping
                0x08004158       0x24 build/stm32f7xx_hal_cortex.o
                0x08004158                HAL_NVIC_SetPriorityGrouping
 .text.HAL_NVIC_SetPriority
                0x0800417c       0x6c build/stm32f7xx_hal_cortex.o
                0x0800417c                HAL_NVIC_SetPriority
 .text.HAL_NVIC_EnableIRQ
                0x080041e8       0x1c build/stm32f7xx_hal_cortex.o
                0x080041e8                HAL_NVIC_EnableIRQ
 .text.HAL_Init
                0x08004204       0x16 build/stm32f7xx_hal.o
                0x08004204                HAL_Init
 *fill*         0x0800421a        0x2 
 .text.HAL_IncTick
                0x0800421c       0x18 build/stm32f7xx_hal.o
                0x0800421c                HAL_IncTick
 .text.HAL_GetTick
                0x08004234        0xc build/stm32f7xx_hal.o
                0x08004234                HAL_GetTick
 .text.HAL_Delay
                0x08004240       0x28 build/stm32f7xx_hal.o
                0x08004240                HAL_Delay
 .text.ETH_MACAddressConfig
                0x08004268       0x30 build/stm32f7xx_hal_eth.o
 .text.ETH_DMATxDescListInit
                0x08004298       0x6e build/stm32f7xx_hal_eth.o
 .text.ETH_DMARxDescListInit
                0x08004306       0x84 build/stm32f7xx_hal_eth.o
 *fill*         0x0800438a        0x2 
 .text.ETH_SetMACConfig
                0x0800438c       0xfc build/stm32f7xx_hal_eth.o
 .text.ETH_SetDMAConfig
                0x08004488       0xc0 build/stm32f7xx_hal_eth.o
 .text.ETH_MACDMAConfig
                0x08004548       0xa2 build/stm32f7xx_hal_eth.o
 *fill*         0x080045ea        0x2 
 .text.HAL_ETH_Init
                0x080045ec       0xbc build/stm32f7xx_hal_eth.o
                0x080045ec                HAL_ETH_Init
 .text.HAL_TIM_Base_MspInit
                0x080046a8        0x2 build/stm32f7xx_hal_tim.o
                0x080046a8                HAL_TIM_Base_MspInit
 *fill*         0x080046aa        0x2 
 .text.HAL_TIM_Base_Start_IT
                0x080046ac       0x90 build/stm32f7xx_hal_tim.o
                0x080046ac                HAL_TIM_Base_Start_IT
 .text.HAL_TIM_OC_DelayElapsedCallback
                0x0800473c        0x2 build/stm32f7xx_hal_tim.o
                0x0800473c                HAL_TIM_OC_DelayElapsedCallback
 .text.HAL_TIM_IC_CaptureCallback
                0x0800473e        0x2 build/stm32f7xx_hal_tim.o
                0x0800473e                HAL_TIM_IC_CaptureCallback
 .text.HAL_TIM_PWM_PulseFinishedCallback
                0x08004740        0x2 build/stm32f7xx_hal_tim.o
                0x08004740                HAL_TIM_PWM_PulseFinishedCallback
 .text.HAL_TIM_TriggerCallback
                0x08004742        0x2 build/stm32f7xx_hal_tim.o
                0x08004742                HAL_TIM_TriggerCallback
 .text.HAL_TIM_IRQHandler
                0x08004744      0x19a build/stm32f7xx_hal_tim.o
                0x08004744                HAL_TIM_IRQHandler
 *fill*         0x080048de        0x2 
 .text.TIM_Base_SetConfig
                0x080048e0      0x110 build/stm32f7xx_hal_tim.o
                0x080048e0                TIM_Base_SetConfig
 .text.HAL_TIM_Base_Init
                0x080049f0       0x60 build/stm32f7xx_hal_tim.o
                0x080049f0                HAL_TIM_Base_Init
 .text.HAL_TIMEx_CommutCallback
                0x08004a50        0x2 build/stm32f7xx_hal_tim_ex.o
                0x08004a50                HAL_TIMEx_CommutCallback
 .text.HAL_TIMEx_BreakCallback
                0x08004a52        0x2 build/stm32f7xx_hal_tim_ex.o
                0x08004a52                HAL_TIMEx_BreakCallback
 .text.HAL_TIMEx_Break2Callback
                0x08004a54        0x2 build/stm32f7xx_hal_tim_ex.o
                0x08004a54                HAL_TIMEx_Break2Callback
 *fill*         0x08004a56        0x2 
 .text.UART_SetConfig
                0x08004a58      0x330 build/stm32f7xx_hal_uart.o
                0x08004a58                UART_SetConfig
 .text.UART_AdvFeatureConfig
                0x08004d88       0xca build/stm32f7xx_hal_uart.o
                0x08004d88                UART_AdvFeatureConfig
 .text.UART_WaitOnFlagUntilTimeout
                0x08004e52       0xd8 build/stm32f7xx_hal_uart.o
                0x08004e52                UART_WaitOnFlagUntilTimeout
 .text.UART_CheckIdleState
                0x08004f2a       0x4c build/stm32f7xx_hal_uart.o
                0x08004f2a                UART_CheckIdleState
 .text.HAL_UART_Init
                0x08004f76       0x62 build/stm32f7xx_hal_uart.o
                0x08004f76                HAL_UART_Init
 .text.HAL_PCD_Init
                0x08004fd8      0x13c build/stm32f7xx_hal_pcd.o
                0x08004fd8                HAL_PCD_Init
 .text.HAL_PCDEx_ActivateLPM
                0x08005114       0x28 build/stm32f7xx_hal_pcd_ex.o
                0x08005114                HAL_PCDEx_ActivateLPM
 .text.USB_CoreReset
                0x0800513c       0x50 build/stm32f7xx_ll_usb.o
 .text.USB_CoreInit
                0x0800518c       0x7c build/stm32f7xx_ll_usb.o
                0x0800518c                USB_CoreInit
 .text.USB_DisableGlobalInt
                0x08005208        0xc build/stm32f7xx_ll_usb.o
                0x08005208                USB_DisableGlobalInt
 .text.USB_FlushTxFifo
                0x08005214       0x50 build/stm32f7xx_ll_usb.o
                0x08005214                USB_FlushTxFifo
 .text.USB_FlushRxFifo
                0x08005264       0x4c build/stm32f7xx_ll_usb.o
                0x08005264                USB_FlushRxFifo
 .text.USB_SetDevSpeed
                0x080052b0        0xe build/stm32f7xx_ll_usb.o
                0x080052b0                USB_SetDevSpeed
 *fill*         0x080052be        0x2 
 .text.USB_DevInit
                0x080052c0      0x188 build/stm32f7xx_ll_usb.o
                0x080052c0                USB_DevInit
 .text.USB_DevDisconnect
                0x08005448       0x1c build/stm32f7xx_ll_usb.o
                0x08005448                USB_DevDisconnect
 .text.USB_GetMode
                0x08005464        0x8 build/stm32f7xx_ll_usb.o
                0x08005464                USB_GetMode
 .text.USB_SetCurrentMode
                0x0800546c       0x62 build/stm32f7xx_ll_usb.o
                0x0800546c                USB_SetCurrentMode
 *fill*         0x080054ce        0x2 
 .text.SystemInit
                0x080054d0       0x14 build/system_stm32f7xx.o
                0x080054d0                SystemInit
 .text.vListInitialise
                0x080054e4       0x16 build/list.o
                0x080054e4                vListInitialise
 .text.vListInitialiseItem
                0x080054fa        0x6 build/list.o
                0x080054fa                vListInitialiseItem
 .text.vListInsertEnd
                0x08005500       0x16 build/list.o
                0x08005500                vListInsertEnd
 .text.vListInsert
                0x08005516       0x32 build/list.o
                0x08005516                vListInsert
 .text.uxListRemove
                0x08005548       0x26 build/list.o
                0x08005548                uxListRemove
 .text.prvGetDisinheritPriorityAfterTimeout
                0x0800556e       0x10 build/queue.o
 .text.prvIsQueueFull
                0x0800557e       0x1e build/queue.o
 .text.prvIsQueueEmpty
                0x0800559c       0x1a build/queue.o
 .text.prvCopyDataToQueue
                0x080055b6       0x76 build/queue.o
 .text.prvCopyDataFromQueue
                0x0800562c       0x24 build/queue.o
 .text.prvUnlockQueue
                0x08005650       0x6e build/queue.o
 .text.xQueueGenericReset
                0x080056be       0x88 build/queue.o
                0x080056be                xQueueGenericReset
 .text.prvInitialiseNewQueue
                0x08005746       0x22 build/queue.o
 .text.xQueueGenericCreateStatic
                0x08005768       0xba build/queue.o
                0x08005768                xQueueGenericCreateStatic
 .text.xQueueGenericCreate
                0x08005822       0x52 build/queue.o
                0x08005822                xQueueGenericCreate
 .text.xQueueGenericSend
                0x08005874      0x198 build/queue.o
                0x08005874                xQueueGenericSend
 .text.prvInitialiseMutex
                0x08005a0c       0x18 build/queue.o
 .text.xQueueCreateMutex
                0x08005a24       0x16 build/queue.o
                0x08005a24                xQueueCreateMutex
 .text.xQueueGenericSendFromISR
                0x08005a3a       0xdc build/queue.o
                0x08005a3a                xQueueGenericSendFromISR
 .text.xQueueGiveFromISR
                0x08005b16       0xc2 build/queue.o
                0x08005b16                xQueueGiveFromISR
 .text.xQueueReceive
                0x08005bd8      0x16a build/queue.o
                0x08005bd8                xQueueReceive
 .text.xQueueSemaphoreTake
                0x08005d42      0x1b6 build/queue.o
                0x08005d42                xQueueSemaphoreTake
 .text.xQueueReceiveFromISR
                0x08005ef8       0xb4 build/queue.o
                0x08005ef8                xQueueReceiveFromISR
 .text.uxQueueMessagesWaiting
                0x08005fac       0x2a build/queue.o
                0x08005fac                uxQueueMessagesWaiting
 .text.uxQueueMessagesWaitingFromISR
                0x08005fd6       0x1c build/queue.o
                0x08005fd6                uxQueueMessagesWaitingFromISR
 *fill*         0x08005ff2        0x2 
 .text.vQueueAddToRegistry
                0x08005ff4       0x28 build/queue.o
                0x08005ff4                vQueueAddToRegistry
 .text.vQueueUnregisterQueue
                0x0800601c       0x2c build/queue.o
                0x0800601c                vQueueUnregisterQueue
 .text.vQueueDelete
                0x08006048       0x30 build/queue.o
                0x08006048                vQueueDelete
 .text.vQueueWaitForMessageRestricted
                0x08006078       0x52 build/queue.o
                0x08006078                vQueueWaitForMessageRestricted
 .text.prvTaskCheckFreeStackSpace
                0x080060ca       0x14 build/tasks.o
 *fill*         0x080060de        0x2 
 .text.prvResetNextTaskUnblockTime
                0x080060e0       0x2c build/tasks.o
 .text.prvInitialiseNewTask
                0x0800610c      0x106 build/tasks.o
 *fill*         0x08006212        0x2 
 .text.prvInitialiseTaskLists
                0x08006214       0x68 build/tasks.o
 .text.prvAddNewTaskToReadyList
                0x0800627c       0xac build/tasks.o
 .text.prvDeleteTCB
                0x08006328       0x44 build/tasks.o
 .text.prvCheckTasksWaitingTermination
                0x0800636c       0x4c build/tasks.o
 .text.prvIdleTask
                0x080063b8       0x28 build/tasks.o
 .text.prvAddCurrentTaskToDelayedList
                0x080063e0       0x84 build/tasks.o
 .text.prvWriteNameToBuffer
                0x08006464       0x22 build/tasks.o
 .text.xTaskCreateStatic
                0x08006486       0x86 build/tasks.o
                0x08006486                xTaskCreateStatic
 .text.xTaskCreate
                0x0800650c       0x6a build/tasks.o
                0x0800650c                xTaskCreate
 *fill*         0x08006576        0x2 
 .text.eTaskGetState
                0x08006578       0x90 build/tasks.o
                0x08006578                eTaskGetState
 .text.vTaskStartScheduler
                0x08006608       0xb4 build/tasks.o
                0x08006608                vTaskStartScheduler
 .text.vTaskSuspendAll
                0x080066bc       0x10 build/tasks.o
                0x080066bc                vTaskSuspendAll
 .text.xTaskGetTickCount
                0x080066cc        0xc build/tasks.o
                0x080066cc                xTaskGetTickCount
 .text.xTaskGetTickCountFromISR
                0x080066d8       0x10 build/tasks.o
                0x080066d8                xTaskGetTickCountFromISR
 .text.uxTaskGetNumberOfTasks
                0x080066e8        0xc build/tasks.o
                0x080066e8                uxTaskGetNumberOfTasks
 .text.xTaskIncrementTick
                0x080066f4      0x11c build/tasks.o
                0x080066f4                xTaskIncrementTick
 .text.xTaskResumeAll
                0x08006810       0xfc build/tasks.o
                0x08006810                xTaskResumeAll
 .text.vTaskDelay
                0x0800690c       0x50 build/tasks.o
                0x0800690c                vTaskDelay
 .text.vTaskSwitchContext
                0x0800695c       0xa4 build/tasks.o
                0x0800695c                vTaskSwitchContext
 .text.vTaskPlaceOnEventList
                0x08006a00       0x34 build/tasks.o
                0x08006a00                vTaskPlaceOnEventList
 .text.vTaskPlaceOnEventListRestricted
                0x08006a34       0x3c build/tasks.o
                0x08006a34                vTaskPlaceOnEventListRestricted
 .text.xTaskRemoveFromEventList
                0x08006a70       0x90 build/tasks.o
                0x08006a70                xTaskRemoveFromEventList
 .text.vTaskInternalSetTimeOutState
                0x08006b00       0x18 build/tasks.o
                0x08006b00                vTaskInternalSetTimeOutState
 .text.xTaskCheckForTimeOut
                0x08006b18       0x8c build/tasks.o
                0x08006b18                xTaskCheckForTimeOut
 .text.vTaskMissedYield
                0x08006ba4        0xc build/tasks.o
                0x08006ba4                vTaskMissedYield
 .text.vTaskGetInfo
                0x08006bb0       0x78 build/tasks.o
                0x08006bb0                vTaskGetInfo
 .text.prvListTasksWithinSingleList
                0x08006c28       0x5e build/tasks.o
 *fill*         0x08006c86        0x2 
 .text.uxTaskGetSystemState
                0x08006c88       0xb0 build/tasks.o
                0x08006c88                uxTaskGetSystemState
 .text.xTaskGetSchedulerState
                0x08006d38       0x20 build/tasks.o
                0x08006d38                xTaskGetSchedulerState
 .text.xTaskPriorityInherit
                0x08006d58       0x98 build/tasks.o
                0x08006d58                xTaskPriorityInherit
 .text.xTaskPriorityDisinherit
                0x08006df0       0x98 build/tasks.o
                0x08006df0                xTaskPriorityDisinherit
 .text.vTaskPriorityDisinheritAfterTimeout
                0x08006e88       0xa8 build/tasks.o
                0x08006e88                vTaskPriorityDisinheritAfterTimeout
 .text.vTaskList
                0x08006f30       0xbc build/tasks.o
                0x08006f30                vTaskList
 .text.pvTaskIncrementMutexHeldCount
                0x08006fec       0x1c build/tasks.o
                0x08006fec                pvTaskIncrementMutexHeldCount
 .text.prvGetNextExpireTime
                0x08007008       0x20 build/timers.o
 .text.prvInsertTimerInActiveList
                0x08007028       0x50 build/timers.o
 .text.prvCheckForValidListAndQueue
                0x08007078       0x70 build/timers.o
 .text.xTimerCreateTimerTask
                0x080070e8       0x68 build/timers.o
                0x080070e8                xTimerCreateTimerTask
 .text.xTimerGenericCommand
                0x08007150       0x70 build/timers.o
                0x08007150                xTimerGenericCommand
 .text.prvSwitchTimerLists
                0x080071c0       0x80 build/timers.o
 .text.prvSampleTimeNow
                0x08007240       0x2c build/timers.o
 .text.prvProcessExpiredTimer
                0x0800726c       0x70 build/timers.o
 .text.prvProcessTimerOrBlockTask
                0x080072dc       0x78 build/timers.o
 .text.prvProcessReceivedCommands
                0x08007354      0x114 build/timers.o
 .text.prvTimerTask
                0x08007468       0x16 build/timers.o
 *fill*         0x0800747e        0x2 
 .text.osKernelInitialize
                0x08007480       0x3c build/cmsis_os2.o
                0x08007480                osKernelInitialize
 .text.osKernelStart
                0x080074bc       0x48 build/cmsis_os2.o
                0x080074bc                osKernelStart
 .text.osThreadNew
                0x08007504       0xd8 build/cmsis_os2.o
                0x08007504                osThreadNew
 .text.osDelay  0x080075dc       0x3c build/cmsis_os2.o
                0x080075dc                osDelay
 .text.vApplicationGetIdleTaskMemory
                0x08007618       0x18 build/cmsis_os2.o
                0x08007618                vApplicationGetIdleTaskMemory
 .text.vApplicationGetTimerTaskMemory
                0x08007630       0x18 build/cmsis_os2.o
                0x08007630                vApplicationGetTimerTaskMemory
 .text.prvHeapInit
                0x08007648       0x64 build/heap_4.o
 .text.prvInsertBlockIntoFreeList
                0x080076ac       0x64 build/heap_4.o
 .text.pvPortMalloc
                0x08007710       0xf8 build/heap_4.o
                0x08007710                pvPortMalloc
 .text.vPortFree
                0x08007808       0x78 build/heap_4.o
                0x08007808                vPortFree
 .text.xPortGetFreeHeapSize
                0x08007880        0xc build/heap_4.o
                0x08007880                xPortGetFreeHeapSize
 .text.prvTaskExitError
                0x0800788c       0x48 build/port.o
 .text.prvPortStartFirstTask
                0x080078d4       0x28 build/port.o
 .text.vPortEnableVFP
                0x080078fc       0x14 build/port.o
 .text.pxPortInitialiseStack
                0x08007910       0x2c build/port.o
                0x08007910                pxPortInitialiseStack
 *fill*         0x0800793c        0x4 
 .text.SVC_Handler
                0x08007940       0x24 build/port.o
                0x08007940                SVC_Handler
 .text.vPortEnterCritical
                0x08007964       0x4c build/port.o
                0x08007964                vPortEnterCritical
 .text.vPortExitCritical
                0x080079b0       0x30 build/port.o
                0x080079b0                vPortExitCritical
 .text.PendSV_Handler
                0x080079e0       0x64 build/port.o
                0x080079e0                PendSV_Handler
 .text.SysTick_Handler
                0x08007a44       0x30 build/port.o
                0x08007a44                SysTick_Handler
 .text.vPortSetupTimerInterrupt
                0x08007a74       0x28 build/port.o
                0x08007a74                vPortSetupTimerInterrupt
 .text.xPortStartScheduler
                0x08007a9c       0xd4 build/port.o
                0x08007a9c                xPortStartScheduler
 .text.vPortValidateInterruptPriority
                0x08007b70       0x64 build/port.o
                0x08007b70                vPortValidateInterruptPriority
 .text.csp_can_tx_frame
                0x08007bd4       0x2c build/can_stm32.o
 .text.csp_can_stm32_open_and_add_interface
                0x08007c00       0x50 build/can_stm32.o
                0x08007c00                csp_can_stm32_open_and_add_interface
 .text.csp_can_tx_stm32
                0x08007c50      0x136 build/csp_if_can_stm32.o
                0x08007c50                csp_can_tx_stm32
 *fill*         0x08007d86        0x2 
 .text.csp_can_add_interface_stm32
                0x08007d88       0x54 build/csp_if_can_stm32.o
                0x08007d88                csp_can_add_interface_stm32
 .text.Reset_Handler
                0x08007ddc       0x50 build/startup_stm32f746zgtx.o
                0x08007ddc                Reset_Handler
 .text.Default_Handler
                0x08007e2c        0x2 build/startup_stm32f746zgtx.o
                0x08007e2c                RTC_Alarm_IRQHandler
                0x08007e2c                EXTI2_IRQHandler
                0x08007e2c                TIM8_CC_IRQHandler
                0x08007e2c                UART8_IRQHandler
                0x08007e2c                SPI4_IRQHandler
                0x08007e2c                TIM1_CC_IRQHandler
                0x08007e2c                DMA2_Stream5_IRQHandler
                0x08007e2c                DMA1_Stream5_IRQHandler
                0x08007e2c                PVD_IRQHandler
                0x08007e2c                TAMP_STAMP_IRQHandler
                0x08007e2c                CAN2_RX1_IRQHandler
                0x08007e2c                EXTI3_IRQHandler
                0x08007e2c                TIM8_TRG_COM_TIM14_IRQHandler
                0x08007e2c                TIM1_UP_TIM10_IRQHandler
                0x08007e2c                TIM8_UP_TIM13_IRQHandler
                0x08007e2c                I2C3_ER_IRQHandler
                0x08007e2c                EXTI0_IRQHandler
                0x08007e2c                I2C2_EV_IRQHandler
                0x08007e2c                DMA1_Stream2_IRQHandler
                0x08007e2c                FPU_IRQHandler
                0x08007e2c                OTG_HS_WKUP_IRQHandler
                0x08007e2c                LTDC_ER_IRQHandler
                0x08007e2c                CAN2_SCE_IRQHandler
                0x08007e2c                DMA2_Stream2_IRQHandler
                0x08007e2c                SPI1_IRQHandler
                0x08007e2c                TIM1_BRK_TIM9_IRQHandler
                0x08007e2c                DCMI_IRQHandler
                0x08007e2c                CAN2_RX0_IRQHandler
                0x08007e2c                DMA2_Stream3_IRQHandler
                0x08007e2c                SAI2_IRQHandler
                0x08007e2c                USART6_IRQHandler
                0x08007e2c                USART3_IRQHandler
                0x08007e2c                CAN1_RX1_IRQHandler
                0x08007e2c                UART5_IRQHandler
                0x08007e2c                DMA2_Stream0_IRQHandler
                0x08007e2c                TIM4_IRQHandler
                0x08007e2c                QUADSPI_IRQHandler
                0x08007e2c                I2C1_EV_IRQHandler
                0x08007e2c                DMA1_Stream6_IRQHandler
                0x08007e2c                DMA1_Stream1_IRQHandler
                0x08007e2c                UART4_IRQHandler
                0x08007e2c                TIM3_IRQHandler
                0x08007e2c                RCC_IRQHandler
                0x08007e2c                TIM8_BRK_TIM12_IRQHandler
                0x08007e2c                Default_Handler
                0x08007e2c                CEC_IRQHandler
                0x08007e2c                EXTI15_10_IRQHandler
                0x08007e2c                ADC_IRQHandler
                0x08007e2c                DMA1_Stream7_IRQHandler
                0x08007e2c                SPI5_IRQHandler
                0x08007e2c                TIM7_IRQHandler
                0x08007e2c                SDMMC1_IRQHandler
                0x08007e2c                CAN2_TX_IRQHandler
                0x08007e2c                TIM5_IRQHandler
                0x08007e2c                DMA2_Stream7_IRQHandler
                0x08007e2c                I2C3_EV_IRQHandler
                0x08007e2c                EXTI9_5_IRQHandler
                0x08007e2c                RTC_WKUP_IRQHandler
                0x08007e2c                LTDC_IRQHandler
                0x08007e2c                ETH_WKUP_IRQHandler
                0x08007e2c                SPDIF_RX_IRQHandler
                0x08007e2c                SPI2_IRQHandler
                0x08007e2c                OTG_HS_EP1_IN_IRQHandler
                0x08007e2c                DMA1_Stream0_IRQHandler
                0x08007e2c                CAN1_TX_IRQHandler
                0x08007e2c                EXTI4_IRQHandler
                0x08007e2c                RNG_IRQHandler
                0x08007e2c                ETH_IRQHandler
                0x08007e2c                OTG_HS_EP1_OUT_IRQHandler
                0x08007e2c                WWDG_IRQHandler
                0x08007e2c                SPI6_IRQHandler
                0x08007e2c                I2C4_EV_IRQHandler
                0x08007e2c                TIM2_IRQHandler
                0x08007e2c                OTG_FS_WKUP_IRQHandler
                0x08007e2c                TIM1_TRG_COM_TIM11_IRQHandler
                0x08007e2c                OTG_HS_IRQHandler
                0x08007e2c                DMA2D_IRQHandler
                0x08007e2c                EXTI1_IRQHandler
                0x08007e2c                UART7_IRQHandler
                0x08007e2c                USART2_IRQHandler
                0x08007e2c                I2C2_ER_IRQHandler
                0x08007e2c                DMA2_Stream1_IRQHandler
                0x08007e2c                CAN1_SCE_IRQHandler
                0x08007e2c                FLASH_IRQHandler
                0x08007e2c                DMA2_Stream4_IRQHandler
                0x08007e2c                USART1_IRQHandler
                0x08007e2c                OTG_FS_IRQHandler
                0x08007e2c                SPI3_IRQHandler
                0x08007e2c                DMA1_Stream4_IRQHandler
                0x08007e2c                I2C1_ER_IRQHandler
                0x08007e2c                FMC_IRQHandler
                0x08007e2c                LPTIM1_IRQHandler
                0x08007e2c                I2C4_ER_IRQHandler
                0x08007e2c                DMA2_Stream6_IRQHandler
                0x08007e2c                SAI1_IRQHandler
                0x08007e2c                DMA1_Stream3_IRQHandler
 *fill*         0x08007e2e        0x2 
 .text.calloc   0x08007e30       0x10 c:/program files (x86)/gnu arm embedded toolchain/10 2020-q4-major/bin/../lib/gcc/arm-none-eabi/10.2.1/../../../../arm-none-eabi/lib/thumb/v7e-m+fp/hard\libc_nano.a(lib_a-calloc.o)
                0x08007e30                calloc
 .text.__libc_init_array
                0x08007e40       0x48 c:/program files (x86)/gnu arm embedded toolchain/10 2020-q4-major/bin/../lib/gcc/arm-none-eabi/10.2.1/../../../../arm-none-eabi/lib/thumb/v7e-m+fp/hard\libc_nano.a(lib_a-init.o)
                0x08007e40                __libc_init_array
 .text.memcpy   0x08007e88       0x1c c:/program files (x86)/gnu arm embedded toolchain/10 2020-q4-major/bin/../lib/gcc/arm-none-eabi/10.2.1/../../../../arm-none-eabi/lib/thumb/v7e-m+fp/hard\libc_nano.a(lib_a-memcpy-stub.o)
                0x08007e88                memcpy
 .text.memset   0x08007ea4       0x10 c:/program files (x86)/gnu arm embedded toolchain/10 2020-q4-major/bin/../lib/gcc/arm-none-eabi/10.2.1/../../../../arm-none-eabi/lib/thumb/v7e-m+fp/hard\libc_nano.a(lib_a-memset.o)
                0x08007ea4                memset
 .text._calloc_r
                0x08007eb4       0x1e c:/program files (x86)/gnu arm embedded toolchain/10 2020-q4-major/bin/../lib/gcc/arm-none-eabi/10.2.1/../../../../arm-none-eabi/lib/thumb/v7e-m+fp/hard\libc_nano.a(lib_a-nano-callocr.o)
                0x08007eb4                _calloc_r
 *fill*         0x08007ed2        0x2 
 .text._malloc_r
                0x08007ed4       0xb4 c:/program files (x86)/gnu arm embedded toolchain/10 2020-q4-major/bin/../lib/gcc/arm-none-eabi/10.2.1/../../../../arm-none-eabi/lib/thumb/v7e-m+fp/hard\libc_nano.a(lib_a-nano-mallocr.o)
                0x08007ed4                _malloc_r
 .text.printf   0x08007f88       0x30 c:/program files (x86)/gnu arm embedded toolchain/10 2020-q4-major/bin/../lib/gcc/arm-none-eabi/10.2.1/../../../../arm-none-eabi/lib/thumb/v7e-m+fp/hard\libc_nano.a(lib_a-printf.o)
                0x08007f88                iprintf
                0x08007f88                printf
 .text._puts_r  0x08007fb8       0xdc c:/program files (x86)/gnu arm embedded toolchain/10 2020-q4-major/bin/../lib/gcc/arm-none-eabi/10.2.1/../../../../arm-none-eabi/lib/thumb/v7e-m+fp/hard\libc_nano.a(lib_a-puts.o)
                0x08007fb8                _puts_r
 .text.puts     0x08008094       0x10 c:/program files (x86)/gnu arm embedded toolchain/10 2020-q4-major/bin/../lib/gcc/arm-none-eabi/10.2.1/../../../../arm-none-eabi/lib/thumb/v7e-m+fp/hard\libc_nano.a(lib_a-puts.o)
                0x08008094                puts
 .text.srand    0x080080a4       0x5c c:/program files (x86)/gnu arm embedded toolchain/10 2020-q4-major/bin/../lib/gcc/arm-none-eabi/10.2.1/../../../../arm-none-eabi/lib/thumb/v7e-m+fp/hard\libc_nano.a(lib_a-rand.o)
                0x080080a4                srand
 .text.rand     0x08008100       0x7c c:/program files (x86)/gnu arm embedded toolchain/10 2020-q4-major/bin/../lib/gcc/arm-none-eabi/10.2.1/../../../../arm-none-eabi/lib/thumb/v7e-m+fp/hard\libc_nano.a(lib_a-rand.o)
                0x08008100                rand
 .text.cleanup_glue
                0x0800817c       0x1a c:/program files (x86)/gnu arm embedded toolchain/10 2020-q4-major/bin/../lib/gcc/arm-none-eabi/10.2.1/../../../../arm-none-eabi/lib/thumb/v7e-m+fp/hard\libc_nano.a(lib_a-reent.o)
                0x0800817c                cleanup_glue
 *fill*         0x08008196        0x2 
 .text._reclaim_reent
                0x08008198       0xb8 c:/program files (x86)/gnu arm embedded toolchain/10 2020-q4-major/bin/../lib/gcc/arm-none-eabi/10.2.1/../../../../arm-none-eabi/lib/thumb/v7e-m+fp/hard\libc_nano.a(lib_a-reent.o)
                0x08008198                _reclaim_reent
 .text._sbrk_r  0x08008250       0x20 c:/program files (x86)/gnu arm embedded toolchain/10 2020-q4-major/bin/../lib/gcc/arm-none-eabi/10.2.1/../../../../arm-none-eabi/lib/thumb/v7e-m+fp/hard\libc_nano.a(lib_a-sbrkr.o)
                0x08008250                _sbrk_r
 .text.snprintf
                0x08008270       0x68 c:/program files (x86)/gnu arm embedded toolchain/10 2020-q4-major/bin/../lib/gcc/arm-none-eabi/10.2.1/../../../../arm-none-eabi/lib/thumb/v7e-m+fp/hard\libc_nano.a(lib_a-snprintf.o)
                0x08008270                sniprintf
                0x08008270                snprintf
 .text.sprintf  0x080082d8       0x40 c:/program files (x86)/gnu arm embedded toolchain/10 2020-q4-major/bin/../lib/gcc/arm-none-eabi/10.2.1/../../../../arm-none-eabi/lib/thumb/v7e-m+fp/hard\libc_nano.a(lib_a-sprintf.o)
                0x080082d8                siprintf
                0x080082d8                sprintf
 .text.sscanf   0x08008318       0x58 c:/program files (x86)/gnu arm embedded toolchain/10 2020-q4-major/bin/../lib/gcc/arm-none-eabi/10.2.1/../../../../arm-none-eabi/lib/thumb/v7e-m+fp/hard\libc_nano.a(lib_a-sscanf.o)
                0x08008318                siscanf
                0x08008318                sscanf
 .text.__sread  0x08008370       0x22 c:/program files (x86)/gnu arm embedded toolchain/10 2020-q4-major/bin/../lib/gcc/arm-none-eabi/10.2.1/../../../../arm-none-eabi/lib/thumb/v7e-m+fp/hard\libc_nano.a(lib_a-stdio.o)
                0x08008370                __sread
 .text.__seofread
                0x08008392        0x4 c:/program files (x86)/gnu arm embedded toolchain/10 2020-q4-major/bin/../lib/gcc/arm-none-eabi/10.2.1/../../../../arm-none-eabi/lib/thumb/v7e-m+fp/hard\libc_nano.a(lib_a-stdio.o)
                0x08008392                __seofread
 .text.__swrite
                0x08008396       0x38 c:/program files (x86)/gnu arm embedded toolchain/10 2020-q4-major/bin/../lib/gcc/arm-none-eabi/10.2.1/../../../../arm-none-eabi/lib/thumb/v7e-m+fp/hard\libc_nano.a(lib_a-stdio.o)
                0x08008396                __swrite
 .text.__sseek  0x080083ce       0x24 c:/program files (x86)/gnu arm embedded toolchain/10 2020-q4-major/bin/../lib/gcc/arm-none-eabi/10.2.1/../../../../arm-none-eabi/lib/thumb/v7e-m+fp/hard\libc_nano.a(lib_a-stdio.o)
                0x080083ce                __sseek
 .text.__sclose
                0x080083f2        0x8 c:/program files (x86)/gnu arm embedded toolchain/10 2020-q4-major/bin/../lib/gcc/arm-none-eabi/10.2.1/../../../../arm-none-eabi/lib/thumb/v7e-m+fp/hard\libc_nano.a(lib_a-stdio.o)
                0x080083f2                __sclose
 *fill*         0x080083fa        0x2 
 .text.strcasecmp
                0x080083fc       0x34 c:/program files (x86)/gnu arm embedded toolchain/10 2020-q4-major/bin/../lib/gcc/arm-none-eabi/10.2.1/../../../../arm-none-eabi/lib/thumb/v7e-m+fp/hard\libc_nano.a(lib_a-strcasecmp.o)
                0x080083fc                strcasecmp
 .text.strcpy   0x08008430       0x10 c:/program files (x86)/gnu arm embedded toolchain/10 2020-q4-major/bin/../lib/gcc/arm-none-eabi/10.2.1/../../../../arm-none-eabi/lib/thumb/v7e-m+fp/hard\libc_nano.a(lib_a-strcpy.o)
                0x08008430                strcpy
 .text.strncasecmp
                0x08008440       0x44 c:/program files (x86)/gnu arm embedded toolchain/10 2020-q4-major/bin/../lib/gcc/arm-none-eabi/10.2.1/../../../../arm-none-eabi/lib/thumb/v7e-m+fp/hard\libc_nano.a(lib_a-strncasecmp.o)
                0x08008440                strncasecmp
 .text.strncat  0x08008484       0x26 c:/program files (x86)/gnu arm embedded toolchain/10 2020-q4-major/bin/../lib/gcc/arm-none-eabi/10.2.1/../../../../arm-none-eabi/lib/thumb/v7e-m+fp/hard\libc_nano.a(lib_a-strncat.o)
                0x08008484                strncat
 .text.strncpy  0x080084aa       0x26 c:/program files (x86)/gnu arm embedded toolchain/10 2020-q4-major/bin/../lib/gcc/arm-none-eabi/10.2.1/../../../../arm-none-eabi/lib/thumb/v7e-m+fp/hard\libc_nano.a(lib_a-strncpy.o)
                0x080084aa                strncpy
 .text.strnlen  0x080084d0       0x18 c:/program files (x86)/gnu arm embedded toolchain/10 2020-q4-major/bin/../lib/gcc/arm-none-eabi/10.2.1/../../../../arm-none-eabi/lib/thumb/v7e-m+fp/hard\libc_nano.a(lib_a-strnlen.o)
                0x080084d0                strnlen
 .text.__strtok_r
                0x080084e8       0x50 c:/program files (x86)/gnu arm embedded toolchain/10 2020-q4-major/bin/../lib/gcc/arm-none-eabi/10.2.1/../../../../arm-none-eabi/lib/thumb/v7e-m+fp/hard\libc_nano.a(lib_a-strtok_r.o)
                0x080084e8                __strtok_r
 .text.strtok_r
                0x08008538        0x6 c:/program files (x86)/gnu arm embedded toolchain/10 2020-q4-major/bin/../lib/gcc/arm-none-eabi/10.2.1/../../../../arm-none-eabi/lib/thumb/v7e-m+fp/hard\libc_nano.a(lib_a-strtok_r.o)
                0x08008538                strtok_r
 *fill*         0x0800853e        0x2 
 .text.vprintf  0x08008540       0x30 c:/program files (x86)/gnu arm embedded toolchain/10 2020-q4-major/bin/../lib/gcc/arm-none-eabi/10.2.1/../../../../arm-none-eabi/lib/thumb/v7e-m+fp/hard\libc_nano.a(lib_a-vprintf.o)
                0x08008540                viprintf
                0x08008540                vprintf
 .text.__swbuf_r
                0x08008570       0xa4 c:/program files (x86)/gnu arm embedded toolchain/10 2020-q4-major/bin/../lib/gcc/arm-none-eabi/10.2.1/../../../../arm-none-eabi/lib/thumb/v7e-m+fp/hard\libc_nano.a(lib_a-wbuf.o)
                0x08008570                __swbuf_r
 .text._write_r
                0x08008614       0x24 c:/program files (x86)/gnu arm embedded toolchain/10 2020-q4-major/bin/../lib/gcc/arm-none-eabi/10.2.1/../../../../arm-none-eabi/lib/thumb/v7e-m+fp/hard\libc_nano.a(lib_a-writer.o)
                0x08008614                _write_r
 .text.__swsetup_r
                0x08008638       0xdc c:/program files (x86)/gnu arm embedded toolchain/10 2020-q4-major/bin/../lib/gcc/arm-none-eabi/10.2.1/../../../../arm-none-eabi/lib/thumb/v7e-m+fp/hard\libc_nano.a(lib_a-wsetup.o)
                0x08008638                __swsetup_r
 .text.__assert_func
                0x08008714       0x3c c:/program files (x86)/gnu arm embedded toolchain/10 2020-q4-major/bin/../lib/gcc/arm-none-eabi/10.2.1/../../../../arm-none-eabi/lib/thumb/v7e-m+fp/hard\libc_nano.a(lib_a-assert.o)
                0x08008714                __assert_func
 .text._close_r
                0x08008750       0x20 c:/program files (x86)/gnu arm embedded toolchain/10 2020-q4-major/bin/../lib/gcc/arm-none-eabi/10.2.1/../../../../arm-none-eabi/lib/thumb/v7e-m+fp/hard\libc_nano.a(lib_a-closer.o)
                0x08008750                _close_r
 .text.__sflush_r
                0x08008770      0x10c c:/program files (x86)/gnu arm embedded toolchain/10 2020-q4-major/bin/../lib/gcc/arm-none-eabi/10.2.1/../../../../arm-none-eabi/lib/thumb/v7e-m+fp/hard\libc_nano.a(lib_a-fflush.o)
                0x08008770                __sflush_r
 .text._fflush_r
                0x0800887c       0x78 c:/program files (x86)/gnu arm embedded toolchain/10 2020-q4-major/bin/../lib/gcc/arm-none-eabi/10.2.1/../../../../arm-none-eabi/lib/thumb/v7e-m+fp/hard\libc_nano.a(lib_a-fflush.o)
                0x0800887c                _fflush_r
 .text.std      0x080088f4       0x48 c:/program files (x86)/gnu arm embedded toolchain/10 2020-q4-major/bin/../lib/gcc/arm-none-eabi/10.2.1/../../../../arm-none-eabi/lib/thumb/v7e-m+fp/hard\libc_nano.a(lib_a-findfp.o)
 .text._cleanup_r
                0x0800893c        0xc c:/program files (x86)/gnu arm embedded toolchain/10 2020-q4-major/bin/../lib/gcc/arm-none-eabi/10.2.1/../../../../arm-none-eabi/lib/thumb/v7e-m+fp/hard\libc_nano.a(lib_a-findfp.o)
                0x0800893c                _cleanup_r
 .text.__sfmoreglue
                0x08008948       0x2c c:/program files (x86)/gnu arm embedded toolchain/10 2020-q4-major/bin/../lib/gcc/arm-none-eabi/10.2.1/../../../../arm-none-eabi/lib/thumb/v7e-m+fp/hard\libc_nano.a(lib_a-findfp.o)
                0x08008948                __sfmoreglue
 .text.__sfp_lock_acquire
                0x08008974        0xc c:/program files (x86)/gnu arm embedded toolchain/10 2020-q4-major/bin/../lib/gcc/arm-none-eabi/10.2.1/../../../../arm-none-eabi/lib/thumb/v7e-m+fp/hard\libc_nano.a(lib_a-findfp.o)
                0x08008974                __sfp_lock_acquire
 .text.__sfp_lock_release
                0x08008980        0xc c:/program files (x86)/gnu arm embedded toolchain/10 2020-q4-major/bin/../lib/gcc/arm-none-eabi/10.2.1/../../../../arm-none-eabi/lib/thumb/v7e-m+fp/hard\libc_nano.a(lib_a-findfp.o)
                0x08008980                __sfp_lock_release
 .text.__sinit_lock_acquire
                0x0800898c        0xc c:/program files (x86)/gnu arm embedded toolchain/10 2020-q4-major/bin/../lib/gcc/arm-none-eabi/10.2.1/../../../../arm-none-eabi/lib/thumb/v7e-m+fp/hard\libc_nano.a(lib_a-findfp.o)
                0x0800898c                __sinit_lock_acquire
 .text.__sinit_lock_release
                0x08008998        0xc c:/program files (x86)/gnu arm embedded toolchain/10 2020-q4-major/bin/../lib/gcc/arm-none-eabi/10.2.1/../../../../arm-none-eabi/lib/thumb/v7e-m+fp/hard\libc_nano.a(lib_a-findfp.o)
                0x08008998                __sinit_lock_release
 .text.__sinit  0x080089a4       0x70 c:/program files (x86)/gnu arm embedded toolchain/10 2020-q4-major/bin/../lib/gcc/arm-none-eabi/10.2.1/../../../../arm-none-eabi/lib/thumb/v7e-m+fp/hard\libc_nano.a(lib_a-findfp.o)
                0x080089a4                __sinit
 .text.__sfp    0x08008a14       0x8c c:/program files (x86)/gnu arm embedded toolchain/10 2020-q4-major/bin/../lib/gcc/arm-none-eabi/10.2.1/../../../../arm-none-eabi/lib/thumb/v7e-m+fp/hard\libc_nano.a(lib_a-findfp.o)
                0x08008a14                __sfp
 .text.fprintf  0x08008aa0       0x24 c:/program files (x86)/gnu arm embedded toolchain/10 2020-q4-major/bin/../lib/gcc/arm-none-eabi/10.2.1/../../../../arm-none-eabi/lib/thumb/v7e-m+fp/hard\libc_nano.a(lib_a-fprintf.o)
                0x08008aa0                fiprintf
                0x08008aa0                fprintf
 .text._fwalk_reent
                0x08008ac4       0x3e c:/program files (x86)/gnu arm embedded toolchain/10 2020-q4-major/bin/../lib/gcc/arm-none-eabi/10.2.1/../../../../arm-none-eabi/lib/thumb/v7e-m+fp/hard\libc_nano.a(lib_a-fwalk.o)
                0x08008ac4                _fwalk_reent
 .text.__retarget_lock_init_recursive
                0x08008b02        0x2 c:/program files (x86)/gnu arm embedded toolchain/10 2020-q4-major/bin/../lib/gcc/arm-none-eabi/10.2.1/../../../../arm-none-eabi/lib/thumb/v7e-m+fp/hard\libc_nano.a(lib_a-lock.o)
                0x08008b02                __retarget_lock_init_recursive
 .text.__retarget_lock_acquire_recursive
                0x08008b04        0x2 c:/program files (x86)/gnu arm embedded toolchain/10 2020-q4-major/bin/../lib/gcc/arm-none-eabi/10.2.1/../../../../arm-none-eabi/lib/thumb/v7e-m+fp/hard\libc_nano.a(lib_a-lock.o)
                0x08008b04                __retarget_lock_acquire_recursive
 .text.__retarget_lock_release_recursive
                0x08008b06        0x2 c:/program files (x86)/gnu arm embedded toolchain/10 2020-q4-major/bin/../lib/gcc/arm-none-eabi/10.2.1/../../../../arm-none-eabi/lib/thumb/v7e-m+fp/hard\libc_nano.a(lib_a-lock.o)
                0x08008b06                __retarget_lock_release_recursive
 .text._lseek_r
                0x08008b08       0x24 c:/program files (x86)/gnu arm embedded toolchain/10 2020-q4-major/bin/../lib/gcc/arm-none-eabi/10.2.1/../../../../arm-none-eabi/lib/thumb/v7e-m+fp/hard\libc_nano.a(lib_a-lseekr.o)
                0x08008b08                _lseek_r
 .text.__swhatbuf_r
                0x08008b2c       0x4a c:/program files (x86)/gnu arm embedded toolchain/10 2020-q4-major/bin/../lib/gcc/arm-none-eabi/10.2.1/../../../../arm-none-eabi/lib/thumb/v7e-m+fp/hard\libc_nano.a(lib_a-makebuf.o)
                0x08008b2c                __swhatbuf_r
 *fill*         0x08008b76        0x2 
 .text.__smakebuf_r
                0x08008b78       0x80 c:/program files (x86)/gnu arm embedded toolchain/10 2020-q4-major/bin/../lib/gcc/arm-none-eabi/10.2.1/../../../../arm-none-eabi/lib/thumb/v7e-m+fp/hard\libc_nano.a(lib_a-makebuf.o)
                0x08008b78                __smakebuf_r
 .text.malloc   0x08008bf8       0x10 c:/program files (x86)/gnu arm embedded toolchain/10 2020-q4-major/bin/../lib/gcc/arm-none-eabi/10.2.1/../../../../arm-none-eabi/lib/thumb/v7e-m+fp/hard\libc_nano.a(lib_a-malloc.o)
                0x08008bf8                malloc
 .text.__malloc_lock
                0x08008c08        0xc c:/program files (x86)/gnu arm embedded toolchain/10 2020-q4-major/bin/../lib/gcc/arm-none-eabi/10.2.1/../../../../arm-none-eabi/lib/thumb/v7e-m+fp/hard\libc_nano.a(lib_a-mlock.o)
                0x08008c08                __malloc_lock
 .text.__malloc_unlock
                0x08008c14        0xc c:/program files (x86)/gnu arm embedded toolchain/10 2020-q4-major/bin/../lib/gcc/arm-none-eabi/10.2.1/../../../../arm-none-eabi/lib/thumb/v7e-m+fp/hard\libc_nano.a(lib_a-mlock.o)
                0x08008c14                __malloc_unlock
 .text._free_r  0x08008c20       0x98 c:/program files (x86)/gnu arm embedded toolchain/10 2020-q4-major/bin/../lib/gcc/arm-none-eabi/10.2.1/../../../../arm-none-eabi/lib/thumb/v7e-m+fp/hard\libc_nano.a(lib_a-nano-freer.o)
                0x08008c20                _free_r
 .text.__ssputs_r
                0x08008cb8       0xb6 c:/program files (x86)/gnu arm embedded toolchain/10 2020-q4-major/bin/../lib/gcc/arm-none-eabi/10.2.1/../../../../arm-none-eabi/lib/thumb/v7e-m+fp/hard\libc_nano.a(lib_a-nano-svfprintf.o)
                0x08008cb8                __ssputs_r
 *fill*         0x08008d6e        0x2 
 .text._svfprintf_r
                0x08008d70      0x200 c:/program files (x86)/gnu arm embedded toolchain/10 2020-q4-major/bin/../lib/gcc/arm-none-eabi/10.2.1/../../../../arm-none-eabi/lib/thumb/v7e-m+fp/hard\libc_nano.a(lib_a-nano-svfprintf.o)
                0x08008d70                _svfiprintf_r
                0x08008d70                _svfprintf_r
 .text._sungetc_r
                0x08008f70       0x7a c:/program files (x86)/gnu arm embedded toolchain/10 2020-q4-major/bin/../lib/gcc/arm-none-eabi/10.2.1/../../../../arm-none-eabi/lib/thumb/v7e-m+fp/hard\libc_nano.a(lib_a-nano-svfscanf.o)
                0x08008f70                _sungetc_r
 .text.__ssrefill_r
                0x08008fea       0x3a c:/program files (x86)/gnu arm embedded toolchain/10 2020-q4-major/bin/../lib/gcc/arm-none-eabi/10.2.1/../../../../arm-none-eabi/lib/thumb/v7e-m+fp/hard\libc_nano.a(lib_a-nano-svfscanf.o)
                0x08008fea                __ssrefill_r
 .text.__ssvfscanf_r
                0x08009024      0x2f0 c:/program files (x86)/gnu arm embedded toolchain/10 2020-q4-major/bin/../lib/gcc/arm-none-eabi/10.2.1/../../../../arm-none-eabi/lib/thumb/v7e-m+fp/hard\libc_nano.a(lib_a-nano-svfscanf.o)
                0x08009024                __ssvfiscanf_r
                0x08009024                __ssvfscanf_r
 .text.__sfputc_r
                0x08009314       0x2e c:/program files (x86)/gnu arm embedded toolchain/10 2020-q4-major/bin/../lib/gcc/arm-none-eabi/10.2.1/../../../../arm-none-eabi/lib/thumb/v7e-m+fp/hard\libc_nano.a(lib_a-nano-vfprintf.o)
 .text.__sfputs_r
                0x08009342       0x24 c:/program files (x86)/gnu arm embedded toolchain/10 2020-q4-major/bin/../lib/gcc/arm-none-eabi/10.2.1/../../../../arm-none-eabi/lib/thumb/v7e-m+fp/hard\libc_nano.a(lib_a-nano-vfprintf.o)
                0x08009342                __sfputs_r
 *fill*         0x08009366        0x2 
 .text._vfprintf_r
                0x08009368      0x260 c:/program files (x86)/gnu arm embedded toolchain/10 2020-q4-major/bin/../lib/gcc/arm-none-eabi/10.2.1/../../../../arm-none-eabi/lib/thumb/v7e-m+fp/hard\libc_nano.a(lib_a-nano-vfprintf.o)
                0x08009368                _vfprintf_r
                0x08009368                _vfiprintf_r
 .text._printf_common
                0x080095c8       0xda c:/program files (x86)/gnu arm embedded toolchain/10 2020-q4-major/bin/../lib/gcc/arm-none-eabi/10.2.1/../../../../arm-none-eabi/lib/thumb/v7e-m+fp/hard\libc_nano.a(lib_a-nano-vfprintf_i.o)
                0x080095c8                _printf_common
 *fill*         0x080096a2        0x2 
 .text._printf_i
                0x080096a4      0x24c c:/program files (x86)/gnu arm embedded toolchain/10 2020-q4-major/bin/../lib/gcc/arm-none-eabi/10.2.1/../../../../arm-none-eabi/lib/thumb/v7e-m+fp/hard\libc_nano.a(lib_a-nano-vfprintf_i.o)
                0x080096a4                _printf_i
 .text._scanf_chars
                0x080098f0       0xb4 c:/program files (x86)/gnu arm embedded toolchain/10 2020-q4-major/bin/../lib/gcc/arm-none-eabi/10.2.1/../../../../arm-none-eabi/lib/thumb/v7e-m+fp/hard\libc_nano.a(lib_a-nano-vfscanf_i.o)
                0x080098f0                _scanf_chars
 .text._scanf_i
                0x080099a4      0x1e8 c:/program files (x86)/gnu arm embedded toolchain/10 2020-q4-major/bin/../lib/gcc/arm-none-eabi/10.2.1/../../../../arm-none-eabi/lib/thumb/v7e-m+fp/hard\libc_nano.a(lib_a-nano-vfscanf_i.o)
                0x080099a4                _scanf_i
 .text._read_r  0x08009b8c       0x24 c:/program files (x86)/gnu arm embedded toolchain/10 2020-q4-major/bin/../lib/gcc/arm-none-eabi/10.2.1/../../../../arm-none-eabi/lib/thumb/v7e-m+fp/hard\libc_nano.a(lib_a-readr.o)
                0x08009b8c                _read_r
 .text.__sccl   0x08009bb0       0x70 c:/program files (x86)/gnu arm embedded toolchain/10 2020-q4-major/bin/../lib/gcc/arm-none-eabi/10.2.1/../../../../arm-none-eabi/lib/thumb/v7e-m+fp/hard\libc_nano.a(lib_a-sccl.o)
                0x08009bb0                __sccl
 .text._strtol_l.constprop.0
                0x08009c20      0x104 c:/program files (x86)/gnu arm embedded toolchain/10 2020-q4-major/bin/../lib/gcc/arm-none-eabi/10.2.1/../../../../arm-none-eabi/lib/thumb/v7e-m+fp/hard\libc_nano.a(lib_a-strtol.o)
 .text._strtol_r
                0x08009d24        0x4 c:/program files (x86)/gnu arm embedded toolchain/10 2020-q4-major/bin/../lib/gcc/arm-none-eabi/10.2.1/../../../../arm-none-eabi/lib/thumb/v7e-m+fp/hard\libc_nano.a(lib_a-strtol.o)
                0x08009d24                _strtol_r
 .text._strtoul_l.constprop.0
                0x08009d28       0xe4 c:/program files (x86)/gnu arm embedded toolchain/10 2020-q4-major/bin/../lib/gcc/arm-none-eabi/10.2.1/../../../../arm-none-eabi/lib/thumb/v7e-m+fp/hard\libc_nano.a(lib_a-strtoul.o)
 .text._strtoul_r
                0x08009e0c        0x4 c:/program files (x86)/gnu arm embedded toolchain/10 2020-q4-major/bin/../lib/gcc/arm-none-eabi/10.2.1/../../../../arm-none-eabi/lib/thumb/v7e-m+fp/hard\libc_nano.a(lib_a-strtoul.o)
                0x08009e0c                _strtoul_r
 .text.__submore
                0x08009e10       0x74 c:/program files (x86)/gnu arm embedded toolchain/10 2020-q4-major/bin/../lib/gcc/arm-none-eabi/10.2.1/../../../../arm-none-eabi/lib/thumb/v7e-m+fp/hard\libc_nano.a(lib_a-ungetc.o)
                0x08009e10                __submore
 .text.abort    0x08009e84        0xe c:/program files (x86)/gnu arm embedded toolchain/10 2020-q4-major/bin/../lib/gcc/arm-none-eabi/10.2.1/../../../../arm-none-eabi/lib/thumb/v7e-m+fp/hard\libc_nano.a(lib_a-abort.o)
                0x08009e84                abort
 *fill*         0x08009e92        0x2 
 .text.__errno  0x08009e94        0xc c:/program files (x86)/gnu arm embedded toolchain/10 2020-q4-major/bin/../lib/gcc/arm-none-eabi/10.2.1/../../../../arm-none-eabi/lib/thumb/v7e-m+fp/hard\libc_nano.a(lib_a-errno.o)
                0x08009e94                __errno
 .text._fstat_r
                0x08009ea0       0x24 c:/program files (x86)/gnu arm embedded toolchain/10 2020-q4-major/bin/../lib/gcc/arm-none-eabi/10.2.1/../../../../arm-none-eabi/lib/thumb/v7e-m+fp/hard\libc_nano.a(lib_a-fstatr.o)
                0x08009ea0                _fstat_r
 .text._isatty_r
                0x08009ec4       0x20 c:/program files (x86)/gnu arm embedded toolchain/10 2020-q4-major/bin/../lib/gcc/arm-none-eabi/10.2.1/../../../../arm-none-eabi/lib/thumb/v7e-m+fp/hard\libc_nano.a(lib_a-isattyr.o)
                0x08009ec4                _isatty_r
 .text.memmove  0x08009ee4       0x34 c:/program files (x86)/gnu arm embedded toolchain/10 2020-q4-major/bin/../lib/gcc/arm-none-eabi/10.2.1/../../../../arm-none-eabi/lib/thumb/v7e-m+fp/hard\libc_nano.a(lib_a-memmove.o)
                0x08009ee4                memmove
 .text._realloc_r
                0x08009f18       0x4c c:/program files (x86)/gnu arm embedded toolchain/10 2020-q4-major/bin/../lib/gcc/arm-none-eabi/10.2.1/../../../../arm-none-eabi/lib/thumb/v7e-m+fp/hard\libc_nano.a(lib_a-nano-reallocr.o)
                0x08009f18                _realloc_r
 .text._raise_r
                0x08009f64       0x50 c:/program files (x86)/gnu arm embedded toolchain/10 2020-q4-major/bin/../lib/gcc/arm-none-eabi/10.2.1/../../../../arm-none-eabi/lib/thumb/v7e-m+fp/hard\libc_nano.a(lib_a-signal.o)
                0x08009f64                _raise_r
 .text.raise    0x08009fb4       0x10 c:/program files (x86)/gnu arm embedded toolchain/10 2020-q4-major/bin/../lib/gcc/arm-none-eabi/10.2.1/../../../../arm-none-eabi/lib/thumb/v7e-m+fp/hard\libc_nano.a(lib_a-signal.o)
                0x08009fb4                raise
 .text._kill_r  0x08009fc4       0x24 c:/program files (x86)/gnu arm embedded toolchain/10 2020-q4-major/bin/../lib/gcc/arm-none-eabi/10.2.1/../../../../arm-none-eabi/lib/thumb/v7e-m+fp/hard\libc_nano.a(lib_a-signalr.o)
                0x08009fc4                _kill_r
 .text._getpid_r
                0x08009fe8        0x4 c:/program files (x86)/gnu arm embedded toolchain/10 2020-q4-major/bin/../lib/gcc/arm-none-eabi/10.2.1/../../../../arm-none-eabi/lib/thumb/v7e-m+fp/hard\libc_nano.a(lib_a-signalr.o)
                0x08009fe8                _getpid_r
 .text._malloc_usable_size_r
                0x08009fec       0x10 c:/program files (x86)/gnu arm embedded toolchain/10 2020-q4-major/bin/../lib/gcc/arm-none-eabi/10.2.1/../../../../arm-none-eabi/lib/thumb/v7e-m+fp/hard\libc_nano.a(lib_a-nano-msizer.o)
                0x08009fec                _malloc_usable_size_r
 .text._close   0x08009ffc       0x10 c:/program files (x86)/gnu arm embedded toolchain/10 2020-q4-major/bin/../lib/gcc/arm-none-eabi/10.2.1/../../../../arm-none-eabi/lib/thumb/v7e-m+fp/hard\libnosys.a(close.o)
                0x08009ffc                _close
 .text._fstat   0x0800a00c       0x10 c:/program files (x86)/gnu arm embedded toolchain/10 2020-q4-major/bin/../lib/gcc/arm-none-eabi/10.2.1/../../../../arm-none-eabi/lib/thumb/v7e-m+fp/hard\libnosys.a(fstat.o)
                0x0800a00c                _fstat
 .text._getpid  0x0800a01c       0x10 c:/program files (x86)/gnu arm embedded toolchain/10 2020-q4-major/bin/../lib/gcc/arm-none-eabi/10.2.1/../../../../arm-none-eabi/lib/thumb/v7e-m+fp/hard\libnosys.a(getpid.o)
                0x0800a01c                _getpid
 .text._isatty  0x0800a02c       0x10 c:/program files (x86)/gnu arm embedded toolchain/10 2020-q4-major/bin/../lib/gcc/arm-none-eabi/10.2.1/../../../../arm-none-eabi/lib/thumb/v7e-m+fp/hard\libnosys.a(isatty.o)
                0x0800a02c                _isatty
 .text._kill    0x0800a03c       0x10 c:/program files (x86)/gnu arm embedded toolchain/10 2020-q4-major/bin/../lib/gcc/arm-none-eabi/10.2.1/../../../../arm-none-eabi/lib/thumb/v7e-m+fp/hard\libnosys.a(kill.o)
                0x0800a03c                _kill
 .text._lseek   0x0800a04c       0x10 c:/program files (x86)/gnu arm embedded toolchain/10 2020-q4-major/bin/../lib/gcc/arm-none-eabi/10.2.1/../../../../arm-none-eabi/lib/thumb/v7e-m+fp/hard\libnosys.a(lseek.o)
                0x0800a04c                _lseek
 .text._read    0x0800a05c       0x10 c:/program files (x86)/gnu arm embedded toolchain/10 2020-q4-major/bin/../lib/gcc/arm-none-eabi/10.2.1/../../../../arm-none-eabi/lib/thumb/v7e-m+fp/hard\libnosys.a(read.o)
                0x0800a05c                _read
 .text._sbrk    0x0800a06c       0x1c c:/program files (x86)/gnu arm embedded toolchain/10 2020-q4-major/bin/../lib/gcc/arm-none-eabi/10.2.1/../../../../arm-none-eabi/lib/thumb/v7e-m+fp/hard\libnosys.a(sbrk.o)
                0x0800a06c                _sbrk
 .text._write   0x0800a088       0x10 c:/program files (x86)/gnu arm embedded toolchain/10 2020-q4-major/bin/../lib/gcc/arm-none-eabi/10.2.1/../../../../arm-none-eabi/lib/thumb/v7e-m+fp/hard\libnosys.a(write.o)
                0x0800a088                _write
 .text._exit    0x0800a098        0x4 c:/program files (x86)/gnu arm embedded toolchain/10 2020-q4-major/bin/../lib/gcc/arm-none-eabi/10.2.1/../../../../arm-none-eabi/lib/thumb/v7e-m+fp/hard\libnosys.a(_exit.o)
                0x0800a098                _exit
 *(.glue_7)
 .glue_7        0x0800a09c        0x0 linker stubs
 *(.glue_7t)
 .glue_7t       0x0800a09c        0x0 linker stubs
 *(.eh_frame)
 .eh_frame      0x0800a09c        0x0 c:/program files (x86)/gnu arm embedded toolchain/10 2020-q4-major/bin/../lib/gcc/arm-none-eabi/10.2.1/thumb/v7e-m+fp/hard/crtbegin.o
 *(.init)
 .init          0x0800a09c        0x4 c:/program files (x86)/gnu arm embedded toolchain/10 2020-q4-major/bin/../lib/gcc/arm-none-eabi/10.2.1/thumb/v7e-m+fp/hard/crti.o
                0x0800a09c                _init
 .init          0x0800a0a0        0x8 c:/program files (x86)/gnu arm embedded toolchain/10 2020-q4-major/bin/../lib/gcc/arm-none-eabi/10.2.1/thumb/v7e-m+fp/hard/crtn.o
 *(.fini)
 .fini          0x0800a0a8        0x4 c:/program files (x86)/gnu arm embedded toolchain/10 2020-q4-major/bin/../lib/gcc/arm-none-eabi/10.2.1/thumb/v7e-m+fp/hard/crti.o
                0x0800a0a8                _fini
 .fini          0x0800a0ac        0x8 c:/program files (x86)/gnu arm embedded toolchain/10 2020-q4-major/bin/../lib/gcc/arm-none-eabi/10.2.1/thumb/v7e-m+fp/hard/crtn.o
                0x0800a0b4                . = ALIGN (0x4)
                0x0800a0b4                _etext = .

.vfp11_veneer   0x0800a0b4        0x0
 .vfp11_veneer  0x0800a0b4        0x0 linker stubs

.v4_bx          0x0800a0b4        0x0
 .v4_bx         0x0800a0b4        0x0 linker stubs

.iplt           0x0800a0b4        0x0
 .iplt          0x0800a0b4        0x0 c:/program files (x86)/gnu arm embedded toolchain/10 2020-q4-major/bin/../lib/gcc/arm-none-eabi/10.2.1/thumb/v7e-m+fp/hard/crtbegin.o

.rodata         0x0800a0b4      0xf44
                0x0800a0b4                . = ALIGN (0x4)
 *(.rodata)
 .rodata        0x0800a0b4        0x6 csp_build/libcsp.a(csp_debug.c.2.o)
 .rodata        0x0800a0ba       0x20 csp_build/libcsp.a(csp_rtable.c.2.o)
 .rodata        0x0800a0da       0x18 csp_build/libcsp.a(csp_rtable_static.c.2.o)
 *fill*         0x0800a0f2        0x2 
 .rodata        0x0800a0f4        0xc c:/program files (x86)/gnu arm embedded toolchain/10 2020-q4-major/bin/../lib/gcc/arm-none-eabi/10.2.1/../../../../arm-none-eabi/lib/thumb/v7e-m+fp/hard\libc_nano.a(lib_a-nano-vfscanf_i.o)
 *(.rodata*)
 .rodata.main.str1.4
                0x0800a100       0x5f build/main.o
 *fill*         0x0800a15f        0x1 
 .rodata.str1.4
                0x0800a160       0x20 build/main.o
 .rodata.cspReceive_attributes
                0x0800a180       0x24 build/main.o
                0x0800a180                cspReceive_attributes
 .rodata.cspSend_attributes
                0x0800a1a4       0x24 build/main.o
                0x0800a1a4                cspSend_attributes
 .rodata.defaultTask_attributes
                0x0800a1c8       0x24 build/main.o
                0x0800a1c8                defaultTask_attributes
 .rodata.AHBPrescTable
                0x0800a1ec       0x10 build/system_stm32f7xx.o
                0x0800a1ec                AHBPrescTable
 .rodata.APBPrescTable
                0x0800a1fc        0x8 build/system_stm32f7xx.o
                0x0800a1fc                APBPrescTable
 .rodata.vTaskStartScheduler.str1.4
                0x0800a204        0x5 build/tasks.o
 *fill*         0x0800a209        0x3 
 .rodata.vTaskList.str1.4
                0x0800a20c        0xf build/tasks.o
 *fill*         0x0800a21b        0x1 
 .rodata.prvCheckForValidListAndQueue.str1.4
                0x0800a21c        0x5 build/timers.o
 *fill*         0x0800a221        0x3 
 .rodata.xTimerCreateTimerTask.str1.4
                0x0800a224        0x8 build/timers.o
 .rodata.csp_can_stm32_open_and_add_interface.str1.4
                0x0800a22c        0x4 build/can_stm32.o
 .rodata.str1.1
                0x0800a230      0x109 csp_build/libcsp.a(csp_buffer.c.2.o)
 .rodata.str1.1
                0x0800a339      0x2b3 csp_build/libcsp.a(csp_conn.c.2.o)
 .rodata.str1.1
                0x0800a5ec        0x2 csp_build/libcsp.a(csp_debug.c.2.o)
 .rodata.str1.1
                0x0800a5ee       0x9f csp_build/libcsp.a(csp_iflist.c.2.o)
 .rodata.str1.1
                0x0800a68d      0x491 csp_build/libcsp.a(csp_io.c.2.o)
 .rodata.str1.1
                0x0800ab1e       0xa0 csp_build/libcsp.a(csp_port.c.2.o)
 .rodata.str1.1
                0x0800abbe       0x85 csp_build/libcsp.a(csp_qfifo.c.2.o)
 .rodata.str1.1
                0x0800ac43        0x5 csp_build/libcsp.a(csp_if_lo.c.2.o)
 .rodata.str1.1
                0x0800ac48       0xc2 csp_build/libcsp.a(csp_rtable.c.2.o)
                                 0xdf (size before relaxing)
 .rodata.str1.1
                0x0800ad0a       0x4b csp_build/libcsp.a(csp_rtable_static.c.2.o)
 .rodata.str1.1
                0x0800ad55       0x12 csp_build/libcsp.a(csp_semaphore.c.2.o)
 .rodata.str1.1
                0x0800ad67        0x9 csp_build/libcsp.a(csp_system.c.2.o)
 .rodata._global_impure_ptr
                0x0800ad70        0x4 c:/program files (x86)/gnu arm embedded toolchain/10 2020-q4-major/bin/../lib/gcc/arm-none-eabi/10.2.1/../../../../arm-none-eabi/lib/thumb/v7e-m+fp/hard\libc_nano.a(lib_a-impure.o)
                0x0800ad70                _global_impure_ptr
 .rodata.srand.str1.1
                0x0800ad74       0x94 c:/program files (x86)/gnu arm embedded toolchain/10 2020-q4-major/bin/../lib/gcc/arm-none-eabi/10.2.1/../../../../arm-none-eabi/lib/thumb/v7e-m+fp/hard\libc_nano.a(lib_a-rand.o)
 .rodata.__assert_func.str1.1
                0x0800ae08       0x3c c:/program files (x86)/gnu arm embedded toolchain/10 2020-q4-major/bin/../lib/gcc/arm-none-eabi/10.2.1/../../../../arm-none-eabi/lib/thumb/v7e-m+fp/hard\libc_nano.a(lib_a-assert.o)
                                 0x3d (size before relaxing)
 .rodata._ctype_
                0x0800ae44      0x101 c:/program files (x86)/gnu arm embedded toolchain/10 2020-q4-major/bin/../lib/gcc/arm-none-eabi/10.2.1/../../../../arm-none-eabi/lib/thumb/v7e-m+fp/hard\libc_nano.a(lib_a-ctype_.o)
                0x0800ae44                _ctype_
 *fill*         0x0800af45        0x3 
 .rodata.__sf_fake_stderr
                0x0800af48       0x20 c:/program files (x86)/gnu arm embedded toolchain/10 2020-q4-major/bin/../lib/gcc/arm-none-eabi/10.2.1/../../../../arm-none-eabi/lib/thumb/v7e-m+fp/hard\libc_nano.a(lib_a-findfp.o)
                0x0800af48                __sf_fake_stderr
 .rodata.__sf_fake_stdin
                0x0800af68       0x20 c:/program files (x86)/gnu arm embedded toolchain/10 2020-q4-major/bin/../lib/gcc/arm-none-eabi/10.2.1/../../../../arm-none-eabi/lib/thumb/v7e-m+fp/hard\libc_nano.a(lib_a-findfp.o)
                0x0800af68                __sf_fake_stdin
 .rodata.__sf_fake_stdout
                0x0800af88       0x20 c:/program files (x86)/gnu arm embedded toolchain/10 2020-q4-major/bin/../lib/gcc/arm-none-eabi/10.2.1/../../../../arm-none-eabi/lib/thumb/v7e-m+fp/hard\libc_nano.a(lib_a-findfp.o)
                0x0800af88                __sf_fake_stdout
 .rodata._svfprintf_r.str1.1
                0x0800afa8       0x11 c:/program files (x86)/gnu arm embedded toolchain/10 2020-q4-major/bin/../lib/gcc/arm-none-eabi/10.2.1/../../../../arm-none-eabi/lib/thumb/v7e-m+fp/hard\libc_nano.a(lib_a-nano-svfprintf.o)
 .rodata.__ssvfscanf_r.str1.1
                0x0800afb9        0x4 c:/program files (x86)/gnu arm embedded toolchain/10 2020-q4-major/bin/../lib/gcc/arm-none-eabi/10.2.1/../../../../arm-none-eabi/lib/thumb/v7e-m+fp/hard\libc_nano.a(lib_a-nano-svfscanf.o)
 .rodata._vfprintf_r.str1.1
                0x0800afb9       0x11 c:/program files (x86)/gnu arm embedded toolchain/10 2020-q4-major/bin/../lib/gcc/arm-none-eabi/10.2.1/../../../../arm-none-eabi/lib/thumb/v7e-m+fp/hard\libc_nano.a(lib_a-nano-vfprintf.o)
 .rodata._printf_i.str1.1
                0x0800afb9       0x22 c:/program files (x86)/gnu arm embedded toolchain/10 2020-q4-major/bin/../lib/gcc/arm-none-eabi/10.2.1/../../../../arm-none-eabi/lib/thumb/v7e-m+fp/hard\libc_nano.a(lib_a-nano-vfprintf_i.o)
 .rodata.str1.1
                0x0800afdb        0x9 c:/program files (x86)/gnu arm embedded toolchain/10 2020-q4-major/bin/../lib/gcc/arm-none-eabi/10.2.1/../../../../arm-none-eabi/lib/thumb/v7e-m+fp/hard\libc_nano.a(lib_a-nano-vfscanf_i.o)
 .rodata._scanf_i.str1.1
                0x0800afe4       0x12 c:/program files (x86)/gnu arm embedded toolchain/10 2020-q4-major/bin/../lib/gcc/arm-none-eabi/10.2.1/../../../../arm-none-eabi/lib/thumb/v7e-m+fp/hard\libc_nano.a(lib_a-nano-vfscanf_i.o)
                0x0800aff8                . = ALIGN (0x4)
 *fill*         0x0800aff6        0x2 

.ARM.extab      0x0800aff8        0x0
                0x0800aff8                . = ALIGN (0x4)
 *(.ARM.extab* .gnu.linkonce.armextab.*)
                0x0800aff8                . = ALIGN (0x4)

.ARM            0x0800aff8        0x8
                0x0800aff8                . = ALIGN (0x4)
                0x0800aff8                __exidx_start = .
 *(.ARM.exidx*)
 .ARM.exidx     0x0800aff8        0x8 c:/program files (x86)/gnu arm embedded toolchain/10 2020-q4-major/bin/../lib/gcc/arm-none-eabi/10.2.1/thumb/v7e-m+fp/hard\libgcc.a(_udivmoddi4.o)
                0x0800b000                __exidx_end = .
                0x0800b000                . = ALIGN (0x4)

.rel.dyn        0x0800b000        0x0
 .rel.iplt      0x0800b000        0x0 c:/program files (x86)/gnu arm embedded toolchain/10 2020-q4-major/bin/../lib/gcc/arm-none-eabi/10.2.1/thumb/v7e-m+fp/hard/crtbegin.o

.preinit_array  0x0800b000        0x0
                0x0800b000                . = ALIGN (0x4)
                0x0800b000                PROVIDE (__preinit_array_start = .)
 *(.preinit_array*)
                0x0800b000                PROVIDE (__preinit_array_end = .)
                0x0800b000                . = ALIGN (0x4)

.init_array     0x0800b000        0x4
                0x0800b000                . = ALIGN (0x4)
                0x0800b000                PROVIDE (__init_array_start = .)
 *(SORT_BY_NAME(.init_array.*))
 *(.init_array*)
 .init_array    0x0800b000        0x4 c:/program files (x86)/gnu arm embedded toolchain/10 2020-q4-major/bin/../lib/gcc/arm-none-eabi/10.2.1/thumb/v7e-m+fp/hard/crtbegin.o
                0x0800b004                PROVIDE (__init_array_end = .)
                0x0800b004                . = ALIGN (0x4)

.fini_array     0x0800b004        0x4
                0x0800b004                . = ALIGN (0x4)
                [!provide]                PROVIDE (__fini_array_start = .)
 *(SORT_BY_NAME(.fini_array.*))
 *(.fini_array*)
 .fini_array    0x0800b004        0x4 c:/program files (x86)/gnu arm embedded toolchain/10 2020-q4-major/bin/../lib/gcc/arm-none-eabi/10.2.1/thumb/v7e-m+fp/hard/crtbegin.o
                [!provide]                PROVIDE (__fini_array_end = .)
                0x0800b008                . = ALIGN (0x4)
                0x0800b008                _sidata = LOADADDR (.data)

.data           0x20000000       0xbc load address 0x0800b008
                0x20000000                . = ALIGN (0x4)
                0x20000000                _sdata = .
 *(.data)
 .data          0x20000000        0x7 csp_build/libcsp.a(csp_debug.c.2.o)
                0x20000000                csp_debug_level_enabled
 *fill*         0x20000007        0x1 
 .data          0x20000008       0x40 csp_build/libcsp.a(csp_if_lo.c.2.o)
                0x20000008                csp_if_lo
 *(.data*)
 .data.server_address
                0x20000048        0x1 build/main.o
 .data.uwTickFreq
                0x20000049        0x1 build/stm32f7xx_hal.o
                0x20000049                uwTickFreq
 *fill*         0x2000004a        0x2 
 .data.uwTickPrio
                0x2000004c        0x4 build/stm32f7xx_hal.o
                0x2000004c                uwTickPrio
 .data.SystemCoreClock
                0x20000050        0x4 build/system_stm32f7xx.o
                0x20000050                SystemCoreClock
 .data.uxCriticalNesting
                0x20000054        0x4 build/port.o
 .data._impure_ptr
                0x20000058        0x4 c:/program files (x86)/gnu arm embedded toolchain/10 2020-q4-major/bin/../lib/gcc/arm-none-eabi/10.2.1/../../../../arm-none-eabi/lib/thumb/v7e-m+fp/hard\libc_nano.a(lib_a-impure.o)
                0x20000058                _impure_ptr
 .data.impure_data
                0x2000005c       0x60 c:/program files (x86)/gnu arm embedded toolchain/10 2020-q4-major/bin/../lib/gcc/arm-none-eabi/10.2.1/../../../../arm-none-eabi/lib/thumb/v7e-m+fp/hard\libc_nano.a(lib_a-impure.o)
 *(.RamFunc)
 *(.RamFunc*)
                0x200000bc                . = ALIGN (0x4)
                0x200000bc                _edata = .

.igot.plt       0x200000bc        0x0 load address 0x0800b0c4
 .igot.plt      0x200000bc        0x0 c:/program files (x86)/gnu arm embedded toolchain/10 2020-q4-major/bin/../lib/gcc/arm-none-eabi/10.2.1/thumb/v7e-m+fp/hard/crtbegin.o

.RxDecripSection
                0x200000bc       0xa0 load address 0x0800b0c4
 .RxDecripSection
                0x200000bc       0xa0 build/main.o
                0x200000bc                DMARxDscrTab

.TxDecripSection
                0x2000015c       0xa0 load address 0x0800b164
 .TxDecripSection
                0x2000015c       0xa0 build/main.o
                0x2000015c                DMATxDscrTab
                0x200001fc                . = ALIGN (0x4)

.bss            0x20000200     0x5a5c load address 0x0800b204
                0x20000200                _sbss = .
                0x20000200                __bss_start__ = _sbss
 *(.bss)
 .bss           0x20000200       0x1c c:/program files (x86)/gnu arm embedded toolchain/10 2020-q4-major/bin/../lib/gcc/arm-none-eabi/10.2.1/thumb/v7e-m+fp/hard/crtbegin.o
 .bss           0x2000021c        0x8 csp_build/libcsp.a(csp_buffer.c.2.o)
 .bss           0x20000224       0x11 csp_build/libcsp.a(csp_conn.c.2.o)
 *fill*         0x20000235        0x3 
 .bss           0x20000238        0x4 csp_build/libcsp.a(csp_debug.c.2.o)
                0x20000238                csp_debug_hook_func
 .bss           0x2000023c        0x4 csp_build/libcsp.a(csp_iflist.c.2.o)
 .bss           0x20000240       0x20 csp_build/libcsp.a(csp_init.c.2.o)
                0x20000240                csp_conf
 .bss           0x20000260        0x4 csp_build/libcsp.a(csp_port.c.2.o)
 .bss           0x20000264        0x4 csp_build/libcsp.a(csp_qfifo.c.2.o)
 .bss           0x20000268      0x108 csp_build/libcsp.a(csp_rtable_static.c.2.o)
 .bss           0x20000370        0x4 csp_build/libcsp.a(csp_time.c.2.o)
 *(.bss*)
 .bss.MACAddr.0
                0x20000374        0x6 build/main.o
 *fill*         0x2000037a        0x2 
 .bss.TxConfig  0x2000037c       0x38 build/main.o
                0x2000037c                TxConfig
 .bss.canfil    0x200003b4       0x28 build/main.o
                0x200003b4                canfil
 .bss.cspReceiveHandle
                0x200003dc        0x4 build/main.o
                0x200003dc                cspReceiveHandle
 .bss.cspSendHandle
                0x200003e0        0x4 build/main.o
                0x200003e0                cspSendHandle
 .bss.defaultTaskHandle
                0x200003e4        0x4 build/main.o
                0x200003e4                defaultTaskHandle
 .bss.hcan1     0x200003e8       0x28 build/main.o
                0x200003e8                hcan1
 .bss.heth      0x20000410       0xb0 build/main.o
                0x20000410                heth
 .bss.hpcd_USB_OTG_FS
                0x200004c0      0x508 build/main.o
                0x200004c0                hpcd_USB_OTG_FS
 .bss.huart3    0x200009c8       0x88 build/main.o
                0x200009c8                huart3
 .bss.htim6     0x20000a50       0x4c build/stm32f7xx_hal_timebase_tim.o
                0x20000a50                htim6
 .bss.uwTick    0x20000a9c        0x4 build/stm32f7xx_hal.o
                0x20000a9c                uwTick
 .bss.xQueueRegistry
                0x20000aa0       0x40 build/queue.o
                0x20000aa0                xQueueRegistry
 .bss.pxCurrentTCB
                0x20000ae0        0x4 build/tasks.o
                0x20000ae0                pxCurrentTCB
 .bss.pxDelayedTaskList
                0x20000ae4        0x4 build/tasks.o
 .bss.pxOverflowDelayedTaskList
                0x20000ae8        0x4 build/tasks.o
 .bss.pxReadyTasksLists
                0x20000aec      0x460 build/tasks.o
 .bss.uxCurrentNumberOfTasks
                0x20000f4c        0x4 build/tasks.o
 .bss.uxDeletedTasksWaitingCleanUp
                0x20000f50        0x4 build/tasks.o
 .bss.uxPendedTicks
                0x20000f54        0x4 build/tasks.o
 .bss.uxSchedulerSuspended
                0x20000f58        0x4 build/tasks.o
 .bss.uxTaskNumber
                0x20000f5c        0x4 build/tasks.o
 .bss.uxTopReadyPriority
                0x20000f60        0x4 build/tasks.o
 .bss.xDelayedTaskList1